lcd.c:38:6:LCD_WR_REG	16	static
lcd.c:45:6:LCD_WR_DATA	16	static
lcd.c:52:5:LCD_RD_DATA	16	static
lcd.c:61:6:LCD_WriteReg	16	static
lcd.c:69:5:LCD_ReadReg	16	static
lcd.c:76:6:LCD_WriteRAM_Prepare	4	static
lcd.c:82:6:LCD_WriteRAM	16	static
lcd.c:90:5:LCD_BGR2RGB	24	static
lcd.c:101:6:opt_delay	16	static
lcd.c:108:5:LCD_ReadPoint	24	static
lcd.c:127:6:LCD_DisplayOn	8	static
lcd.c:133:6:LCD_DisplayOff	8	static
lcd.c:141:6:LCD_SetCursor	16	static
lcd.c:180:6:LCD_Scan_Dir	24	static
lcd.c:276:6:LCD_DrawPoint	16	static
lcd.c:285:6:LCD_Fast_DrawPoint	16	static
lcd.c:314:6:LCD_SSD_BackLightSet	24	static
lcd.c:327:6:LCD_Display_Dir	16	static
lcd.c:395:6:LCD_Set_Window	32	static
lcd.c:445:6:LCD_Init	8	static
lcd.c:1807:6:LCD_Clear	24	static
lcd.c:1822:6:LCD_Fill	32	static
lcd.c:1837:6:LCD_Color_Fill	32	static
lcd.c:1853:6:LCD_DrawLine	64	static
lcd.c:1888:6:LCD_DrawRectangle	24	static
lcd.c:1898:6:LCD_Draw_Circle	32	static
lcd.c:1929:6:LCD_ShowChar	32	static
lcd.c:1961:5:LCD_Pow	24	static
lcd.c:1973:6:LCD_ShowNum	48	static
lcd.c:2001:6:LCD_ShowxNum	48	static
lcd.c:2026:6:LCD_ShowString	40	static
