stm32f1xx_hal_msp.c:66:6:HAL_MspInit	24	static
stm32f1xx_hal_msp.c:94:6:HAL_ADC_MspInit	40	static
stm32f1xx_hal_msp.c:126:6:HAL_ADC_MspDeInit	16	static
stm32f1xx_hal_msp.c:154:6:HAL_TIM_Base_MspInit	24	static
stm32f1xx_hal_msp.c:170:6:HAL_TIM_MspPostInit	40	static
stm32f1xx_hal_msp.c:200:6:HAL_TIM_Base_MspDeInit	16	static
stm32f1xx_hal_msp.c:218:13:HAL_FSMC_MspInit	32	static
stm32f1xx_hal_msp.c:277:6:HAL_SRAM_MspInit	16	static
stm32f1xx_hal_msp.c:289:13:HAL_FSMC_MspDeInit	8	static
stm32f1xx_hal_msp.c:337:6:HAL_SRAM_MspDeInit	16	static
