hmi_driver.c:72:6:DelayMS	24	static
hmi_driver.c:79:6:SendStrings	16	static
hmi_driver.c:88:6:SendNU8	24	static
hmi_driver.c:97:6:SendNU16	24	static
hmi_driver.c:106:6:SetHandShake	8	static
hmi_driver.c:113:6:SetFcolor	16	static
hmi_driver.c:121:6:SetBcolor	16	static
hmi_driver.c:129:6:ColorPicker	16	static
hmi_driver.c:139:6:GUI_CleanScreen	8	static
hmi_driver.c:146:6:SetTextSpace	16	static
hmi_driver.c:155:6:SetFont_Region	16	static
hmi_driver.c:165:6:SetFilterColor	16	static
hmi_driver.c:174:6:DisText	24	static
hmi_driver.c:186:6:DisCursor	24	static
hmi_driver.c:198:6:DisFull_Image	16	static
hmi_driver.c:207:6:DisArea_Image	24	static
hmi_driver.c:218:6:DisCut_Image	24	static
hmi_driver.c:233:6:DisFlashImage	24	static
hmi_driver.c:245:6:GUI_Dot	16	static
hmi_driver.c:254:6:GUI_Line	24	static
hmi_driver.c:265:6:GUI_ConDots	16	static
hmi_driver.c:274:6:GUI_ConSpaceDots	24	static
hmi_driver.c:284:6:GUI_FcolorConOffsetDots	24	static
hmi_driver.c:294:6:GUI_BcolorConOffsetDots	24	static
hmi_driver.c:304:6:SetPowerSaving	24	static
hmi_driver.c:315:6:GUI_FcolorConDots	16	static
hmi_driver.c:323:6:GUI_BcolorConDots	16	static
hmi_driver.c:331:6:GUI_Circle	16	static
hmi_driver.c:341:6:GUI_CircleFill	16	static
hmi_driver.c:351:6:GUI_Arc	24	static
hmi_driver.c:363:6:GUI_Rectangle	24	static
hmi_driver.c:374:6:GUI_RectangleFill	24	static
hmi_driver.c:385:6:GUI_Ellipse	24	static
hmi_driver.c:396:6:GUI_EllipseFill	24	static
hmi_driver.c:407:6:SetBackLight	16	static
hmi_driver.c:415:6:SetBuzzer	16	static
hmi_driver.c:423:6:GUI_AreaInycolor	24	static
hmi_driver.c:434:6:SetTouchPaneOption	32	static
hmi_driver.c:453:6:CalibrateTouchPane	8	static
hmi_driver.c:460:6:TestTouchPane	8	static
hmi_driver.c:467:6:LockDeviceConfig	8	static
hmi_driver.c:478:6:UnlockDeviceConfig	8	static
hmi_driver.c:489:6:SetCommBps	16	static
hmi_driver.c:497:6:WriteLayer	16	static
hmi_driver.c:505:6:DisplyLayer	16	static
hmi_driver.c:513:6:CopyLayer	16	static
hmi_driver.c:522:6:ClearLayer	16	static
hmi_driver.c:530:6:GUI_DispRTC	24	static
hmi_driver.c:543:6:WriteUserFlash	24	static
hmi_driver.c:552:6:ReadUserFlash	16	static
hmi_driver.c:561:6:GetScreen	8	static
hmi_driver.c:569:6:SetScreen	16	static
hmi_driver.c:578:6:SetScreenUpdateEnable	16	static
hmi_driver.c:586:6:SetControlFocus	16	static
hmi_driver.c:598:6:SetControlVisiable	16	static
hmi_driver.c:609:6:SetControlEnable	16	static
hmi_driver.c:620:6:SetButtonValue	16	static
hmi_driver.c:631:6:SetTextValue	16	static
hmi_driver.c:642:6:SetProgressValue	16	static
hmi_driver.c:653:6:SetMeterValue	16	static
hmi_driver.c:664:6:SetSliderValue	16	static
hmi_driver.c:675:6:SetSelectorValue	16	static
hmi_driver.c:686:6:GetControlValue	16	static
hmi_driver.c:696:6:AnimationStart	16	static
hmi_driver.c:706:6:AnimationStop	16	static
hmi_driver.c:716:6:AnimationPause	16	static
hmi_driver.c:726:6:AnimationPlayFrame	16	static
hmi_driver.c:737:6:AnimationPlayPrev	16	static
hmi_driver.c:747:6:AnimationPlayNext	16	static
hmi_driver.c:757:6:GraphChannelAdd	24	static
hmi_driver.c:769:6:GraphChannelDel	16	static
hmi_driver.c:780:6:GraphChannelDataAdd	24	static
hmi_driver.c:794:6:GraphChannelDataClear	16	static
hmi_driver.c:805:6:GraphSetViewport	24	static
hmi_driver.c:819:6:BatchBegin	16	static
hmi_driver.c:827:6:BatchSetButtonValue	16	static
hmi_driver.c:834:6:BatchSetProgressValue	16	static
hmi_driver.c:841:6:BatchSetSliderValue	16	static
hmi_driver.c:848:6:BatchSetMeterValue	16	static
hmi_driver.c:855:8:GetStringLen	24	static
hmi_driver.c:866:6:BatchSetText	16	static
hmi_driver.c:873:6:BatchSetFrame	16	static
hmi_driver.c:880:6:BatchEnd	8	static
hmi_driver.c:885:6:SeTimer	16	static
hmi_driver.c:896:6:StartTimer	16	static
hmi_driver.c:906:6:StopTimer	16	static
hmi_driver.c:916:6:PauseTimer	16	static
hmi_driver.c:926:6:SetControlBackColor	16	static
hmi_driver.c:937:6:SetControlForeColor	16	static
hmi_driver.c:948:6:ShowPopupMenu	24	static
hmi_driver.c:960:6:ShowKeyboard	24	static
