stm32f4xx_it.c:136:6:NMI_Handler	4	static
stm32f4xx_it.c:151:6:HardFault_Handler	4	static
stm32f4xx_it.c:166:6:MemManage_Handler	4	static
stm32f4xx_it.c:181:6:BusFault_Handler	4	static
stm32f4xx_it.c:196:6:UsageFault_Handler	4	static
stm32f4xx_it.c:211:6:SVC_Handler	4	static
stm32f4xx_it.c:224:6:DebugMon_Handler	4	static
stm32f4xx_it.c:237:6:PendSV_Handler	4	static
stm32f4xx_it.c:250:6:SysTick_Handler	8	static
stm32f4xx_it.c:271:6:EXTI0_IRQHandler	16	static
stm32f4xx_it.c:358:6:EXTI1_IRQHandler	16	static
stm32f4xx_it.c:459:6:EXTI4_IRQHandler	16	static
stm32f4xx_it.c:522:6:DMA1_Stream2_IRQHandler	8	static
stm32f4xx_it.c:536:6:DMA1_Stream5_IRQHandler	8	static
stm32f4xx_it.c:550:6:DMA1_Stream6_IRQHandler	8	static
stm32f4xx_it.c:564:6:ADC_IRQHandler	8	static
stm32f4xx_it.c:579:6:EXTI9_5_IRQHandler	16	static
stm32f4xx_it.c:642:6:TIM2_IRQHandler	40	static
stm32f4xx_it.c:779:6:TIM3_IRQHandler	8	static
stm32f4xx_it.c:793:6:USART2_IRQHandler	8	static
