stm32f4xx_it.c:137:6:NMI_Handler	4	static
stm32f4xx_it.c:152:6:HardFault_Handler	4	static
stm32f4xx_it.c:167:6:MemManage_Handler	4	static
stm32f4xx_it.c:182:6:BusFault_Handler	4	static
stm32f4xx_it.c:197:6:UsageFault_Handler	4	static
stm32f4xx_it.c:212:6:SVC_Handler	4	static
stm32f4xx_it.c:225:6:DebugMon_Handler	4	static
stm32f4xx_it.c:238:6:PendSV_Handler	4	static
stm32f4xx_it.c:251:6:SysTick_Handler	8	static
stm32f4xx_it.c:272:6:EXTI0_IRQHandler	16	static
stm32f4xx_it.c:359:6:EXTI1_IRQHandler	16	static
stm32f4xx_it.c:460:6:EXTI4_IRQHandler	16	static
stm32f4xx_it.c:523:6:DMA1_Stream2_IRQHandler	8	static
stm32f4xx_it.c:537:6:ADC_IRQHandler	8	static
stm32f4xx_it.c:552:6:EXTI9_5_IRQHandler	16	static
stm32f4xx_it.c:615:6:TIM2_IRQHandler	40	static
stm32f4xx_it.c:752:6:TIM3_IRQHandler	8	static
stm32f4xx_it.c:766:6:USART3_IRQHandler	8	static
