stm32f4xx_hal_msp.c:71:6:HAL_MspInit	16	static
stm32f4xx_hal_msp.c:93:6:HAL_ADC_MspInit	64	static
stm32f4xx_hal_msp.c:225:6:HAL_ADC_MspDeInit	16	static
stm32f4xx_hal_msp.c:293:6:HAL_TIM_PWM_MspInit	24	static
stm32f4xx_hal_msp.c:309:6:HAL_TIM_MspPostInit	40	static
stm32f4xx_hal_msp.c:341:6:HAL_TIM_PWM_MspDeInit	16	static
stm32f4xx_hal_msp.c:359:13:HAL_FSMC_MspInit	32	static
stm32f4xx_hal_msp.c:431:6:HAL_SRAM_MspInit	16	static
stm32f4xx_hal_msp.c:443:13:HAL_FSMC_MspDeInit	8	static
stm32f4xx_hal_msp.c:493:6:HAL_SRAM_MspDeInit	16	static
