stm32f4xx_it.c:117:6:NMI_Handler	8	static
stm32f4xx_it.c:133:6:HardFault_Handler	4	static
stm32f4xx_it.c:148:6:MemManage_Handler	4	static
stm32f4xx_it.c:163:6:BusFault_Handler	4	static
stm32f4xx_it.c:178:6:UsageFault_Handler	4	static
stm32f4xx_it.c:193:6:SVC_Handler	4	static
stm32f4xx_it.c:206:6:DebugMon_Handler	4	static
stm32f4xx_it.c:219:6:PendSV_Handler	4	static
stm32f4xx_it.c:232:6:SysTick_Handler	8	static
stm32f4xx_it.c:253:6:DMA1_Stream6_IRQHandler	8	static
stm32f4xx_it.c:268:6:TIM3_IRQHandler	8	static
stm32f4xx_it.c:333:6:USART1_IRQHandler	8	static
