<html>
<body>
<pre>
<h1>礦ision Build Log</h1>
<h2>Tool Versions:</h2>
IDE-Version: μVision V5.34.0.0
Copyright (C) 2021 ARM Ltd and ARM Germany GmbH. All rights reserved.
License Information: 12 12, 12, LIC=UJWP0-BNYYS-RADDM-X1R2D-MI3FI-7X550
 
Tool Versions:
Toolchain:       MDK-ARM Plus  Version: 5.34.0.0
Toolchain Path:  D:\APP\Arm\Keil_v5\ARM\ARMCC\Bin
C Compiler:      Armcc.exe V5.06 update 7 (build 960)
Assembler:       Armasm.exe V5.06 update 7 (build 960)
Linker/Locator:  ArmLink.exe V5.06 update 7 (build 960)
Library Manager: ArmAr.exe V5.06 update 7 (build 960)
Hex Converter:   FromElf.exe V5.06 update 7 (build 960)
CPU DLL:         SARMCM3.DLL V5.34.0.0
Dialog DLL:      DARMSTM.DLL V1.68.0.0
Target DLL:      Segger\JL2CM3.dll V2.99.38.0
Dialog DLL:      TARMSTM.DLL V1.66.0.0
 
<h2>Project:</h2>
C:\Users\Quar-Tzer-top\Downloads\ADS8688用户资料V1.0\ADS8688程序\ADS8688 手动采集程序V1.0\USER\TIMER.uvprojx
Project File Date:  07/03/2021

<h2>Output:</h2>
*** Using Compiler 'V5.06 update 7 (build 960)', folder: 'D:\APP\Arm\Keil_v5\ARM\ARMCC\Bin'
Rebuild target 'Target 1'
compiling led.c...
compiling wdg.c...
compiling stm32f10x_it.c...
compiling key.c...
compiling system_stm32f10x.c...
compiling lcd.c...
compiling main.c...
assembling startup_stm32f10x_md.s...
compiling core_cm3.c...
compiling ads8688.c...
compiling sys.c...
compiling delay.c...
compiling usart.c...
compiling misc.c...
compiling stm32f10x_adc.c...
compiling stm32f10x_cec.c...
compiling stm32f10x_bkp.c...
compiling stm32f10x_crc.c...
compiling stm32f10x_dac.c...
compiling stm32f10x_can.c...
compiling stm32f10x_dbgmcu.c...
compiling stm32f10x_dma.c...
compiling stm32f10x_exti.c...
compiling stm32f10x_iwdg.c...
compiling stm32f10x_gpio.c...
compiling stm32f10x_i2c.c...
compiling stm32f10x_fsmc.c...
compiling stm32f10x_flash.c...
compiling stm32f10x_pwr.c...
compiling stm32f10x_rtc.c...
compiling stm32f10x_sdio.c...
compiling stm32f10x_spi.c...
compiling stm32f10x_rcc.c...
compiling stm32f10x_usart.c...
compiling stm32f10x_tim.c...
compiling Queue.c...
..\SYSTEM\Public\stdint.h(12): warning:  #47-D: incompatible redefinition of macro "__ARMCLIB_VERSION"  (declared at line 22 of "D:\APP\Arm\Keil_v5\ARM\ARMCC\Bin\..\include\string.h")
  #define __ARMCLIB_VERSION 5030076
..\SYSTEM\Public\Queue.c: 1 warning, 0 errors
compiling stm32f10x_wwdg.c...
compiling usb_desc.c...
compiling usb_istr.c...
compiling usb_endp.c...
compiling hw_config.c...
compiling usb_it.c...
compiling usb_prop.c...
compiling usb_pwr.c...
compiling usb_init.c...
compiling usb_mem.c...
compiling usb_int.c...
compiling usb_core.c...
compiling usb_regs.c...
compiling usb_sil.c...
linking...
Program Size: Code=26640 RO-data=3096 RW-data=2724 ZI-data=5452  
FromELF: creating hex file...
"..\OBJ\TIMER.axf" - 0 Error(s), 1 Warning(s).

<h2>Software Packages used:</h2>

Package Vendor: Keil
                http://www.keil.com/pack/Keil.STM32F1xx_DFP.2.3.0.pack
                Keil.STM32F1xx_DFP.2.3.0
                STMicroelectronics STM32F1 Series Device Support, Drivers and Examples

<h2>Collection of Component include folders:</h2>
  D:\APP\Arm\Packs\Keil\STM32F1xx_DFP\2.3.0\Device\Include

<h2>Collection of Component Files used:</h2>
Build Time Elapsed:  00:00:06
</pre>
</body>
</html>
