lcd.c:90:6:LCD_WR_REG	16	static
lcd.c:97:6:LCD_WR_DATA	16	static
lcd.c:104:10:LCD_RD_DATA	16	static
lcd.c:113:6:LCD_WriteReg	16	static
lcd.c:121:10:LCD_ReadReg	16	static
lcd.c:128:6:LCD_WriteRAM_Prepare	4	static
lcd.c:134:6:LCD_WriteRAM	16	static
lcd.c:142:10:LCD_BGR2RGB	24	static
lcd.c:153:6:opt_delay	16	static
lcd.c:160:10:LCD_ReadPoint	24	static
lcd.c:185:6:LCD_DisplayOn	8	static
lcd.c:192:6:LCD_DisplayOff	8	static
lcd.c:201:6:LCD_SetCursor	16	static
lcd.c:252:6:LCD_Scan_Dir	24	static
lcd.c:381:6:LCD_DrawPoint	16	static
lcd.c:390:6:LCD_Fast_DrawPoint	16	static
lcd.c:431:6:LCD_SSD_BackLightSet	16	static
lcd.c:444:6:LCD_Display_Dir	16	static
lcd.c:528:6:LCD_Set_Window	40	static
lcd.c:600:6:LCD_Init	16	static
lcd.c:2698:6:LCD_Clear	24	static
lcd.c:2722:6:LCD_Fill	40	static
lcd.c:2755:6:LCD_Color_Fill	32	static
lcd.c:2771:6:LCD_DrawLine	64	static
lcd.c:2807:6:LCD_DrawRectangle	24	static
lcd.c:2817:6:LCD_Draw_Circle	32	static
lcd.c:2848:6:LCD_ShowChar	32	static
lcd.c:2879:10:LCD_Pow	24	static
lcd.c:2891:6:LCD_ShowNum	48	static
lcd.c:2919:6:LCD_ShowxNum	48	static
lcd.c:2944:6:LCD_ShowString	40	static
