stm32f4xx_it.c:82:6:NMI_Handler	4	static
stm32f4xx_it.c:97:6:HardFault_Handler	4	static
stm32f4xx_it.c:112:6:MemManage_Handler	4	static
stm32f4xx_it.c:127:6:BusFault_Handler	4	static
stm32f4xx_it.c:142:6:UsageFault_Handler	4	static
stm32f4xx_it.c:157:6:SVC_Handler	4	static
stm32f4xx_it.c:170:6:DebugMon_Handler	4	static
stm32f4xx_it.c:183:6:PendSV_Handler	4	static
stm32f4xx_it.c:196:6:SysTick_Handler	8	static
stm32f4xx_it.c:217:6:TIM2_IRQHandler	8	static
stm32f4xx_it.c:239:6:TIM3_IRQHandler	8	static
stm32f4xx_it.c:253:6:USART1_IRQHandler	8	static
