Archive member included to satisfy reference by file (symbol)

d:/app/st/stm32cubeide_1.6.1/stm32cubeide/plugins/com.st.stm32cube.ide.mcu.externaltools.gnu-tools-for-stm32.9-2020-q2-update.win32_1.5.0.202011040924/tools/bin/../lib/gcc/arm-none-eabi/9.3.1/../../../../arm-none-eabi/lib/thumb/v7e-m+fp/hard\libc_nano.a(lib_a-errno.o)
                              Core/Src/syscalls.o (__errno)
d:/app/st/stm32cubeide_1.6.1/stm32cubeide/plugins/com.st.stm32cube.ide.mcu.externaltools.gnu-tools-for-stm32.9-2020-q2-update.win32_1.5.0.202011040924/tools/bin/../lib/gcc/arm-none-eabi/9.3.1/../../../../arm-none-eabi/lib/thumb/v7e-m+fp/hard\libc_nano.a(lib_a-exit.o)
                              d:/app/st/stm32cubeide_1.6.1/stm32cubeide/plugins/com.st.stm32cube.ide.mcu.externaltools.gnu-tools-for-stm32.9-2020-q2-update.win32_1.5.0.202011040924/tools/bin/../lib/gcc/arm-none-eabi/9.3.1/../../../../arm-none-eabi/lib/thumb/v7e-m+fp/hard/crt0.o (exit)
d:/app/st/stm32cubeide_1.6.1/stm32cubeide/plugins/com.st.stm32cube.ide.mcu.externaltools.gnu-tools-for-stm32.9-2020-q2-update.win32_1.5.0.202011040924/tools/bin/../lib/gcc/arm-none-eabi/9.3.1/../../../../arm-none-eabi/lib/thumb/v7e-m+fp/hard\libc_nano.a(lib_a-impure.o)
                              d:/app/st/stm32cubeide_1.6.1/stm32cubeide/plugins/com.st.stm32cube.ide.mcu.externaltools.gnu-tools-for-stm32.9-2020-q2-update.win32_1.5.0.202011040924/tools/bin/../lib/gcc/arm-none-eabi/9.3.1/../../../../arm-none-eabi/lib/thumb/v7e-m+fp/hard\libc_nano.a(lib_a-exit.o) (_global_impure_ptr)
d:/app/st/stm32cubeide_1.6.1/stm32cubeide/plugins/com.st.stm32cube.ide.mcu.externaltools.gnu-tools-for-stm32.9-2020-q2-update.win32_1.5.0.202011040924/tools/bin/../lib/gcc/arm-none-eabi/9.3.1/../../../../arm-none-eabi/lib/thumb/v7e-m+fp/hard\libc_nano.a(lib_a-init.o)
                              d:/app/st/stm32cubeide_1.6.1/stm32cubeide/plugins/com.st.stm32cube.ide.mcu.externaltools.gnu-tools-for-stm32.9-2020-q2-update.win32_1.5.0.202011040924/tools/bin/../lib/gcc/arm-none-eabi/9.3.1/../../../../arm-none-eabi/lib/thumb/v7e-m+fp/hard/crt0.o (__libc_init_array)
d:/app/st/stm32cubeide_1.6.1/stm32cubeide/plugins/com.st.stm32cube.ide.mcu.externaltools.gnu-tools-for-stm32.9-2020-q2-update.win32_1.5.0.202011040924/tools/bin/../lib/gcc/arm-none-eabi/9.3.1/../../../../arm-none-eabi/lib/thumb/v7e-m+fp/hard\libc_nano.a(lib_a-memset.o)
                              d:/app/st/stm32cubeide_1.6.1/stm32cubeide/plugins/com.st.stm32cube.ide.mcu.externaltools.gnu-tools-for-stm32.9-2020-q2-update.win32_1.5.0.202011040924/tools/bin/../lib/gcc/arm-none-eabi/9.3.1/../../../../arm-none-eabi/lib/thumb/v7e-m+fp/hard/crt0.o (memset)
d:/app/st/stm32cubeide_1.6.1/stm32cubeide/plugins/com.st.stm32cube.ide.mcu.externaltools.gnu-tools-for-stm32.9-2020-q2-update.win32_1.5.0.202011040924/tools/bin/../lib/gcc/arm-none-eabi/9.3.1/../../../../arm-none-eabi/lib/thumb/v7e-m+fp/hard\libm.a(lib_a-w_sqrt.o)
                              Core/Src/touch.o (sqrt)
d:/app/st/stm32cubeide_1.6.1/stm32cubeide/plugins/com.st.stm32cube.ide.mcu.externaltools.gnu-tools-for-stm32.9-2020-q2-update.win32_1.5.0.202011040924/tools/bin/../lib/gcc/arm-none-eabi/9.3.1/../../../../arm-none-eabi/lib/thumb/v7e-m+fp/hard\libm.a(lib_a-e_sqrt.o)
                              d:/app/st/stm32cubeide_1.6.1/stm32cubeide/plugins/com.st.stm32cube.ide.mcu.externaltools.gnu-tools-for-stm32.9-2020-q2-update.win32_1.5.0.202011040924/tools/bin/../lib/gcc/arm-none-eabi/9.3.1/../../../../arm-none-eabi/lib/thumb/v7e-m+fp/hard\libm.a(lib_a-w_sqrt.o) (__ieee754_sqrt)
d:/app/st/stm32cubeide_1.6.1/stm32cubeide/plugins/com.st.stm32cube.ide.mcu.externaltools.gnu-tools-for-stm32.9-2020-q2-update.win32_1.5.0.202011040924/tools/bin/../lib/gcc/arm-none-eabi/9.3.1/../../../../arm-none-eabi/lib/thumb/v7e-m+fp/hard\libm.a(lib_a-s_lib_ver.o)
                              d:/app/st/stm32cubeide_1.6.1/stm32cubeide/plugins/com.st.stm32cube.ide.mcu.externaltools.gnu-tools-for-stm32.9-2020-q2-update.win32_1.5.0.202011040924/tools/bin/../lib/gcc/arm-none-eabi/9.3.1/../../../../arm-none-eabi/lib/thumb/v7e-m+fp/hard\libm.a(lib_a-w_sqrt.o) (__fdlib_version)
d:/app/st/stm32cubeide_1.6.1/stm32cubeide/plugins/com.st.stm32cube.ide.mcu.externaltools.gnu-tools-for-stm32.9-2020-q2-update.win32_1.5.0.202011040924/tools/bin/../lib/gcc/arm-none-eabi/9.3.1/thumb/v7e-m+fp/hard\libgcc.a(_arm_muldf3.o)
                              Core/Src/lcd.o (__aeabi_dmul)
d:/app/st/stm32cubeide_1.6.1/stm32cubeide/plugins/com.st.stm32cube.ide.mcu.externaltools.gnu-tools-for-stm32.9-2020-q2-update.win32_1.5.0.202011040924/tools/bin/../lib/gcc/arm-none-eabi/9.3.1/thumb/v7e-m+fp/hard\libgcc.a(_arm_addsubdf3.o)
                              d:/app/st/stm32cubeide_1.6.1/stm32cubeide/plugins/com.st.stm32cube.ide.mcu.externaltools.gnu-tools-for-stm32.9-2020-q2-update.win32_1.5.0.202011040924/tools/bin/../lib/gcc/arm-none-eabi/9.3.1/../../../../arm-none-eabi/lib/thumb/v7e-m+fp/hard\libm.a(lib_a-e_sqrt.o) (__aeabi_dsub)
[...]
Memory Configuration

Name             Origin             Length             Attributes
CCMRAM           0x0000000010000000 0x0000000000010000 xrw
RAM              0x0000000020000000 0x0000000000020000 xrw
FLASH            0x0000000008000000 0x0000000000100000 xr
*default*        0x0000000000000000 0xffffffffffffffff

Linker script and memory map

LOAD d:/app/st/stm32cubeide_1.6.1/stm32cubeide/plugins/com.st.stm32cube.ide.mcu.externaltools.gnu-tools-for-stm32.9-2020-q2-update.win32_1.5.0.202011040924/tools/bin/../lib/gcc/arm-none-eabi/9.3.1/thumb/v7e-m+fp/hard/crti.o
LOAD d:/app/st/stm32cubeide_1.6.1/stm32cubeide/plugins/com.st.stm32cube.ide.mcu.externaltools.gnu-tools-for-stm32.9-2020-q2-update.win32_1.5.0.202011040924/tools/bin/../lib/gcc/arm-none-eabi/9.3.1/thumb/v7e-m+fp/hard/crtbegin.o
LOAD d:/app/st/stm32cubeide_1.6.1/stm32cubeide/plugins/com.st.stm32cube.ide.mcu.externaltools.gnu-tools-for-stm32.9-2020-q2-update.win32_1.5.0.202011040924/tools/bin/../lib/gcc/arm-none-eabi/9.3.1/../../../../arm-none-eabi/lib/thumb/v7e-m+fp/hard/crt0.o
LOAD Core/Src/24cxx.o
LOAD Core/Src/base.o
LOAD Core/Src/dac.o
LOAD Core/Src/dma.o
LOAD Core/Src/fsmc.o
LOAD Core/Src/gpio.o
LOAD Core/Src/lcd.o
LOAD Core/Src/main.o
LOAD Core/Src/myiic.o
LOAD Core/Src/stm32f4xx_hal_msp.o
LOAD Core/Src/stm32f4xx_it.o
LOAD Core/Src/syscalls.o
LOAD Core/Src/sysmem.o
LOAD Core/Src/system_stm32f4xx.o
LOAD Core/Src/tim.o
LOAD Core/Src/touch.o
LOAD Core/Startup/startup_stm32f407zgtx.o
LOAD Drivers/STM32F4xx_HAL_Driver/Src/stm32f4xx_hal.o
LOAD Drivers/STM32F4xx_HAL_Driver/Src/stm32f4xx_hal_cortex.o
LOAD Drivers/STM32F4xx_HAL_Driver/Src/stm32f4xx_hal_dac.o
LOAD Drivers/STM32F4xx_HAL_Driver/Src/stm32f4xx_hal_dac_ex.o
LOAD Drivers/STM32F4xx_HAL_Driver/Src/stm32f4xx_hal_dma.o
LOAD Drivers/STM32F4xx_HAL_Driver/Src/stm32f4xx_hal_dma_ex.o
LOAD Drivers/STM32F4xx_HAL_Driver/Src/stm32f4xx_hal_exti.o
LOAD Drivers/STM32F4xx_HAL_Driver/Src/stm32f4xx_hal_flash.o
LOAD Drivers/STM32F4xx_HAL_Driver/Src/stm32f4xx_hal_flash_ex.o
LOAD Drivers/STM32F4xx_HAL_Driver/Src/stm32f4xx_hal_flash_ramfunc.o
LOAD Drivers/STM32F4xx_HAL_Driver/Src/stm32f4xx_hal_gpio.o
LOAD Drivers/STM32F4xx_HAL_Driver/Src/stm32f4xx_hal_pwr.o
LOAD Drivers/STM32F4xx_HAL_Driver/Src/stm32f4xx_hal_pwr_ex.o
LOAD Drivers/STM32F4xx_HAL_Driver/Src/stm32f4xx_hal_rcc.o
LOAD Drivers/STM32F4xx_HAL_Driver/Src/stm32f4xx_hal_rcc_ex.o
LOAD Drivers/STM32F4xx_HAL_Driver/Src/stm32f4xx_hal_sram.o
LOAD Drivers/STM32F4xx_HAL_Driver/Src/stm32f4xx_hal_tim.o
LOAD Drivers/STM32F4xx_HAL_Driver/Src/stm32f4xx_hal_tim_ex.o
LOAD Drivers/STM32F4xx_HAL_Driver/Src/stm32f4xx_ll_fsmc.o
START GROUP
LOAD d:/app/st/stm32cubeide_1.6.1/stm32cubeide/plugins/com.st.stm32cube.ide.mcu.externaltools.gnu-tools-for-stm32.9-2020-q2-update.win32_1.5.0.202011040924/tools/bin/../lib/gcc/arm-none-eabi/9.3.1/../../../../arm-none-eabi/lib/thumb/v7e-m+fp/hard\libc_nano.a
LOAD d:/app/st/stm32cubeide_1.6.1/stm32cubeide/plugins/com.st.stm32cube.ide.mcu.externaltools.gnu-tools-for-stm32.9-2020-q2-update.win32_1.5.0.202011040924/tools/bin/../lib/gcc/arm-none-eabi/9.3.1/../../../../arm-none-eabi/lib/thumb/v7e-m+fp/hard\libm.a
END GROUP
START GROUP
LOAD d:/app/st/stm32cubeide_1.6.1/stm32cubeide/plugins/com.st.stm32cube.ide.mcu.externaltools.gnu-tools-for-stm32.9-2020-q2-update.win32_1.5.0.202011040924/tools/bin/../lib/gcc/arm-none-eabi/9.3.1/thumb/v7e-m+fp/hard\libgcc.a
LOAD d:/app/st/stm32cubeide_1.6.1/stm32cubeide/plugins/com.st.stm32cube.ide.mcu.externaltools.gnu-tools-for-stm32.9-2020-q2-update.win32_1.5.0.202011040924/tools/bin/../lib/gcc/arm-none-eabi/9.3.1/../../../../arm-none-eabi/lib/thumb/v7e-m+fp/hard\libc_nano.a
END GROUP
START GROUP
LOAD d:/app/st/stm32cubeide_1.6.1/stm32cubeide/plugins/com.st.stm32cube.ide.mcu.externaltools.gnu-tools-for-stm32.9-2020-q2-update.win32_1.5.0.202011040924/tools/bin/../lib/gcc/arm-none-eabi/9.3.1/thumb/v7e-m+fp/hard\libgcc.a
LOAD d:/app/st/stm32cubeide_1.6.1/stm32cubeide/plugins/com.st.stm32cube.ide.mcu.externaltools.gnu-tools-for-stm32.9-2020-q2-update.win32_1.5.0.202011040924/tools/bin/../lib/gcc/arm-none-eabi/9.3.1/../../../../arm-none-eabi/lib/thumb/v7e-m+fp/hard\libc_nano.a
LOAD d:/app/st/stm32cubeide_1.6.1/stm32cubeide/plugins/com.st.stm32cube.ide.mcu.externaltools.gnu-tools-for-stm32.9-2020-q2-update.win32_1.5.0.202011040924/tools/bin/../lib/gcc/arm-none-eabi/9.3.1/../../../../arm-none-eabi/lib/thumb/v7e-m+fp/hard\libnosys.a
END GROUP
START GROUP
LOAD d:/app/st/stm32cubeide_1.6.1/stm32cubeide/plugins/com.st.stm32cube.ide.mcu.externaltools.gnu-tools-for-stm32.9-2020-q2-update.win32_1.5.0.202011040924/tools/bin/../lib/gcc/arm-none-eabi/9.3.1/thumb/v7e-m+fp/hard\libgcc.a
LOAD d:/app/st/stm32cubeide_1.6.1/stm32cubeide/plugins/com.st.stm32cube.ide.mcu.externaltools.gnu-tools-for-stm32.9-2020-q2-update.win32_1.5.0.202011040924/tools/bin/../lib/gcc/arm-none-eabi/9.3.1/../../../../arm-none-eabi/lib/thumb/v7e-m+fp/hard\libc_nano.a
LOAD d:/app/st/stm32cubeide_1.6.1/stm32cubeide/plugins/com.st.stm32cube.ide.mcu.externaltools.gnu-tools-for-stm32.9-2020-q2-update.win32_1.5.0.202011040924/tools/bin/../lib/gcc/arm-none-eabi/9.3.1/../../../../arm-none-eabi/lib/thumb/v7e-m+fp/hard\libnosys.a
END GROUP
LOAD d:/app/st/stm32cubeide_1.6.1/stm32cubeide/plugins/com.st.stm32cube.ide.mcu.externaltools.gnu-tools-for-stm32.9-2020-q2-update.win32_1.5.0.202011040924/tools/bin/../lib/gcc/arm-none-eabi/9.3.1/thumb/v7e-m+fp/hard/crtend.o
LOAD d:/app/st/stm32cubeide_1.6.1/stm32cubeide/plugins/com.st.stm32cube.ide.mcu.externaltools.gnu-tools-for-stm32.9-2020-q2-update.win32_1.5.0.202011040924/tools/bin/../lib/gcc/arm-none-eabi/9.3.1/thumb/v7e-m+fp/hard/crtn.o
                0x0000000020020000                _estack = (ORIGIN (RAM) + LENGTH (RAM))
                0x0000000000000200                _Min_Heap_Size = 0x200
                0x0000000000000400                _Min_Stack_Size = 0x400

.isr_vector     0x0000000008000000      0x188
                0x0000000008000000                . = ALIGN (0x4)
 *(.isr_vector)
 .isr_vector    0x0000000008000000      0x188 Core/Startup/startup_stm32f407zgtx.o
                0x0000000008000000                g_pfnVectors
                0x0000000008000188                . = ALIGN (0x4)

.text           0x0000000008000188     0x7230
                0x0000000008000188                . = ALIGN (0x4)
 *(.text)
 .text          0x0000000008000188       0x40 d:/app/st/stm32cubeide_1.6.1/stm32cubeide/plugins/com.st.stm32cube.ide.mcu.externaltools.gnu-tools-for-stm32.9-2020-q2-update.win32_1.5.0.202011040924/tools/bin/../lib/gcc/arm-none-eabi/9.3.1/thumb/v7e-m+fp/hard/crtbegin.o
 .text          0x00000000080001c8      0x378 d:/app/st/stm32cubeide_1.6.1/stm32cubeide/plugins/com.st.stm32cube.ide.mcu.externaltools.gnu-tools-for-stm32.9-2020-q2-update.win32_1.5.0.202011040924/tools/bin/../lib/gcc/arm-none-eabi/9.3.1/thumb/v7e-m+fp/hard\libgcc.a(_arm_addsubdf3.o)
                0x00000000080001c8                __aeabi_drsub
                0x00000000080001d0                __aeabi_dsub
                0x00000000080001d0                __subdf3
                0x00000000080001d4                __aeabi_dadd
                0x00000000080001d4                __adddf3
                0x000000000800044c                __floatunsidf
                0x000000000800044c                __aeabi_ui2d
                0x000000000800046c                __floatsidf
                0x000000000800046c                __aeabi_i2d
                0x0000000008000490                __aeabi_f2d
                0x0000000008000490                __extendsfdf2
                0x00000000080004d4                __floatundidf
                0x00000000080004d4                __aeabi_ul2d
                0x00000000080004e4                __floatdidf
                0x00000000080004e4                __aeabi_l2d
 .text          0x0000000008000540      0x424 d:/app/st/stm32cubeide_1.6.1/stm32cubeide/plugins/com.st.stm32cube.ide.mcu.externaltools.gnu-tools-for-stm32.9-2020-q2-update.win32_1.5.0.202011040924/tools/bin/../lib/gcc/arm-none-eabi/9.3.1/thumb/v7e-m+fp/hard\libgcc.a(_arm_muldivdf3.o)
                0x0000000008000540                __aeabi_dmul
                0x0000000008000540                __muldf3
                0x0000000008000794                __divdf3
                0x0000000008000794                __aeabi_ddiv
 .text          0x0000000008000964      0x110 d:/app/st/stm32cubeide_1.6.1/stm32cubeide/plugins/com.st.stm32cube.ide.mcu.externaltools.gnu-tools-for-stm32.9-2020-q2-update.win32_1.5.0.202011040924/tools/bin/../lib/gcc/arm-none-eabi/9.3.1/thumb/v7e-m+fp/hard\libgcc.a(_arm_cmpdf2.o)
                0x0000000008000964                __gtdf2
                0x0000000008000964                __gedf2
                0x000000000800096c                __ltdf2
                0x000000000800096c                __ledf2
                0x0000000008000974                __nedf2
                0x0000000008000974                __eqdf2
                0x0000000008000974                __cmpdf2
                0x00000000080009f0                __aeabi_cdrcmple
                0x0000000008000a00                __aeabi_cdcmpeq
                0x0000000008000a00                __aeabi_cdcmple
                0x0000000008000a10                __aeabi_dcmpeq
                0x0000000008000a24                __aeabi_dcmplt
                0x0000000008000a38                __aeabi_dcmple
                0x0000000008000a4c                __aeabi_dcmpge
                0x0000000008000a60                __aeabi_dcmpgt
 .text          0x0000000008000a74       0x2c d:/app/st/stm32cubeide_1.6.1/stm32cubeide/plugins/com.st.stm32cube.ide.mcu.externaltools.gnu-tools-for-stm32.9-2020-q2-update.win32_1.5.0.202011040924/tools/bin/../lib/gcc/arm-none-eabi/9.3.1/thumb/v7e-m+fp/hard\libgcc.a(_arm_unorddf2.o)
                0x0000000008000a74                __unorddf2
                0x0000000008000a74                __aeabi_dcmpun
 .text          0x0000000008000aa0       0x40 d:/app/st/stm32cubeide_1.6.1/stm32cubeide/plugins/com.st.stm32cube.ide.mcu.externaltools.gnu-tools-for-stm32.9-2020-q2-update.win32_1.5.0.202011040924/tools/bin/../lib/gcc/arm-none-eabi/9.3.1/thumb/v7e-m+fp/hard\libgcc.a(_arm_fixunsdfsi.o)
                0x0000000008000aa0                __aeabi_d2uiz
                0x0000000008000aa0                __fixunsdfsi
 .text          0x0000000008000ae0       0x30 d:/app/st/stm32cubeide_1.6.1/stm32cubeide/plugins/com.st.stm32cube.ide.mcu.externaltools.gnu-tools-for-stm32.9-2020-q2-update.win32_1.5.0.202011040924/tools/bin/../lib/gcc/arm-none-eabi/9.3.1/thumb/v7e-m+fp/hard\libgcc.a(_aeabi_uldivmod.o)
                0x0000000008000ae0                __aeabi_uldivmod
 .text          0x0000000008000b10      0x2c4 d:/app/st/stm32cubeide_1.6.1/stm32cubeide/plugins/com.st.stm32cube.ide.mcu.externaltools.gnu-tools-for-stm32.9-2020-q2-update.win32_1.5.0.202011040924/tools/bin/../lib/gcc/arm-none-eabi/9.3.1/thumb/v7e-m+fp/hard\libgcc.a(_udivmoddi4.o)
                0x0000000008000b10                __udivmoddi4
 .text          0x0000000008000dd4        0x4 d:/app/st/stm32cubeide_1.6.1/stm32cubeide/plugins/com.st.stm32cube.ide.mcu.externaltools.gnu-tools-for-stm32.9-2020-q2-update.win32_1.5.0.202011040924/tools/bin/../lib/gcc/arm-none-eabi/9.3.1/thumb/v7e-m+fp/hard\libgcc.a(_dvmd_tls.o)
                0x0000000008000dd4                __aeabi_idiv0
                0x0000000008000dd4                __aeabi_ldiv0
 *(.text*)
 .text.AT24CXX_Init
                0x0000000008000dd8        0x4 Core/Src/24cxx.o
                0x0000000008000dd8                AT24CXX_Init
 .text.AT24CXX_ReadOneByte
                0x0000000008000ddc       0x44 Core/Src/24cxx.o
                0x0000000008000ddc                AT24CXX_ReadOneByte
 .text.AT24CXX_WriteOneByte
                0x0000000008000e20       0x3e Core/Src/24cxx.o
                0x0000000008000e20                AT24CXX_WriteOneByte
 .text.AT24CXX_WriteLenByte
                0x0000000008000e5e       0x24 Core/Src/24cxx.o
                0x0000000008000e5e                AT24CXX_WriteLenByte
 .text.AT24CXX_ReadLenByte
                0x0000000008000e82       0x22 Core/Src/24cxx.o
                0x0000000008000e82                AT24CXX_ReadLenByte
 .text.delay_init
                0x0000000008000ea4       0x14 Core/Src/base.o
                0x0000000008000ea4                delay_init
 .text.delay_us
                0x0000000008000eb8       0x30 Core/Src/base.o
                0x0000000008000eb8                delay_us
 .text.delay_ms
                0x0000000008000ee8       0x18 Core/Src/base.o
                0x0000000008000ee8                delay_ms
 .text.MX_DAC_Init
                0x0000000008000f00       0x38 Core/Src/dac.o
                0x0000000008000f00                MX_DAC_Init
 .text.HAL_DAC_MspInit
                0x0000000008000f38       0x64 Core/Src/dac.o
                0x0000000008000f38                HAL_DAC_MspInit
 .text.MX_FSMC_Init
                0x0000000008000f9c       0x78 Core/Src/fsmc.o
                0x0000000008000f9c                MX_FSMC_Init
 .text.HAL_SRAM_MspInit
                0x0000000008001014       0x9c Core/Src/fsmc.o
                0x0000000008001014                HAL_SRAM_MspInit
 .text.MX_GPIO_Init
                0x00000000080010b0      0x194 Core/Src/gpio.o
                0x00000000080010b0                MX_GPIO_Init
 .text.LCD_WR_REG
                0x0000000008001244       0x24 Core/Src/lcd.o
                0x0000000008001244                LCD_WR_REG
 .text.LCD_WR_DATA
                0x0000000008001268       0x24 Core/Src/lcd.o
                0x0000000008001268                LCD_WR_DATA
 .text.LCD_RD_DATA
                0x000000000800128c       0x1c Core/Src/lcd.o
                0x000000000800128c                LCD_RD_DATA
 .text.LCD_ReadReg
                0x00000000080012a8       0x14 Core/Src/lcd.o
                0x00000000080012a8                LCD_ReadReg
 .text.LCD_WriteRAM_Prepare
                0x00000000080012bc       0x14 Core/Src/lcd.o
                0x00000000080012bc                LCD_WriteRAM_Prepare
 .text.LCD_SetCursor
                0x00000000080012d0      0x138 Core/Src/lcd.o
                0x00000000080012d0                LCD_SetCursor
 .text.LCD_Scan_Dir
                0x0000000008001408      0x1d0 Core/Src/lcd.o
                0x0000000008001408                LCD_Scan_Dir
 .text.LCD_DrawPoint
                0x00000000080015d8       0x1c Core/Src/lcd.o
                0x00000000080015d8                LCD_DrawPoint
 .text.LCD_Fast_DrawPoint
                0x00000000080015f4      0x114 Core/Src/lcd.o
                0x00000000080015f4                LCD_Fast_DrawPoint
 .text.LCD_SSD_BackLightSet
                0x0000000008001708       0x50 Core/Src/lcd.o
                0x0000000008001708                LCD_SSD_BackLightSet
 .text.LCD_Display_Dir
                0x0000000008001758      0x150 Core/Src/lcd.o
                0x0000000008001758                LCD_Display_Dir
 .text.LCD_Clear
                0x00000000080018a8       0x6c Core/Src/lcd.o
                0x00000000080018a8                LCD_Clear
 .text.LCD_Init
                0x0000000008001914     0x3644 Core/Src/lcd.o
                0x0000000008001914                LCD_Init
 .text.LCD_DrawLine
                0x0000000008004f58       0x94 Core/Src/lcd.o
                0x0000000008004f58                LCD_DrawLine
 .text.LCD_Draw_Circle
                0x0000000008004fec       0xbe Core/Src/lcd.o
                0x0000000008004fec                LCD_Draw_Circle
 *fill*         0x00000000080050aa        0x2 
 .text.LCD_ShowChar
                0x00000000080050ac       0xf0 Core/Src/lcd.o
                0x00000000080050ac                LCD_ShowChar
 .text.LCD_ShowNum
                0x000000000800519c       0x98 Core/Src/lcd.o
                0x000000000800519c                LCD_ShowNum
 .text.LCD_ShowString
                0x0000000008005234       0x56 Core/Src/lcd.o
                0x0000000008005234                LCD_ShowString
 *fill*         0x000000000800528a        0x2 
 .text.SystemClock_Config
                0x000000000800528c       0xa0 Core/Src/main.o
                0x000000000800528c                SystemClock_Config
 .text.startup.main
                0x000000000800532c       0x54 Core/Src/main.o
                0x000000000800532c                main
 .text.Error_Handler
                0x0000000008005380        0x4 Core/Src/main.o
                0x0000000008005380                Error_Handler
 .text.IIC_Init
                0x0000000008005384       0x10 Core/Src/myiic.o
                0x0000000008005384                IIC_Init
 .text.IIC_Start
                0x0000000008005394       0x40 Core/Src/myiic.o
                0x0000000008005394                IIC_Start
 .text.IIC_Stop
                0x00000000080053d4       0x40 Core/Src/myiic.o
                0x00000000080053d4                IIC_Stop
 .text.IIC_Wait_Ack
                0x0000000008005414       0x54 Core/Src/myiic.o
                0x0000000008005414                IIC_Wait_Ack
 .text.IIC_Ack  0x0000000008005468       0x40 Core/Src/myiic.o
                0x0000000008005468                IIC_Ack
 .text.IIC_NAck
                0x00000000080054a8       0x40 Core/Src/myiic.o
                0x00000000080054a8                IIC_NAck
 .text.IIC_Send_Byte
                0x00000000080054e8       0x60 Core/Src/myiic.o
                0x00000000080054e8                IIC_Send_Byte
 .text.IIC_Read_Byte
                0x0000000008005548       0x68 Core/Src/myiic.o
                0x0000000008005548                IIC_Read_Byte
 .text.HAL_MspInit
                0x00000000080055b0       0x3c Core/Src/stm32f4xx_hal_msp.o
                0x00000000080055b0                HAL_MspInit
 .text.NMI_Handler
                0x00000000080055ec        0x2 Core/Src/stm32f4xx_it.o
                0x00000000080055ec                NMI_Handler
 .text.HardFault_Handler
                0x00000000080055ee        0x2 Core/Src/stm32f4xx_it.o
                0x00000000080055ee                HardFault_Handler
 .text.MemManage_Handler
                0x00000000080055f0        0x2 Core/Src/stm32f4xx_it.o
                0x00000000080055f0                MemManage_Handler
 .text.BusFault_Handler
                0x00000000080055f2        0x2 Core/Src/stm32f4xx_it.o
                0x00000000080055f2                BusFault_Handler
 .text.UsageFault_Handler
                0x00000000080055f4        0x2 Core/Src/stm32f4xx_it.o
                0x00000000080055f4                UsageFault_Handler
 .text.SVC_Handler
                0x00000000080055f6        0x2 Core/Src/stm32f4xx_it.o
                0x00000000080055f6                SVC_Handler
 .text.DebugMon_Handler
                0x00000000080055f8        0x2 Core/Src/stm32f4xx_it.o
                0x00000000080055f8                DebugMon_Handler
 .text.PendSV_Handler
                0x00000000080055fa        0x2 Core/Src/stm32f4xx_it.o
                0x00000000080055fa                PendSV_Handler
 .text.SysTick_Handler
                0x00000000080055fc        0x4 Core/Src/stm32f4xx_it.o
                0x00000000080055fc                SysTick_Handler
 .text.TIM8_UP_TIM13_IRQHandler
                0x0000000008005600       0x30 Core/Src/stm32f4xx_it.o
                0x0000000008005600                TIM8_UP_TIM13_IRQHandler
 .text.SystemInit
                0x0000000008005630       0x14 Core/Src/system_stm32f4xx.o
                0x0000000008005630                SystemInit
 .text.MX_TIM8_Init
                0x0000000008005644       0x6c Core/Src/tim.o
                0x0000000008005644                MX_TIM8_Init
 .text.HAL_TIM_Base_MspInit
                0x00000000080056b0       0x44 Core/Src/tim.o
                0x00000000080056b0                HAL_TIM_Base_MspInit
 .text.TP_Write_Byte
                0x00000000080056f4       0x44 Core/Src/touch.o
                0x00000000080056f4                TP_Write_Byte
 .text.TP_Read_AD
                0x0000000008005738       0x7c Core/Src/touch.o
                0x0000000008005738                TP_Read_AD
 .text.TP_Read_XOY
                0x00000000080057b4       0x66 Core/Src/touch.o
                0x00000000080057b4                TP_Read_XOY
 *fill*         0x000000000800581a        0x2 
 .text.TP_Read_XY
                0x000000000800581c       0x28 Core/Src/touch.o
                0x000000000800581c                TP_Read_XY
 .text.TP_Read_XY2
                0x0000000008005844       0x76 Core/Src/touch.o
                0x0000000008005844                TP_Read_XY2
 *fill*         0x00000000080058ba        0x2 
 .text.TP_Scan  0x00000000080058bc       0xcc Core/Src/touch.o
                0x00000000080058bc                TP_Scan
 .text.TP_Drow_Touch_Point
                0x0000000008005988       0x74 Core/Src/touch.o
                0x0000000008005988                TP_Drow_Touch_Point
 .text.TP_Save_Adjdata
                0x00000000080059fc       0x78 Core/Src/touch.o
                0x00000000080059fc                TP_Save_Adjdata
 .text.TP_Get_Adjdata
                0x0000000008005a74       0x98 Core/Src/touch.o
                0x0000000008005a74                TP_Get_Adjdata
 .text.TP_Adj_Info_Show
                0x0000000008005b0c      0x194 Core/Src/touch.o
                0x0000000008005b0c                TP_Adj_Info_Show
 .text.TP_Adjust
                0x0000000008005ca0      0x55c Core/Src/touch.o
                0x0000000008005ca0                TP_Adjust
 .text.TP_Init  0x00000000080061fc       0x38 Core/Src/touch.o
                0x00000000080061fc                TP_Init
 .text.Reset_Handler
                0x0000000008006234       0x50 Core/Startup/startup_stm32f407zgtx.o
                0x0000000008006234                Reset_Handler
 .text.Default_Handler
                0x0000000008006284        0x2 Core/Startup/startup_stm32f407zgtx.o
                0x0000000008006284                RTC_Alarm_IRQHandler
                0x0000000008006284                HASH_RNG_IRQHandler
                0x0000000008006284                EXTI2_IRQHandler
                0x0000000008006284                TIM8_CC_IRQHandler
                0x0000000008006284                TIM1_CC_IRQHandler
                0x0000000008006284                DMA2_Stream5_IRQHandler
                0x0000000008006284                DMA1_Stream5_IRQHandler
                0x0000000008006284                PVD_IRQHandler
                0x0000000008006284                SDIO_IRQHandler
                0x0000000008006284                TAMP_STAMP_IRQHandler
                0x0000000008006284                CAN2_RX1_IRQHandler
                0x0000000008006284                EXTI3_IRQHandler
                0x0000000008006284                TIM8_TRG_COM_TIM14_IRQHandler
                0x0000000008006284                TIM1_UP_TIM10_IRQHandler
                0x0000000008006284                I2C3_ER_IRQHandler
                0x0000000008006284                EXTI0_IRQHandler
                0x0000000008006284                I2C2_EV_IRQHandler
                0x0000000008006284                DMA1_Stream2_IRQHandler
                0x0000000008006284                CAN1_RX0_IRQHandler
                0x0000000008006284                FPU_IRQHandler
                0x0000000008006284                OTG_HS_WKUP_IRQHandler
                0x0000000008006284                CAN2_SCE_IRQHandler
                0x0000000008006284                DMA2_Stream2_IRQHandler
                0x0000000008006284                SPI1_IRQHandler
                0x0000000008006284                TIM6_DAC_IRQHandler
                0x0000000008006284                TIM1_BRK_TIM9_IRQHandler
                0x0000000008006284                DCMI_IRQHandler
                0x0000000008006284                CAN2_RX0_IRQHandler
                0x0000000008006284                DMA2_Stream3_IRQHandler
                0x0000000008006284                USART6_IRQHandler
                0x0000000008006284                USART3_IRQHandler
                0x0000000008006284                CAN1_RX1_IRQHandler
                0x0000000008006284                UART5_IRQHandler
                0x0000000008006284                DMA2_Stream0_IRQHandler
                0x0000000008006284                TIM4_IRQHandler
                0x0000000008006284                I2C1_EV_IRQHandler
                0x0000000008006284                DMA1_Stream6_IRQHandler
                0x0000000008006284                DMA1_Stream1_IRQHandler
                0x0000000008006284                UART4_IRQHandler
                0x0000000008006284                TIM3_IRQHandler
                0x0000000008006284                RCC_IRQHandler
                0x0000000008006284                TIM8_BRK_TIM12_IRQHandler
                0x0000000008006284                Default_Handler
                0x0000000008006284                EXTI15_10_IRQHandler
                0x0000000008006284                ADC_IRQHandler
                0x0000000008006284                DMA1_Stream7_IRQHandler
                0x0000000008006284                TIM7_IRQHandler
                0x0000000008006284                CAN2_TX_IRQHandler
                0x0000000008006284                TIM5_IRQHandler
                0x0000000008006284                DMA2_Stream7_IRQHandler
                0x0000000008006284                I2C3_EV_IRQHandler
                0x0000000008006284                EXTI9_5_IRQHandler
                0x0000000008006284                RTC_WKUP_IRQHandler
                0x0000000008006284                ETH_WKUP_IRQHandler
                0x0000000008006284                SPI2_IRQHandler
                0x0000000008006284                OTG_HS_EP1_IN_IRQHandler
                0x0000000008006284                DMA1_Stream0_IRQHandler
                0x0000000008006284                CAN1_TX_IRQHandler
                0x0000000008006284                EXTI4_IRQHandler
                0x0000000008006284                FSMC_IRQHandler
                0x0000000008006284                ETH_IRQHandler
                0x0000000008006284                OTG_HS_EP1_OUT_IRQHandler
                0x0000000008006284                WWDG_IRQHandler
                0x0000000008006284                TIM2_IRQHandler
                0x0000000008006284                OTG_FS_WKUP_IRQHandler
                0x0000000008006284                TIM1_TRG_COM_TIM11_IRQHandler
                0x0000000008006284                OTG_HS_IRQHandler
                0x0000000008006284                EXTI1_IRQHandler
                0x0000000008006284                USART2_IRQHandler
                0x0000000008006284                I2C2_ER_IRQHandler
                0x0000000008006284                DMA2_Stream1_IRQHandler
                0x0000000008006284                CAN1_SCE_IRQHandler
                0x0000000008006284                FLASH_IRQHandler
                0x0000000008006284                DMA2_Stream4_IRQHandler
                0x0000000008006284                USART1_IRQHandler
                0x0000000008006284                OTG_FS_IRQHandler
                0x0000000008006284                SPI3_IRQHandler
                0x0000000008006284                DMA1_Stream4_IRQHandler
                0x0000000008006284                I2C1_ER_IRQHandler
                0x0000000008006284                DMA2_Stream6_IRQHandler
                0x0000000008006284                DMA1_Stream3_IRQHandler
 *fill*         0x0000000008006286        0x2 
 .text.HAL_InitTick
                0x0000000008006288       0x48 Drivers/STM32F4xx_HAL_Driver/Src/stm32f4xx_hal.o
                0x0000000008006288                HAL_InitTick
 .text.HAL_Init
                0x00000000080062d0       0x34 Drivers/STM32F4xx_HAL_Driver/Src/stm32f4xx_hal.o
                0x00000000080062d0                HAL_Init
 .text.HAL_IncTick
                0x0000000008006304       0x18 Drivers/STM32F4xx_HAL_Driver/Src/stm32f4xx_hal.o
                0x0000000008006304                HAL_IncTick
 .text.HAL_GetTick
                0x000000000800631c        0xc Drivers/STM32F4xx_HAL_Driver/Src/stm32f4xx_hal.o
                0x000000000800631c                HAL_GetTick
 .text.HAL_Delay
                0x0000000008006328       0x28 Drivers/STM32F4xx_HAL_Driver/Src/stm32f4xx_hal.o
                0x0000000008006328                HAL_Delay
 .text.HAL_NVIC_SetPriorityGrouping
                0x0000000008006350       0x24 Drivers/STM32F4xx_HAL_Driver/Src/stm32f4xx_hal_cortex.o
                0x0000000008006350                HAL_NVIC_SetPriorityGrouping
 .text.HAL_NVIC_SetPriority
                0x0000000008006374       0x64 Drivers/STM32F4xx_HAL_Driver/Src/stm32f4xx_hal_cortex.o
                0x0000000008006374                HAL_NVIC_SetPriority
 .text.HAL_NVIC_EnableIRQ
                0x00000000080063d8       0x1c Drivers/STM32F4xx_HAL_Driver/Src/stm32f4xx_hal_cortex.o
                0x00000000080063d8                HAL_NVIC_EnableIRQ
 .text.HAL_SYSTICK_Config
                0x00000000080063f4       0x2c Drivers/STM32F4xx_HAL_Driver/Src/stm32f4xx_hal_cortex.o
                0x00000000080063f4                HAL_SYSTICK_Config
 .text.HAL_SYSTICK_CLKSourceConfig
                0x0000000008006420       0x18 Drivers/STM32F4xx_HAL_Driver/Src/stm32f4xx_hal_cortex.o
                0x0000000008006420                HAL_SYSTICK_CLKSourceConfig
 .text.HAL_DAC_Init
                0x0000000008006438       0x26 Drivers/STM32F4xx_HAL_Driver/Src/stm32f4xx_hal_dac.o
                0x0000000008006438                HAL_DAC_Init
 .text.HAL_DAC_Start
                0x000000000800645e       0x54 Drivers/STM32F4xx_HAL_Driver/Src/stm32f4xx_hal_dac.o
                0x000000000800645e                HAL_DAC_Start
 .text.HAL_DAC_ConfigChannel
                0x00000000080064b2       0x46 Drivers/STM32F4xx_HAL_Driver/Src/stm32f4xx_hal_dac.o
                0x00000000080064b2                HAL_DAC_ConfigChannel
 .text.HAL_GPIO_Init
                0x00000000080064f8      0x1b4 Drivers/STM32F4xx_HAL_Driver/Src/stm32f4xx_hal_gpio.o
                0x00000000080064f8                HAL_GPIO_Init
 .text.HAL_GPIO_WritePin
                0x00000000080066ac        0xa Drivers/STM32F4xx_HAL_Driver/Src/stm32f4xx_hal_gpio.o
                0x00000000080066ac                HAL_GPIO_WritePin
 *fill*         0x00000000080066b6        0x2 
 .text.HAL_RCC_OscConfig
                0x00000000080066b8      0x358 Drivers/STM32F4xx_HAL_Driver/Src/stm32f4xx_hal_rcc.o
                0x00000000080066b8                HAL_RCC_OscConfig
 .text.HAL_RCC_GetSysClockFreq
                0x0000000008006a10       0x5c Drivers/STM32F4xx_HAL_Driver/Src/stm32f4xx_hal_rcc.o
                0x0000000008006a10                HAL_RCC_GetSysClockFreq
 .text.HAL_RCC_ClockConfig
                0x0000000008006a6c      0x138 Drivers/STM32F4xx_HAL_Driver/Src/stm32f4xx_hal_rcc.o
                0x0000000008006a6c                HAL_RCC_ClockConfig
 .text.HAL_SRAM_Init
                0x0000000008006ba4       0x54 Drivers/STM32F4xx_HAL_Driver/Src/stm32f4xx_hal_sram.o
                0x0000000008006ba4                HAL_SRAM_Init
 .text.HAL_TIM_Base_Start_IT
                0x0000000008006bf8       0x74 Drivers/STM32F4xx_HAL_Driver/Src/stm32f4xx_hal_tim.o
                0x0000000008006bf8                HAL_TIM_Base_Start_IT
 .text.HAL_TIM_PeriodElapsedCallback
                0x0000000008006c6c        0x2 Drivers/STM32F4xx_HAL_Driver/Src/stm32f4xx_hal_tim.o
                0x0000000008006c6c                HAL_TIM_PeriodElapsedCallback
 .text.HAL_TIM_OC_DelayElapsedCallback
                0x0000000008006c6e        0x2 Drivers/STM32F4xx_HAL_Driver/Src/stm32f4xx_hal_tim.o
                0x0000000008006c6e                HAL_TIM_OC_DelayElapsedCallback
 .text.HAL_TIM_IC_CaptureCallback
                0x0000000008006c70        0x2 Drivers/STM32F4xx_HAL_Driver/Src/stm32f4xx_hal_tim.o
                0x0000000008006c70                HAL_TIM_IC_CaptureCallback
 .text.HAL_TIM_PWM_PulseFinishedCallback
                0x0000000008006c72        0x2 Drivers/STM32F4xx_HAL_Driver/Src/stm32f4xx_hal_tim.o
                0x0000000008006c72                HAL_TIM_PWM_PulseFinishedCallback
 .text.HAL_TIM_TriggerCallback
                0x0000000008006c74        0x2 Drivers/STM32F4xx_HAL_Driver/Src/stm32f4xx_hal_tim.o
                0x0000000008006c74                HAL_TIM_TriggerCallback
 .text.HAL_TIM_IRQHandler
                0x0000000008006c76      0x144 Drivers/STM32F4xx_HAL_Driver/Src/stm32f4xx_hal_tim.o
                0x0000000008006c76                HAL_TIM_IRQHandler
 *fill*         0x0000000008006dba        0x2 
 .text.TIM_Base_SetConfig
                0x0000000008006dbc       0xcc Drivers/STM32F4xx_HAL_Driver/Src/stm32f4xx_hal_tim.o
                0x0000000008006dbc                TIM_Base_SetConfig
 .text.HAL_TIM_Base_Init
                0x0000000008006e88       0x58 Drivers/STM32F4xx_HAL_Driver/Src/stm32f4xx_hal_tim.o
                0x0000000008006e88                HAL_TIM_Base_Init
 .text.TIM_ETR_SetConfig
                0x0000000008006ee0       0x14 Drivers/STM32F4xx_HAL_Driver/Src/stm32f4xx_hal_tim.o
                0x0000000008006ee0                TIM_ETR_SetConfig
 .text.HAL_TIM_ConfigClockSource
                0x0000000008006ef4      0x128 Drivers/STM32F4xx_HAL_Driver/Src/stm32f4xx_hal_tim.o
                0x0000000008006ef4                HAL_TIM_ConfigClockSource
 .text.HAL_TIMEx_MasterConfigSynchronization
                0x000000000800701c       0x7c Drivers/STM32F4xx_HAL_Driver/Src/stm32f4xx_hal_tim_ex.o
                0x000000000800701c                HAL_TIMEx_MasterConfigSynchronization
 .text.HAL_TIMEx_CommutCallback
                0x0000000008007098        0x2 Drivers/STM32F4xx_HAL_Driver/Src/stm32f4xx_hal_tim_ex.o
                0x0000000008007098                HAL_TIMEx_CommutCallback
 .text.HAL_TIMEx_BreakCallback
                0x000000000800709a        0x2 Drivers/STM32F4xx_HAL_Driver/Src/stm32f4xx_hal_tim_ex.o
                0x000000000800709a                HAL_TIMEx_BreakCallback
 .text.FSMC_NORSRAM_Init
                0x000000000800709c       0x58 Drivers/STM32F4xx_HAL_Driver/Src/stm32f4xx_ll_fsmc.o
                0x000000000800709c                FSMC_NORSRAM_Init
 .text.FSMC_NORSRAM_Timing_Init
                0x00000000080070f4       0x3c Drivers/STM32F4xx_HAL_Driver/Src/stm32f4xx_ll_fsmc.o
                0x00000000080070f4                FSMC_NORSRAM_Timing_Init
 .text.FSMC_NORSRAM_Extended_Timing_Init
                0x0000000008007130       0x3c Drivers/STM32F4xx_HAL_Driver/Src/stm32f4xx_ll_fsmc.o
                0x0000000008007130                FSMC_NORSRAM_Extended_Timing_Init
 .text.__errno  0x000000000800716c        0xc d:/app/st/stm32cubeide_1.6.1/stm32cubeide/plugins/com.st.stm32cube.ide.mcu.externaltools.gnu-tools-for-stm32.9-2020-q2-update.win32_1.5.0.202011040924/tools/bin/../lib/gcc/arm-none-eabi/9.3.1/../../../../arm-none-eabi/lib/thumb/v7e-m+fp/hard\libc_nano.a(lib_a-errno.o)
                0x000000000800716c                __errno
 .text.__libc_init_array
                0x0000000008007178       0x48 d:/app/st/stm32cubeide_1.6.1/stm32cubeide/plugins/com.st.stm32cube.ide.mcu.externaltools.gnu-tools-for-stm32.9-2020-q2-update.win32_1.5.0.202011040924/tools/bin/../lib/gcc/arm-none-eabi/9.3.1/../../../../arm-none-eabi/lib/thumb/v7e-m+fp/hard\libc_nano.a(lib_a-init.o)
                0x0000000008007178                __libc_init_array
 .text.memset   0x00000000080071c0       0x10 d:/app/st/stm32cubeide_1.6.1/stm32cubeide/plugins/com.st.stm32cube.ide.mcu.externaltools.gnu-tools-for-stm32.9-2020-q2-update.win32_1.5.0.202011040924/tools/bin/../lib/gcc/arm-none-eabi/9.3.1/../../../../arm-none-eabi/lib/thumb/v7e-m+fp/hard\libc_nano.a(lib_a-memset.o)
                0x00000000080071c0                memset
 .text.sqrt     0x00000000080071d0       0x68 d:/app/st/stm32cubeide_1.6.1/stm32cubeide/plugins/com.st.stm32cube.ide.mcu.externaltools.gnu-tools-for-stm32.9-2020-q2-update.win32_1.5.0.202011040924/tools/bin/../lib/gcc/arm-none-eabi/9.3.1/../../../../arm-none-eabi/lib/thumb/v7e-m+fp/hard\libm.a(lib_a-w_sqrt.o)
                0x00000000080071d0                sqrt
 .text.__ieee754_sqrt
                0x0000000008007238      0x168 d:/app/st/stm32cubeide_1.6.1/stm32cubeide/plugins/com.st.stm32cube.ide.mcu.externaltools.gnu-tools-for-stm32.9-2020-q2-update.win32_1.5.0.202011040924/tools/bin/../lib/gcc/arm-none-eabi/9.3.1/../../../../arm-none-eabi/lib/thumb/v7e-m+fp/hard\libm.a(lib_a-e_sqrt.o)
                0x0000000008007238                __ieee754_sqrt
 *(.glue_7)
 .glue_7        0x00000000080073a0        0x0 linker stubs
 *(.glue_7t)
 .glue_7t       0x00000000080073a0        0x0 linker stubs
 *(.eh_frame)
 .eh_frame      0x00000000080073a0        0x0 d:/app/st/stm32cubeide_1.6.1/stm32cubeide/plugins/com.st.stm32cube.ide.mcu.externaltools.gnu-tools-for-stm32.9-2020-q2-update.win32_1.5.0.202011040924/tools/bin/../lib/gcc/arm-none-eabi/9.3.1/thumb/v7e-m+fp/hard/crtbegin.o
 *(.init)
 .init          0x00000000080073a0        0x4 d:/app/st/stm32cubeide_1.6.1/stm32cubeide/plugins/com.st.stm32cube.ide.mcu.externaltools.gnu-tools-for-stm32.9-2020-q2-update.win32_1.5.0.202011040924/tools/bin/../lib/gcc/arm-none-eabi/9.3.1/thumb/v7e-m+fp/hard/crti.o
                0x00000000080073a0                _init
 .init          0x00000000080073a4        0x8 d:/app/st/stm32cubeide_1.6.1/stm32cubeide/plugins/com.st.stm32cube.ide.mcu.externaltools.gnu-tools-for-stm32.9-2020-q2-update.win32_1.5.0.202011040924/tools/bin/../lib/gcc/arm-none-eabi/9.3.1/thumb/v7e-m+fp/hard/crtn.o
 *(.fini)
 .fini          0x00000000080073ac        0x4 d:/app/st/stm32cubeide_1.6.1/stm32cubeide/plugins/com.st.stm32cube.ide.mcu.externaltools.gnu-tools-for-stm32.9-2020-q2-update.win32_1.5.0.202011040924/tools/bin/../lib/gcc/arm-none-eabi/9.3.1/thumb/v7e-m+fp/hard/crti.o
                0x00000000080073ac                _fini
 .fini          0x00000000080073b0        0x8 d:/app/st/stm32cubeide_1.6.1/stm32cubeide/plugins/com.st.stm32cube.ide.mcu.externaltools.gnu-tools-for-stm32.9-2020-q2-update.win32_1.5.0.202011040924/tools/bin/../lib/gcc/arm-none-eabi/9.3.1/thumb/v7e-m+fp/hard/crtn.o
                0x00000000080073b8                . = ALIGN (0x4)
                0x00000000080073b8                _etext = .

.vfp11_veneer   0x00000000080073b8        0x0
 .vfp11_veneer  0x00000000080073b8        0x0 linker stubs

.v4_bx          0x00000000080073b8        0x0
 .v4_bx         0x00000000080073b8        0x0 linker stubs

.iplt           0x00000000080073b8        0x0
 .iplt          0x00000000080073b8        0x0 d:/app/st/stm32cubeide_1.6.1/stm32cubeide/plugins/com.st.stm32cube.ide.mcu.externaltools.gnu-tools-for-stm32.9-2020-q2-update.win32_1.5.0.202011040924/tools/bin/../lib/gcc/arm-none-eabi/9.3.1/thumb/v7e-m+fp/hard/crtbegin.o

.rodata         0x00000000080073b8     0x18b4
                0x00000000080073b8                . = ALIGN (0x4)
 *(.rodata)
 *(.rodata*)
 .rodata.CSWTCH.36
                0x00000000080073b8        0x8 Core/Src/lcd.o
 .rodata.CSWTCH.37
                0x00000000080073c0        0x7 Core/Src/lcd.o
 .rodata.CSWTCH.38
                0x00000000080073c7        0x8 Core/Src/lcd.o
 .rodata.asc2_1206
                0x00000000080073cf      0x474 Core/Src/lcd.o
                0x00000000080073cf                asc2_1206
 .rodata.asc2_1608
                0x0000000008007843      0x5f0 Core/Src/lcd.o
                0x0000000008007843                asc2_1608
 .rodata.asc2_2412
                0x0000000008007e33      0xd5c Core/Src/lcd.o
                0x0000000008007e33                asc2_2412
 .rodata.AHBPrescTable
                0x0000000008008b8f       0x10 Core/Src/system_stm32f4xx.o
                0x0000000008008b8f                AHBPrescTable
 .rodata.TP_Adj_Info_Show.str1.1
                0x0000000008008b9f       0x28 Core/Src/touch.o
 .rodata.TP_Adjust.str1.1
                0x0000000008008bc7       0xa3 Core/Src/touch.o
                0x0000000008008c6c                . = ALIGN (0x4)
 *fill*         0x0000000008008c6a        0x2 

.ARM.extab      0x0000000008008c6c        0x0
                0x0000000008008c6c                . = ALIGN (0x4)
 *(.ARM.extab* .gnu.linkonce.armextab.*)
                0x0000000008008c6c                . = ALIGN (0x4)

.ARM            0x0000000008008c6c        0x8
                0x0000000008008c6c                . = ALIGN (0x4)
                0x0000000008008c6c                __exidx_start = .
 *(.ARM.exidx*)
 .ARM.exidx     0x0000000008008c6c        0x8 d:/app/st/stm32cubeide_1.6.1/stm32cubeide/plugins/com.st.stm32cube.ide.mcu.externaltools.gnu-tools-for-stm32.9-2020-q2-update.win32_1.5.0.202011040924/tools/bin/../lib/gcc/arm-none-eabi/9.3.1/thumb/v7e-m+fp/hard\libgcc.a(_udivmoddi4.o)
                0x0000000008008c74                __exidx_end = .
                0x0000000008008c74                . = ALIGN (0x4)

.rel.dyn        0x0000000008008c74        0x0
 .rel.iplt      0x0000000008008c74        0x0 d:/app/st/stm32cubeide_1.6.1/stm32cubeide/plugins/com.st.stm32cube.ide.mcu.externaltools.gnu-tools-for-stm32.9-2020-q2-update.win32_1.5.0.202011040924/tools/bin/../lib/gcc/arm-none-eabi/9.3.1/thumb/v7e-m+fp/hard/crtbegin.o

.preinit_array  0x0000000008008c74        0x0
                0x0000000008008c74                . = ALIGN (0x4)
                0x0000000008008c74                PROVIDE (__preinit_array_start = .)
 *(.preinit_array*)
                0x0000000008008c74                PROVIDE (__preinit_array_end = .)
                0x0000000008008c74                . = ALIGN (0x4)

.init_array     0x0000000008008c74        0x4
                0x0000000008008c74                . = ALIGN (0x4)
                0x0000000008008c74                PROVIDE (__init_array_start = .)
 *(SORT_BY_NAME(.init_array.*))
 *(.init_array*)
 .init_array    0x0000000008008c74        0x4 d:/app/st/stm32cubeide_1.6.1/stm32cubeide/plugins/com.st.stm32cube.ide.mcu.externaltools.gnu-tools-for-stm32.9-2020-q2-update.win32_1.5.0.202011040924/tools/bin/../lib/gcc/arm-none-eabi/9.3.1/thumb/v7e-m+fp/hard/crtbegin.o
                0x0000000008008c78                PROVIDE (__init_array_end = .)
                0x0000000008008c78                . = ALIGN (0x4)

.fini_array     0x0000000008008c78        0x4
                0x0000000008008c78                . = ALIGN (0x4)
                [!provide]                        PROVIDE (__fini_array_start = .)
 *(SORT_BY_NAME(.fini_array.*))
 *(.fini_array*)
 .fini_array    0x0000000008008c78        0x4 d:/app/st/stm32cubeide_1.6.1/stm32cubeide/plugins/com.st.stm32cube.ide.mcu.externaltools.gnu-tools-for-stm32.9-2020-q2-update.win32_1.5.0.202011040924/tools/bin/../lib/gcc/arm-none-eabi/9.3.1/thumb/v7e-m+fp/hard/crtbegin.o
                [!provide]                        PROVIDE (__fini_array_end = .)
                0x0000000008008c7c                . = ALIGN (0x4)
                0x0000000008008c7c                _sidata = LOADADDR (.data)

.data           0x0000000020000000       0xb0 load address 0x0000000008008c7c
                0x0000000020000000                . = ALIGN (0x4)
                0x0000000020000000                _sdata = .
 *(.data)
 *(.data*)
 .data.BACK_COLOR
                0x0000000020000000        0x2 Core/Src/lcd.o
                0x0000000020000000                BACK_COLOR
 *fill*         0x0000000020000002        0x2 
 .data.SystemCoreClock
                0x0000000020000004        0x4 Core/Src/system_stm32f4xx.o
                0x0000000020000004                SystemCoreClock
 .data.CMD_RDX  0x0000000020000008        0x1 Core/Src/touch.o
                0x0000000020000008                CMD_RDX
 .data.CMD_RDY  0x0000000020000009        0x1 Core/Src/touch.o
                0x0000000020000009                CMD_RDY
 *fill*         0x000000002000000a        0x2 
 .data.tp_dev   0x000000002000000c       0x34 Core/Src/touch.o
                0x000000002000000c                tp_dev
 .data.uwTickFreq
                0x0000000020000040        0x1 Drivers/STM32F4xx_HAL_Driver/Src/stm32f4xx_hal.o
                0x0000000020000040                uwTickFreq
 *fill*         0x0000000020000041        0x3 
 .data.uwTickPrio
                0x0000000020000044        0x4 Drivers/STM32F4xx_HAL_Driver/Src/stm32f4xx_hal.o
                0x0000000020000044                uwTickPrio
 .data._impure_ptr
                0x0000000020000048        0x4 d:/app/st/stm32cubeide_1.6.1/stm32cubeide/plugins/com.st.stm32cube.ide.mcu.externaltools.gnu-tools-for-stm32.9-2020-q2-update.win32_1.5.0.202011040924/tools/bin/../lib/gcc/arm-none-eabi/9.3.1/../../../../arm-none-eabi/lib/thumb/v7e-m+fp/hard\libc_nano.a(lib_a-impure.o)
                0x0000000020000048                _impure_ptr
 .data.impure_data
                0x000000002000004c       0x60 d:/app/st/stm32cubeide_1.6.1/stm32cubeide/plugins/com.st.stm32cube.ide.mcu.externaltools.gnu-tools-for-stm32.9-2020-q2-update.win32_1.5.0.202011040924/tools/bin/../lib/gcc/arm-none-eabi/9.3.1/../../../../arm-none-eabi/lib/thumb/v7e-m+fp/hard\libc_nano.a(lib_a-impure.o)
 .data.__fdlib_version
                0x00000000200000ac        0x1 d:/app/st/stm32cubeide_1.6.1/stm32cubeide/plugins/com.st.stm32cube.ide.mcu.externaltools.gnu-tools-for-stm32.9-2020-q2-update.win32_1.5.0.202011040924/tools/bin/../lib/gcc/arm-none-eabi/9.3.1/../../../../arm-none-eabi/lib/thumb/v7e-m+fp/hard\libm.a(lib_a-s_lib_ver.o)
                0x00000000200000ac                __fdlib_version
 *(.RamFunc)
 *(.RamFunc*)
                0x00000000200000b0                . = ALIGN (0x4)
 *fill*         0x00000000200000ad        0x3 
                0x00000000200000b0                _edata = .

.igot.plt       0x00000000200000b0        0x0 load address 0x0000000008008d2c
 .igot.plt      0x00000000200000b0        0x0 d:/app/st/stm32cubeide_1.6.1/stm32cubeide/plugins/com.st.stm32cube.ide.mcu.externaltools.gnu-tools-for-stm32.9-2020-q2-update.win32_1.5.0.202011040924/tools/bin/../lib/gcc/arm-none-eabi/9.3.1/thumb/v7e-m+fp/hard/crtbegin.o
                0x00000000200000b0                . = ALIGN (0x4)

.bss            0x00000000200000b0       0xec load address 0x0000000008008d2c
                0x00000000200000b0                _sbss = .
                0x00000000200000b0                __bss_start__ = _sbss
 *(.bss)
 .bss           0x00000000200000b0       0x1c d:/app/st/stm32cubeide_1.6.1/stm32cubeide/plugins/com.st.stm32cube.ide.mcu.externaltools.gnu-tools-for-stm32.9-2020-q2-update.win32_1.5.0.202011040924/tools/bin/../lib/gcc/arm-none-eabi/9.3.1/thumb/v7e-m+fp/hard/crtbegin.o
 *(.bss*)
 .bss.fac_us    0x00000000200000cc        0x1 Core/Src/base.o
 *fill*         0x00000000200000cd        0x3 
 .bss.FSMC_Initialized
                0x00000000200000d0        0x4 Core/Src/fsmc.o
 .bss.POINT_COLOR
                0x00000000200000d4        0x2 Core/Src/lcd.o
                0x00000000200000d4                POINT_COLOR
 *fill*         0x00000000200000d6        0x2 
 .bss.flag      0x00000000200000d8        0x4 Core/Src/stm32f4xx_it.o
 *(COMMON)
 COMMON         0x00000000200000dc       0x14 Core/Src/dac.o
                0x00000000200000dc                hdac
 COMMON         0x00000000200000f0       0x50 Core/Src/fsmc.o
                0x00000000200000f0                hsram1
 COMMON         0x0000000020000140        0xe Core/Src/lcd.o
                0x0000000020000140                lcddev
 *fill*         0x000000002000014e        0x2 
 COMMON         0x0000000020000150       0x48 Core/Src/tim.o
                0x0000000020000150                htim8
 COMMON         0x0000000020000198        0x4 Drivers/STM32F4xx_HAL_Driver/Src/stm32f4xx_hal.o
                0x0000000020000198                uwTick
                0x000000002000019c                . = ALIGN (0x4)
                0x000000002000019c                _ebss = .
                0x000000002000019c                __bss_end__ = _ebss

._user_heap_stack
                0x000000002000019c      0x604 load address 0x0000000008008d2c
                0x00000000200001a0                . = ALIGN (0x8)
 *fill*         0x000000002000019c        0x4 
                [!provide]                        PROVIDE (end = .)
                0x00000000200001a0                PROVIDE (_end = .)
                0x00000000200003a0                . = (. + _Min_Heap_Size)
 *fill*         0x00000000200001a0      0x200 
                0x00000000200007a0                . = (. + _Min_Stack_Size)
 *fill*         0x00000000200003a0      0x400 
                0x00000000200007a0                . = ALIGN (0x8)

/DISCARD/
 libc.a(*)
 libm.a(*)
 libgcc.a(*)

.ARM.attributes
                0x0000000000000000       0x30
 *(.ARM.attributes)
 .ARM.attributes
                0x0000000000000000       0x1e d:/app/st/stm32cubeide_1.6.1/stm32cubeide/plugins/com.st.stm32cube.ide.mcu.externaltools.gnu-tools-for-stm32.9-2020-q2-update.win32_1.5.0.202011040924/tools/bin/../lib/gcc/arm-none-eabi/9.3.1/thumb/v7e-m+fp/hard/crti.o
 .ARM.attributes
                0x000000000000001e       0x34 d:/app/st/stm32cubeide_1.6.1/stm32cubeide/plugins/com.st.stm32cube.ide.mcu.externaltools.gnu-tools-for-stm32.9-2020-q2-update.win32_1.5.0.202011040924/tools/bin/../lib/gcc/arm-none-eabi/9.3.1/thumb/v7e-m+fp/hard/crtbegin.o
 .ARM.attributes
                0x0000000000000052       0x34 Core/Src/24cxx.o
 .ARM.attributes
                0x0000000000000086       0x34 Core/Src/base.o
 .ARM.attributes
                0x00000000000000ba       0x34 Core/Src/dac.o
 .ARM.attributes
                0x00000000000000ee       0x34 Core/Src/fsmc.o
 .ARM.attributes
                0x0000000000000122       0x34 Core/Src/gpio.o
 .ARM.attributes
                0x0000000000000156       0x34 Core/Src/lcd.o
 .ARM.attributes
                0x000000000000018a       0x34 Core/Src/main.o
 .ARM.attributes
                0x00000000000001be       0x34 Core/Src/myiic.o
 .ARM.attributes
                0x00000000000001f2       0x34 Core/Src/stm32f4xx_hal_msp.o
 .ARM.attributes
                0x0000000000000226       0x34 Core/Src/stm32f4xx_it.o
 .ARM.attributes
                0x000000000000025a       0x34 Core/Src/system_stm32f4xx.o
 .ARM.attributes
                0x000000000000028e       0x34 Core/Src/tim.o
 .ARM.attributes
                0x00000000000002c2       0x34 Core/Src/touch.o
 .ARM.attributes
                0x00000000000002f6       0x21 Core/Startup/startup_stm32f407zgtx.o
 .ARM.attributes
                0x0000000000000317       0x34 Drivers/STM32F4xx_HAL_Driver/Src/stm32f4xx_hal.o
 .ARM.attributes
                0x000000000000034b       0x34 Drivers/STM32F4xx_HAL_Driver/Src/stm32f4xx_hal_cortex.o
 .ARM.attributes
                0x000000000000037f       0x34 Drivers/STM32F4xx_HAL_Driver/Src/stm32f4xx_hal_dac.o
 .ARM.attributes
                0x00000000000003b3       0x34 Drivers/STM32F4xx_HAL_Driver/Src/stm32f4xx_hal_gpio.o
 .ARM.attributes
                0x00000000000003e7       0x34 Drivers/STM32F4xx_HAL_Driver/Src/stm32f4xx_hal_rcc.o
 .ARM.attributes
                0x000000000000041b       0x34 Drivers/STM32F4xx_HAL_Driver/Src/stm32f4xx_hal_sram.o
 .ARM.attributes
                0x000000000000044f       0x34 Drivers/STM32F4xx_HAL_Driver/Src/stm32f4xx_hal_tim.o
 .ARM.attributes
                0x0000000000000483       0x34 Drivers/STM32F4xx_HAL_Driver/Src/stm32f4xx_hal_tim_ex.o
 .ARM.attributes
                0x00000000000004b7       0x34 Drivers/STM32F4xx_HAL_Driver/Src/stm32f4xx_ll_fsmc.o
 .ARM.attributes
                0x00000000000004eb       0x34 d:/app/st/stm32cubeide_1.6.1/stm32cubeide/plugins/com.st.stm32cube.ide.mcu.externaltools.gnu-tools-for-stm32.9-2020-q2-update.win32_1.5.0.202011040924/tools/bin/../lib/gcc/arm-none-eabi/9.3.1/../../../../arm-none-eabi/lib/thumb/v7e-m+fp/hard\libc_nano.a(lib_a-errno.o)
 .ARM.attributes
                0x000000000000051f       0x32 d:/app/st/stm32cubeide_1.6.1/stm32cubeide/plugins/com.st.stm32cube.ide.mcu.externaltools.gnu-tools-for-stm32.9-2020-q2-update.win32_1.5.0.202011040924/tools/bin/../lib/gcc/arm-none-eabi/9.3.1/../../../../arm-none-eabi/lib/thumb/v7e-m+fp/hard\libc_nano.a(lib_a-impure.o)
 .ARM.attributes
                0x0000000000000551       0x34 d:/app/st/stm32cubeide_1.6.1/stm32cubeide/plugins/com.st.stm32cube.ide.mcu.externaltools.gnu-tools-for-stm32.9-2020-q2-update.win32_1.5.0.202011040924/tools/bin/../lib/gcc/arm-none-eabi/9.3.1/../../../../arm-none-eabi/lib/thumb/v7e-m+fp/hard\libc_nano.a(lib_a-init.o)
 .ARM.attributes
                0x0000000000000585       0x34 d:/app/st/stm32cubeide_1.6.1/stm32cubeide/plugins/com.st.stm32cube.ide.mcu.externaltools.gnu-tools-for-stm32.9-2020-q2-update.win32_1.5.0.202011040924/tools/bin/../lib/gcc/arm-none-eabi/9.3.1/../../../../arm-none-eabi/lib/thumb/v7e-m+fp/hard\libc_nano.a(lib_a-memset.o)
 .ARM.attributes
                0x00000000000005b9       0x34 d:/app/st/stm32cubeide_1.6.1/stm32cubeide/plugins/com.st.stm32cube.ide.mcu.externaltools.gnu-tools-for-stm32.9-2020-q2-update.win32_1.5.0.202011040924/tools/bin/../lib/gcc/arm-none-eabi/9.3.1/../../../../arm-none-eabi/lib/thumb/v7e-m+fp/hard\libm.a(lib_a-w_sqrt.o)
 .ARM.attributes
                0x00000000000005ed       0x34 d:/app/st/stm32cubeide_1.6.1/stm32cubeide/plugins/com.st.stm32cube.ide.mcu.externaltools.gnu-tools-for-stm32.9-2020-q2-update.win32_1.5.0.202011040924/tools/bin/../lib/gcc/arm-none-eabi/9.3.1/../../../../arm-none-eabi/lib/thumb/v7e-m+fp/hard\libm.a(lib_a-e_sqrt.o)
 .ARM.attributes
                0x0000000000000621       0x32 d:/app/st/stm32cubeide_1.6.1/stm32cubeide/plugins/com.st.stm32cube.ide.mcu.externaltools.gnu-tools-for-stm32.9-2020-q2-update.win32_1.5.0.202011040924/tools/bin/../lib/gcc/arm-none-eabi/9.3.1/../../../../arm-none-eabi/lib/thumb/v7e-m+fp/hard\libm.a(lib_a-s_lib_ver.o)
 .ARM.attributes
                0x0000000000000653       0x1e d:/app/st/stm32cubeide_1.6.1/stm32cubeide/plugins/com.st.stm32cube.ide.mcu.externaltools.gnu-tools-for-stm32.9-2020-q2-update.win32_1.5.0.202011040924/tools/bin/../lib/gcc/arm-none-eabi/9.3.1/thumb/v7e-m+fp/hard\libgcc.a(_arm_addsubdf3.o)
 .ARM.attributes
                0x0000000000000671       0x1e d:/app/st/stm32cubeide_1.6.1/stm32cubeide/plugins/com.st.stm32cube.ide.mcu.externaltools.gnu-tools-for-stm32.9-2020-q2-update.win32_1.5.0.202011040924/tools/bin/../lib/gcc/arm-none-eabi/9.3.1/thumb/v7e-m+fp/hard\libgcc.a(_arm_muldivdf3.o)
 .ARM.attributes
                0x000000000000068f       0x1e d:/app/st/stm32cubeide_1.6.1/stm32cubeide/plugins/com.st.stm32cube.ide.mcu.externaltools.gnu-tools-for-stm32.9-2020-q2-update.win32_1.5.0.202011040924/tools/bin/../lib/gcc/arm-none-eabi/9.3.1/thumb/v7e-m+fp/hard\libgcc.a(_arm_cmpdf2.o)
 .ARM.attributes
                0x00000000000006ad       0x1e d:/app/st/stm32cubeide_1.6.1/stm32cubeide/plugins/com.st.stm32cube.ide.mcu.externaltools.gnu-tools-for-stm32.9-2020-q2-update.win32_1.5.0.202011040924/tools/bin/../lib/gcc/arm-none-eabi/9.3.1/thumb/v7e-m+fp/hard\libgcc.a(_arm_unorddf2.o)
 .ARM.attributes
                0x00000000000006cb       0x1e d:/app/st/stm32cubeide_1.6.1/stm32cubeide/plugins/com.st.stm32cube.ide.mcu.externaltools.gnu-tools-for-stm32.9-2020-q2-update.win32_1.5.0.202011040924/tools/bin/../lib/gcc/arm-none-eabi/9.3.1/thumb/v7e-m+fp/hard\libgcc.a(_arm_fixunsdfsi.o)
 .ARM.attributes
                0x00000000000006e9       0x1e d:/app/st/stm32cubeide_1.6.1/stm32cubeide/plugins/com.st.stm32cube.ide.mcu.externaltools.gnu-tools-for-stm32.9-2020-q2-update.win32_1.5.0.202011040924/tools/bin/../lib/gcc/arm-none-eabi/9.3.1/thumb/v7e-m+fp/hard\libgcc.a(_aeabi_uldivmod.o)
 .ARM.attributes
                0x0000000000000707       0x34 d:/app/st/stm32cubeide_1.6.1/stm32cubeide/plugins/com.st.stm32cube.ide.mcu.externaltools.gnu-tools-for-stm32.9-2020-q2-update.win32_1.5.0.202011040924/tools/bin/../lib/gcc/arm-none-eabi/9.3.1/thumb/v7e-m+fp/hard\libgcc.a(_udivmoddi4.o)
 .ARM.attributes
                0x000000000000073b       0x1e d:/app/st/stm32cubeide_1.6.1/stm32cubeide/plugins/com.st.stm32cube.ide.mcu.externaltools.gnu-tools-for-stm32.9-2020-q2-update.win32_1.5.0.202011040924/tools/bin/../lib/gcc/arm-none-eabi/9.3.1/thumb/v7e-m+fp/hard\libgcc.a(_dvmd_tls.o)
 .ARM.attributes
                0x0000000000000759       0x1e d:/app/st/stm32cubeide_1.6.1/stm32cubeide/plugins/com.st.stm32cube.ide.mcu.externaltools.gnu-tools-for-stm32.9-2020-q2-update.win32_1.5.0.202011040924/tools/bin/../lib/gcc/arm-none-eabi/9.3.1/thumb/v7e-m+fp/hard/crtn.o
OUTPUT(BDS3_SOU2.elf elf32-littlearm)
LOAD linker stubs
LOAD d:/app/st/stm32cubeide_1.6.1/stm32cubeide/plugins/com.st.stm32cube.ide.mcu.externaltools.gnu-tools-for-stm32.9-2020-q2-update.win32_1.5.0.202011040924/tools/bin/../lib/gcc/arm-none-eabi/9.3.1/../../../../arm-none-eabi/lib/thumb/v7e-m+fp/hard\libc.a
LOAD d:/app/st/stm32cubeide_1.6.1/stm32cubeide/plugins/com.st.stm32cube.ide.mcu.externaltools.gnu-tools-for-stm32.9-2020-q2-update.win32_1.5.0.202011040924/tools/bin/../lib/gcc/arm-none-eabi/9.3.1/../../../../arm-none-eabi/lib/thumb/v7e-m+fp/hard\libm.a
LOAD d:/app/st/stm32cubeide_1.6.1/stm32cubeide/plugins/com.st.stm32cube.ide.mcu.externaltools.gnu-tools-for-stm32.9-2020-q2-update.win32_1.5.0.202011040924/tools/bin/../lib/gcc/arm-none-eabi/9.3.1/thumb/v7e-m+fp/hard\libgcc.a

.comment        0x0000000000000000       0x53
 .comment       0x0000000000000000       0x53 Core/Src/24cxx.o
                                         0x54 (size before relaxing)
 .comment       0x0000000000000053       0x54 Core/Src/base.o
 .comment       0x0000000000000053       0x54 Core/Src/dac.o
 .comment       0x0000000000000053       0x54 Core/Src/fsmc.o
 .comment       0x0000000000000053       0x54 Core/Src/gpio.o
 .comment       0x0000000000000053       0x54 Core/Src/lcd.o
 .comment       0x0000000000000053       0x54 Core/Src/main.o
 .comment       0x0000000000000053       0x54 Core/Src/myiic.o
 .comment       0x0000000000000053       0x54 Core/Src/stm32f4xx_hal_msp.o
 .comment       0x0000000000000053       0x54 Core/Src/stm32f4xx_it.o
 .comment       0x0000000000000053       0x54 Core/Src/system_stm32f4xx.o
 .comment       0x0000000000000053       0x54 Core/Src/tim.o
 .comment       0x0000000000000053       0x54 Core/Src/touch.o
 .comment       0x0000000000000053       0x54 Drivers/STM32F4xx_HAL_Driver/Src/stm32f4xx_hal.o
 .comment       0x0000000000000053       0x54 Drivers/STM32F4xx_HAL_Driver/Src/stm32f4xx_hal_cortex.o
 .comment       0x0000000000000053       0x54 Drivers/STM32F4xx_HAL_Driver/Src/stm32f4xx_hal_dac.o
 .comment       0x0000000000000053       0x54 Drivers/STM32F4xx_HAL_Driver/Src/stm32f4xx_hal_gpio.o
 .comment       0x0000000000000053       0x54 Drivers/STM32F4xx_HAL_Driver/Src/stm32f4xx_hal_rcc.o
 .comment       0x0000000000000053       0x54 Drivers/STM32F4xx_HAL_Driver/Src/stm32f4xx_hal_sram.o
 .comment       0x0000000000000053       0x54 Drivers/STM32F4xx_HAL_Driver/Src/stm32f4xx_hal_tim.o
 .comment       0x0000000000000053       0x54 Drivers/STM32F4xx_HAL_Driver/Src/stm32f4xx_hal_tim_ex.o
 .comment       0x0000000000000053       0x54 Drivers/STM32F4xx_HAL_Driver/Src/stm32f4xx_ll_fsmc.o

.debug_frame    0x0000000000000000      0x33c
 .debug_frame   0x0000000000000000       0x20 d:/app/st/stm32cubeide_1.6.1/stm32cubeide/plugins/com.st.stm32cube.ide.mcu.externaltools.gnu-tools-for-stm32.9-2020-q2-update.win32_1.5.0.202011040924/tools/bin/../lib/gcc/arm-none-eabi/9.3.1/../../../../arm-none-eabi/lib/thumb/v7e-m+fp/hard\libc_nano.a(lib_a-errno.o)
 .debug_frame   0x0000000000000020       0x2c d:/app/st/stm32cubeide_1.6.1/stm32cubeide/plugins/com.st.stm32cube.ide.mcu.externaltools.gnu-tools-for-stm32.9-2020-q2-update.win32_1.5.0.202011040924/tools/bin/../lib/gcc/arm-none-eabi/9.3.1/../../../../arm-none-eabi/lib/thumb/v7e-m+fp/hard\libc_nano.a(lib_a-init.o)
 .debug_frame   0x000000000000004c       0x20 d:/app/st/stm32cubeide_1.6.1/stm32cubeide/plugins/com.st.stm32cube.ide.mcu.externaltools.gnu-tools-for-stm32.9-2020-q2-update.win32_1.5.0.202011040924/tools/bin/../lib/gcc/arm-none-eabi/9.3.1/../../../../arm-none-eabi/lib/thumb/v7e-m+fp/hard\libc_nano.a(lib_a-memset.o)
 .debug_frame   0x000000000000006c       0x3c d:/app/st/stm32cubeide_1.6.1/stm32cubeide/plugins/com.st.stm32cube.ide.mcu.externaltools.gnu-tools-for-stm32.9-2020-q2-update.win32_1.5.0.202011040924/tools/bin/../lib/gcc/arm-none-eabi/9.3.1/../../../../arm-none-eabi/lib/thumb/v7e-m+fp/hard\libm.a(lib_a-w_sqrt.o)
 .debug_frame   0x00000000000000a8       0x30 d:/app/st/stm32cubeide_1.6.1/stm32cubeide/plugins/com.st.stm32cube.ide.mcu.externaltools.gnu-tools-for-stm32.9-2020-q2-update.win32_1.5.0.202011040924/tools/bin/../lib/gcc/arm-none-eabi/9.3.1/../../../../arm-none-eabi/lib/thumb/v7e-m+fp/hard\libm.a(lib_a-e_sqrt.o)
 .debug_frame   0x00000000000000d8       0xac d:/app/st/stm32cubeide_1.6.1/stm32cubeide/plugins/com.st.stm32cube.ide.mcu.externaltools.gnu-tools-for-stm32.9-2020-q2-update.win32_1.5.0.202011040924/tools/bin/../lib/gcc/arm-none-eabi/9.3.1/thumb/v7e-m+fp/hard\libgcc.a(_arm_addsubdf3.o)
 .debug_frame   0x0000000000000184       0x50 d:/app/st/stm32cubeide_1.6.1/stm32cubeide/plugins/com.st.stm32cube.ide.mcu.externaltools.gnu-tools-for-stm32.9-2020-q2-update.win32_1.5.0.202011040924/tools/bin/../lib/gcc/arm-none-eabi/9.3.1/thumb/v7e-m+fp/hard\libgcc.a(_arm_muldivdf3.o)
 .debug_frame   0x00000000000001d4       0xc4 d:/app/st/stm32cubeide_1.6.1/stm32cubeide/plugins/com.st.stm32cube.ide.mcu.externaltools.gnu-tools-for-stm32.9-2020-q2-update.win32_1.5.0.202011040924/tools/bin/../lib/gcc/arm-none-eabi/9.3.1/thumb/v7e-m+fp/hard\libgcc.a(_arm_cmpdf2.o)
 .debug_frame   0x0000000000000298       0x20 d:/app/st/stm32cubeide_1.6.1/stm32cubeide/plugins/com.st.stm32cube.ide.mcu.externaltools.gnu-tools-for-stm32.9-2020-q2-update.win32_1.5.0.202011040924/tools/bin/../lib/gcc/arm-none-eabi/9.3.1/thumb/v7e-m+fp/hard\libgcc.a(_arm_unorddf2.o)
 .debug_frame   0x00000000000002b8       0x24 d:/app/st/stm32cubeide_1.6.1/stm32cubeide/plugins/com.st.stm32cube.ide.mcu.externaltools.gnu-tools-for-stm32.9-2020-q2-update.win32_1.5.0.202011040924/tools/bin/../lib/gcc/arm-none-eabi/9.3.1/thumb/v7e-m+fp/hard\libgcc.a(_arm_fixunsdfsi.o)
 .debug_frame   0x00000000000002dc       0x2c d:/app/st/stm32cubeide_1.6.1/stm32cubeide/plugins/com.st.stm32cube.ide.mcu.externaltools.gnu-tools-for-stm32.9-2020-q2-update.win32_1.5.0.202011040924/tools/bin/../lib/gcc/arm-none-eabi/9.3.1/thumb/v7e-m+fp/hard\libgcc.a(_aeabi_uldivmod.o)
 .debug_frame   0x0000000000000308       0x34 d:/app/st/stm32cubeide_1.6.1/stm32cubeide/plugins/com.st.stm32cube.ide.mcu.externaltools.gnu-tools-for-stm32.9-2020-q2-update.win32_1.5.0.202011040924/tools/bin/../lib/gcc/arm-none-eabi/9.3.1/thumb/v7e-m+fp/hard\libgcc.a(_udivmoddi4.o)
