lcd.c:18:6:IIC_Init	4	static
lcd.c:35:6:IIC_Start	8	static
lcd.c:46:6:IIC_Stop	8	static
lcd.c:59:4:IIC_Wait_Ack	16	static
lcd.c:78:6:IIC_Ack	8	static
lcd.c:89:6:IIC_NAck	8	static
lcd.c:103:6:IIC_Send_Byte	24	static
lcd.c:120:4:IIC_Read_Byte	24	static
lcd.c:144:6:AT24CXX_Init	8	static
lcd.c:151:4:AT24CXX_ReadOneByte	24	static
lcd.c:174:6:AT24CXX_WriteOneByte	16	static
lcd.c:197:6:AT24CXX_WriteLenByte	24	static
lcd.c:211:5:AT24CXX_ReadLenByte	24	static
lcd.c:227:4:AT24CXX_Check	16	static
lcd.c:245:6:AT24CXX_Read	24	static
lcd.c:257:6:AT24CXX_Write	16	static
lcd.c:293:6:TP_Write_Byte	24	static
lcd.c:312:5:TP_Read_AD	24	static
lcd.c:346:5:TP_Read_XOY	48	static
lcd.c:376:4:TP_Read_XY	24	static
lcd.c:392:4:TP_Read_XY2	32	static
lcd.c:419:6:TP_Drow_Touch_Point	16	static
lcd.c:433:6:TP_Draw_Big_Point	16	static
lcd.c:446:4:TP_Scan	16	static
lcd.c:484:6:TP_Save_Adjdata	16	static
lcd.c:504:4:TP_Get_Adjdata	16	static
lcd.c:537:6:TP_Adj_Info_Show	32	static
lcd.c:562:6:TP_Adjust	112	static
lcd.c:718:4:TP_Init	8	static
lcd.c:799:6:LCD_WR_REG	16	static
lcd.c:806:6:LCD_WR_DATA	16	static
lcd.c:813:10:LCD_RD_DATA	16	static
lcd.c:822:6:LCD_WriteReg	16	static
lcd.c:830:10:LCD_ReadReg	16	static
lcd.c:838:6:LCD_WriteRAM_Prepare	4	static
lcd.c:844:6:LCD_WriteRAM	16	static
lcd.c:852:10:LCD_BGR2RGB	24	static
lcd.c:863:6:opt_delay	16	static
lcd.c:870:10:LCD_ReadPoint	24	static
lcd.c:895:6:LCD_DisplayOn	8	static
lcd.c:902:6:LCD_DisplayOff	8	static
lcd.c:911:6:LCD_SetCursor	16	static
lcd.c:962:6:LCD_Scan_Dir	24	static
lcd.c:1091:6:LCD_DrawPoint	16	static
lcd.c:1100:6:LCD_Fast_DrawPoint	16	static
lcd.c:1141:6:LCD_SSD_BackLightSet	16	static
lcd.c:1154:6:LCD_Display_Dir	16	static
lcd.c:1238:6:LCD_Set_Window	40	static
lcd.c:1310:6:LCD_Init	8	static
lcd.c:3408:6:LCD_Clear	24	static
lcd.c:3432:6:LCD_Fill	40	static
lcd.c:3465:6:LCD_Color_Fill	32	static
lcd.c:3481:6:LCD_DrawLine	64	static
lcd.c:3517:6:LCD_DrawRectangle	24	static
lcd.c:3527:6:LCD_Draw_Circle	32	static
lcd.c:3558:6:LCD_ShowChar	32	static
lcd.c:3590:10:LCD_Pow	24	static
lcd.c:3602:6:LCD_ShowNum	48	static
lcd.c:3630:6:LCD_ShowxNum	48	static
lcd.c:3655:6:LCD_ShowString	40	static
