Component: ARM Compiler 5.06 update 6 (build 750) Tool: armlink [4d35ed]

==============================================================================

Section Cross References

    main.o(.text) refers to delay.o(.text) for delay_init
    main.o(.text) refers to misc.o(.text) for NVIC_PriorityGroupConfig
    main.o(.text) refers to usart.o(.text) for uart_init
    main.o(.text) refers to led.o(.text) for LED_Init
    main.o(.text) refers to lcd.o(.text) for LCD_Init
    main.o(.text) refers to key.o(.text) for KEY_Init
    main.o(.text) refers to exti.o(.text) for EXTIX_Init
    main.o(.text) refers to touch.o(.data) for tp_dev
    system_stm32f10x.o(.text) refers to system_stm32f10x.o(.data) for .data
    led.o(.text) refers to stm32f10x_rcc.o(.text) for RCC_APB2PeriphClockCmd
    led.o(.text) refers to stm32f10x_gpio.o(.text) for GPIO_Init
    key.o(.text) refers to stm32f10x_rcc.o(.text) for RCC_APB2PeriphClockCmd
    key.o(.text) refers to stm32f10x_gpio.o(.text) for GPIO_Init
    key.o(.text) refers to delay.o(.text) for delay_ms
    key.o(.text) refers to key.o(.data) for .data
    lcd.o(.text) refers to _printf_percent.o(.ARM.Collect$$_printf_percent$$00000000) for _printf_percent
    lcd.o(.text) refers to _printf_x.o(.ARM.Collect$$_printf_percent$$0000000C) for _printf_x
    lcd.o(.text) refers to _printf_hex_int.o(.text) for _printf_longlong_hex
    lcd.o(.text) refers to delay.o(.text) for delay_us
    lcd.o(.text) refers to lcd.o(.bss) for .bss
    lcd.o(.text) refers to dflt_clz.o(x$fpl$dfltu) for __aeabi_ui2d
    lcd.o(.text) refers to dmul.o(x$fpl$dmul) for __aeabi_dmul
    lcd.o(.text) refers to dfixu.o(x$fpl$dfixu) for __aeabi_d2uiz
    lcd.o(.text) refers to lcd.o(.data) for .data
    lcd.o(.text) refers to stm32f10x_rcc.o(.text) for RCC_AHBPeriphClockCmd
    lcd.o(.text) refers to stm32f10x_gpio.o(.text) for GPIO_Init
    lcd.o(.text) refers to stm32f10x_fsmc.o(.text) for FSMC_NORSRAMInit
    lcd.o(.text) refers to noretval__2printf.o(.text) for __2printf
    lcd.o(.text) refers to lcd.o(.constdata) for .constdata
    myiic.o(.text) refers to stm32f10x_rcc.o(.text) for RCC_APB2PeriphClockCmd
    myiic.o(.text) refers to stm32f10x_gpio.o(.text) for GPIO_Init
    myiic.o(.text) refers to delay.o(.text) for delay_us
    24cxx.o(.text) refers to myiic.o(.text) for IIC_Init
    24cxx.o(.text) refers to delay.o(.text) for delay_ms
    spi.o(.text) refers to stm32f10x_spi.o(.text) for SPI_I2S_GetFlagStatus
    spi.o(.text) refers to stm32f10x_rcc.o(.text) for RCC_APB2PeriphClockCmd
    spi.o(.text) refers to stm32f10x_gpio.o(.text) for GPIO_Init
    w25qxx.o(.text) refers to _printf_percent.o(.ARM.Collect$$_printf_percent$$00000000) for _printf_percent
    w25qxx.o(.text) refers to _printf_x.o(.ARM.Collect$$_printf_percent$$0000000C) for _printf_x
    w25qxx.o(.text) refers to _printf_hex_int.o(.text) for _printf_longlong_hex
    w25qxx.o(.text) refers to spi.o(.text) for SPI2_ReadWriteByte
    w25qxx.o(.text) refers to stm32f10x_rcc.o(.text) for RCC_APB2PeriphClockCmd
    w25qxx.o(.text) refers to stm32f10x_gpio.o(.text) for GPIO_Init
    w25qxx.o(.text) refers to noretval__2printf.o(.text) for __2printf
    w25qxx.o(.text) refers to delay.o(.text) for delay_us
    w25qxx.o(.text) refers to w25qxx.o(.data) for .data
    w25qxx.o(.text) refers to w25qxx.o(.bss) for .bss
    touch.o(.text) refers to delay.o(.text) for delay_us
    touch.o(.text) refers to lcd.o(.text) for LCD_DrawLine
    touch.o(.text) refers to fflt_clz.o(x$fpl$fflt) for __aeabi_i2f
    touch.o(.text) refers to fflt_clz.o(x$fpl$ffltu) for __aeabi_ui2f
    touch.o(.text) refers to fmul.o(x$fpl$fmul) for __aeabi_fmul
    touch.o(.text) refers to faddsub_clz.o(x$fpl$fadd) for __aeabi_fadd
    touch.o(.text) refers to ffixu.o(x$fpl$ffixu) for __aeabi_f2uiz
    touch.o(.text) refers to 24cxx.o(.text) for AT24CXX_Write
    touch.o(.text) refers to touch.o(.data) for .data
    touch.o(.text) refers to lcd.o(.data) for POINT_COLOR
    touch.o(.text) refers to lcd.o(.bss) for lcddev
    touch.o(.text) refers to dflt_clz.o(x$fpl$dfltu) for __aeabi_ui2d
    touch.o(.text) refers to sqrt.o(i.sqrt) for sqrt
    touch.o(.text) refers to dfixu.o(x$fpl$dfixu) for __aeabi_d2uiz
    touch.o(.text) refers to fdiv.o(x$fpl$fdiv) for __aeabi_fdiv
    touch.o(.text) refers to f2d.o(x$fpl$f2d) for __aeabi_f2d
    touch.o(.text) refers to dleqf.o(x$fpl$dleqf) for __aeabi_cdcmple
    touch.o(.text) refers to drleqf.o(x$fpl$drleqf) for __aeabi_cdrcmple
    touch.o(.text) refers to dmul.o(x$fpl$dmul) for __aeabi_dmul
    touch.o(.text) refers to touch.o(.constdata) for .constdata
    touch.o(.text) refers to faddsub_clz.o(x$fpl$fsub) for __aeabi_fsub
    touch.o(.text) refers to scalbnf.o(x$fpl$scalbnf) for __ARM_scalbnf
    touch.o(.text) refers to ffix.o(x$fpl$ffix) for __aeabi_f2iz
    touch.o(.text) refers to stm32f10x_rcc.o(.text) for RCC_APB2PeriphClockCmd
    touch.o(.text) refers to stm32f10x_gpio.o(.text) for GPIO_Init
[...]
    ..\HARDWARE\LED\led.c                    0x00000000   Number         0  led.o ABSOLUTE
    ..\HARDWARE\SPI\spi.c                    0x00000000   Number         0  spi.o ABSOLUTE
    ..\HARDWARE\TOUCH\ctiic.c                0x00000000   Number         0  ctiic.o ABSOLUTE
    ..\HARDWARE\TOUCH\ft5206.c               0x00000000   Number         0  ft5206.o ABSOLUTE
    ..\HARDWARE\TOUCH\gt9147.c               0x00000000   Number         0  gt9147.o ABSOLUTE
    ..\HARDWARE\TOUCH\ott2001a.c             0x00000000   Number         0  ott2001a.o ABSOLUTE
    ..\HARDWARE\TOUCH\touch.c                0x00000000   Number         0  touch.o ABSOLUTE
    ..\HARDWARE\W25QXX\w25qxx.c              0x00000000   Number         0  w25qxx.o ABSOLUTE
    ..\STM32F10x_FWLib\src\misc.c            0x00000000   Number         0  misc.o ABSOLUTE
    ..\STM32F10x_FWLib\src\stm32f10x_adc.c   0x00000000   Number         0  stm32f10x_adc.o ABSOLUTE
    ..\STM32F10x_FWLib\src\stm32f10x_bkp.c   0x00000000   Number         0  stm32f10x_bkp.o ABSOLUTE
    ..\STM32F10x_FWLib\src\stm32f10x_can.c   0x00000000   Number         0  stm32f10x_can.o ABSOLUTE
    ..\STM32F10x_FWLib\src\stm32f10x_cec.c   0x00000000   Number         0  stm32f10x_cec.o ABSOLUTE
    ..\STM32F10x_FWLib\src\stm32f10x_crc.c   0x00000000   Number         0  stm32f10x_crc.o ABSOLUTE
    ..\STM32F10x_FWLib\src\stm32f10x_dac.c   0x00000000   Number         0  stm32f10x_dac.o ABSOLUTE
    ..\STM32F10x_FWLib\src\stm32f10x_dbgmcu.c 0x00000000   Number         0  stm32f10x_dbgmcu.o ABSOLUTE
    ..\STM32F10x_FWLib\src\stm32f10x_dma.c   0x00000000   Number         0  stm32f10x_dma.o ABSOLUTE
    ..\STM32F10x_FWLib\src\stm32f10x_exti.c  0x00000000   Number         0  stm32f10x_exti.o ABSOLUTE
    ..\STM32F10x_FWLib\src\stm32f10x_flash.c 0x00000000   Number         0  stm32f10x_flash.o ABSOLUTE
    ..\STM32F10x_FWLib\src\stm32f10x_fsmc.c  0x00000000   Number         0  stm32f10x_fsmc.o ABSOLUTE
    ..\STM32F10x_FWLib\src\stm32f10x_gpio.c  0x00000000   Number         0  stm32f10x_gpio.o ABSOLUTE
    ..\STM32F10x_FWLib\src\stm32f10x_i2c.c   0x00000000   Number         0  stm32f10x_i2c.o ABSOLUTE
    ..\STM32F10x_FWLib\src\stm32f10x_iwdg.c  0x00000000   Number         0  stm32f10x_iwdg.o ABSOLUTE
    ..\STM32F10x_FWLib\src\stm32f10x_pwr.c   0x00000000   Number         0  stm32f10x_pwr.o ABSOLUTE
    ..\STM32F10x_FWLib\src\stm32f10x_rcc.c   0x00000000   Number         0  stm32f10x_rcc.o ABSOLUTE
    ..\STM32F10x_FWLib\src\stm32f10x_rtc.c   0x00000000   Number         0  stm32f10x_rtc.o ABSOLUTE
    ..\STM32F10x_FWLib\src\stm32f10x_sdio.c  0x00000000   Number         0  stm32f10x_sdio.o ABSOLUTE
    ..\STM32F10x_FWLib\src\stm32f10x_spi.c   0x00000000   Number         0  stm32f10x_spi.o ABSOLUTE
    ..\STM32F10x_FWLib\src\stm32f10x_tim.c   0x00000000   Number         0  stm32f10x_tim.o ABSOLUTE
    ..\STM32F10x_FWLib\src\stm32f10x_usart.c 0x00000000   Number         0  stm32f10x_usart.o ABSOLUTE
    ..\STM32F10x_FWLib\src\stm32f10x_wwdg.c  0x00000000   Number         0  stm32f10x_wwdg.o ABSOLUTE
    ..\SYSTEM\delay\delay.c                  0x00000000   Number         0  delay.o ABSOLUTE
    ..\SYSTEM\sys\exti.c                     0x00000000   Number         0  exti.o ABSOLUTE
    ..\SYSTEM\sys\sys.c                      0x00000000   Number         0  sys.o ABSOLUTE
    ..\SYSTEM\usart\usart.c                  0x00000000   Number         0  usart.o ABSOLUTE
    ..\\CORE\\core_cm3.c                     0x00000000   Number         0  core_cm3.o ABSOLUTE
    ..\\SYSTEM\\sys\\sys.c                   0x00000000   Number         0  sys.o ABSOLUTE
    dc.s                                     0x00000000   Number         0  dc.o ABSOLUTE
    main.c                                   0x00000000   Number         0  main.o ABSOLUTE
    stm32f10x_it.c                           0x00000000   Number         0  stm32f10x_it.o ABSOLUTE
    system_stm32f10x.c                       0x00000000   Number         0  system_stm32f10x.o ABSOLUTE
    RESET                                    0x08000000   Section      304  startup_stm32f10x_hd.o(RESET)
    !!!main                                  0x08000130   Section        8  __main.o(!!!main)
    !!!scatter                               0x08000138   Section       52  __scatter.o(!!!scatter)
    !!dclz77c                                0x0800016c   Section      100  __dclz77c.o(!!dclz77c)
    !!handler_zi                             0x080001d0   Section       28  __scatter_zi.o(!!handler_zi)
    .ARM.Collect$$_printf_percent$$00000000  0x080001ec   Section        0  _printf_percent.o(.ARM.Collect$$_printf_percent$$00000000)
    .ARM.Collect$$_printf_percent$$00000009  0x080001ec   Section        6  _printf_d.o(.ARM.Collect$$_printf_percent$$00000009)
    .ARM.Collect$$_printf_percent$$0000000C  0x080001f2   Section        6  _printf_x.o(.ARM.Collect$$_printf_percent$$0000000C)
    .ARM.Collect$$_printf_percent$$00000014  0x080001f8   Section        6  _printf_s.o(.ARM.Collect$$_printf_percent$$00000014)
    .ARM.Collect$$_printf_percent$$00000017  0x080001fe   Section        4  _printf_percent_end.o(.ARM.Collect$$_printf_percent$$00000017)
    .ARM.Collect$$libinit$$00000000          0x08000202   Section        2  libinit.o(.ARM.Collect$$libinit$$00000000)
    .ARM.Collect$$libinit$$00000002          0x08000204   Section        0  libinit2.o(.ARM.Collect$$libinit$$00000002)
    .ARM.Collect$$libinit$$00000004          0x08000204   Section        0  libinit2.o(.ARM.Collect$$libinit$$00000004)
    .ARM.Collect$$libinit$$0000000A          0x08000204   Section        0  libinit2.o(.ARM.Collect$$libinit$$0000000A)
    .ARM.Collect$$libinit$$0000000C          0x08000204   Section        0  libinit2.o(.ARM.Collect$$libinit$$0000000C)
    .ARM.Collect$$libinit$$0000000E          0x08000204   Section        0  libinit2.o(.ARM.Collect$$libinit$$0000000E)
    .ARM.Collect$$libinit$$00000011          0x08000204   Section        0  libinit2.o(.ARM.Collect$$libinit$$00000011)
    .ARM.Collect$$libinit$$00000013          0x08000204   Section        0  libinit2.o(.ARM.Collect$$libinit$$00000013)
    .ARM.Collect$$libinit$$00000015          0x08000204   Section        0  libinit2.o(.ARM.Collect$$libinit$$00000015)
    .ARM.Collect$$libinit$$00000017          0x08000204   Section        0  libinit2.o(.ARM.Collect$$libinit$$00000017)
    .ARM.Collect$$libinit$$00000019          0x08000204   Section        0  libinit2.o(.ARM.Collect$$libinit$$00000019)
    .ARM.Collect$$libinit$$0000001B          0x08000204   Section        0  libinit2.o(.ARM.Collect$$libinit$$0000001B)
    .ARM.Collect$$libinit$$0000001D          0x08000204   Section        0  libinit2.o(.ARM.Collect$$libinit$$0000001D)
    .ARM.Collect$$libinit$$0000001F          0x08000204   Section        0  libinit2.o(.ARM.Collect$$libinit$$0000001F)
    .ARM.Collect$$libinit$$00000021          0x08000204   Section        0  libinit2.o(.ARM.Collect$$libinit$$00000021)
    .ARM.Collect$$libinit$$00000023          0x08000204   Section        0  libinit2.o(.ARM.Collect$$libinit$$00000023)
    .ARM.Collect$$libinit$$00000025          0x08000204   Section        0  libinit2.o(.ARM.Collect$$libinit$$00000025)
    .ARM.Collect$$libinit$$0000002C          0x08000204   Section        0  libinit2.o(.ARM.Collect$$libinit$$0000002C)
    .ARM.Collect$$libinit$$0000002E          0x08000204   Section        0  libinit2.o(.ARM.Collect$$libinit$$0000002E)
    .ARM.Collect$$libinit$$00000030          0x08000204   Section        0  libinit2.o(.ARM.Collect$$libinit$$00000030)
    .ARM.Collect$$libinit$$00000032          0x08000204   Section        0  libinit2.o(.ARM.Collect$$libinit$$00000032)
    .ARM.Collect$$libinit$$00000033          0x08000204   Section        2  libinit2.o(.ARM.Collect$$libinit$$00000033)
    .ARM.Collect$$libshutdown$$00000000      0x08000206   Section        2  libshutdown.o(.ARM.Collect$$libshutdown$$00000000)
    .ARM.Collect$$libshutdown$$00000002      0x08000208   Section        0  libshutdown2.o(.ARM.Collect$$libshutdown$$00000002)
    .ARM.Collect$$libshutdown$$00000004      0x08000208   Section        0  libshutdown2.o(.ARM.Collect$$libshutdown$$00000004)
    .ARM.Collect$$libshutdown$$00000007      0x08000208   Section        0  libshutdown2.o(.ARM.Collect$$libshutdown$$00000007)
    .ARM.Collect$$libshutdown$$0000000A      0x08000208   Section        0  libshutdown2.o(.ARM.Collect$$libshutdown$$0000000A)
    .ARM.Collect$$libshutdown$$0000000C      0x08000208   Section        0  libshutdown2.o(.ARM.Collect$$libshutdown$$0000000C)
    .ARM.Collect$$libshutdown$$0000000F      0x08000208   Section        0  libshutdown2.o(.ARM.Collect$$libshutdown$$0000000F)
    .ARM.Collect$$libshutdown$$00000010      0x08000208   Section        2  libshutdown2.o(.ARM.Collect$$libshutdown$$00000010)
    .ARM.Collect$$rtentry$$00000000          0x0800020a   Section        0  __rtentry.o(.ARM.Collect$$rtentry$$00000000)
    .ARM.Collect$$rtentry$$00000002          0x0800020a   Section        0  __rtentry2.o(.ARM.Collect$$rtentry$$00000002)
    .ARM.Collect$$rtentry$$00000004          0x0800020a   Section        6  __rtentry4.o(.ARM.Collect$$rtentry$$00000004)
    .ARM.Collect$$rtentry$$00000009          0x08000210   Section        0  __rtentry2.o(.ARM.Collect$$rtentry$$00000009)
    .ARM.Collect$$rtentry$$0000000A          0x08000210   Section        4  __rtentry2.o(.ARM.Collect$$rtentry$$0000000A)
    .ARM.Collect$$rtentry$$0000000C          0x08000214   Section        0  __rtentry2.o(.ARM.Collect$$rtentry$$0000000C)
    .ARM.Collect$$rtentry$$0000000D          0x08000214   Section        8  __rtentry2.o(.ARM.Collect$$rtentry$$0000000D)
    .ARM.Collect$$rtexit$$00000000           0x0800021c   Section        2  rtexit.o(.ARM.Collect$$rtexit$$00000000)
    .ARM.Collect$$rtexit$$00000002           0x0800021e   Section        0  rtexit2.o(.ARM.Collect$$rtexit$$00000002)
    .ARM.Collect$$rtexit$$00000003           0x0800021e   Section        4  rtexit2.o(.ARM.Collect$$rtexit$$00000003)
    .ARM.Collect$$rtexit$$00000004           0x08000222   Section        6  rtexit2.o(.ARM.Collect$$rtexit$$00000004)
    .text                                    0x08000228   Section        0  main.o(.text)
    .text                                    0x08000258   Section        0  stm32f10x_it.o(.text)
    .text                                    0x0800026c   Section        0  system_stm32f10x.o(.text)
    SetSysClockTo72                          0x0800026d   Thumb Code   160  system_stm32f10x.o(.text)
    .text                                    0x080003c4   Section        0  led.o(.text)
    .text                                    0x08000414   Section        0  key.o(.text)
    .text                                    0x080004f0   Section        0  lcd.o(.text)
    .text                                    0x08004148   Section        0  myiic.o(.text)
    .text                                    0x08004374   Section        0  24cxx.o(.text)
    .text                                    0x080044b4   Section        0  touch.o(.text)
    .text                                    0x08005024   Section        0  ctiic.o(.text)
    .text                                    0x08005290   Section        0  ott2001a.o(.text)
    .text                                    0x08005574   Section        0  ft5206.o(.text)
    .text                                    0x08005828   Section        0  gt9147.o(.text)
    .text                                    0x08005bc8   Section        0  exti.o(.text)
    .text                                    0x08005d18   Section        0  delay.o(.text)
    .text                                    0x08005db0   Section        0  usart.o(.text)
    .text                                    0x08005ec4   Section       64  startup_stm32f10x_hd.o(.text)
    .text                                    0x08005f04   Section        0  misc.o(.text)
    .text                                    0x08005fb4   Section        0  stm32f10x_exti.o(.text)
    .text                                    0x0800609c   Section        0  stm32f10x_fsmc.o(.text)
    .text                                    0x08006518   Section        0  stm32f10x_gpio.o(.text)
    .text                                    0x0800677c   Section        0  stm32f10x_rcc.o(.text)
    .text                                    0x08006a34   Section        0  stm32f10x_usart.o(.text)
    .text                                    0x08006d5c   Section        2  use_no_semi_2.o(.text)
    .text                                    0x08006d60   Section        0  noretval__2printf.o(.text)
    .text                                    0x08006d78   Section        0  __printf.o(.text)
    .text                                    0x08006de0   Section        0  _printf_str.o(.text)
    .text                                    0x08006e34   Section        0  _printf_dec.o(.text)
    .text                                    0x08006eac   Section        0  _printf_hex_int.o(.text)
    .text                                    0x08006f04   Section      128  strcmpv7m.o(.text)
    .text                                    0x08006f84   Section        0  heapauxi.o(.text)
    .text                                    0x08006f8a   Section        2  use_no_semi.o(.text)
    .text                                    0x08006f8c   Section        0  _rserrno.o(.text)
    .text                                    0x08006fa2   Section        0  _printf_intcommon.o(.text)
    .text                                    0x08007054   Section        0  _printf_char.o(.text)
    .text                                    0x08007080   Section        0  _printf_char_file.o(.text)
    .text                                    0x080070a4   Section        8  rt_errno_addr_intlibspace.o(.text)
    .text                                    0x080070ac   Section        0  _printf_char_common.o(.text)
    _printf_input_char                       0x080070ad   Thumb Code    10  _printf_char_common.o(.text)
    .text                                    0x080070dc   Section        0  ferror.o(.text)
    .text                                    0x080070e4   Section        8  libspace.o(.text)
    .text                                    0x080070ec   Section       74  sys_stackheap_outer.o(.text)
    .text                                    0x08007136   Section        0  exit.o(.text)
    i.sqrt                                   0x08007148   Section        0  sqrt.o(i.sqrt)
    x$fpl$dadd                               0x08007194   Section      336  daddsub_clz.o(x$fpl$dadd)
    _dadd1                                   0x080071a5   Thumb Code     0  daddsub_clz.o(x$fpl$dadd)
    x$fpl$dcmpinf                            0x080072e4   Section       24  dcmpi.o(x$fpl$dcmpinf)
    x$fpl$dfixu                              0x080072fc   Section       90  dfixu.o(x$fpl$dfixu)
    x$fpl$dfltu                              0x08007356   Section       38  dflt_clz.o(x$fpl$dfltu)
    x$fpl$dleqf                              0x0800737c   Section      120  dleqf.o(x$fpl$dleqf)
    x$fpl$dmul                               0x080073f4   Section      340  dmul.o(x$fpl$dmul)
    x$fpl$dnaninf                            0x08007548   Section      156  dnaninf.o(x$fpl$dnaninf)
    x$fpl$dretinf                            0x080075e4   Section       12  dretinf.o(x$fpl$dretinf)
    x$fpl$drleqf                             0x080075f0   Section      108  drleqf.o(x$fpl$drleqf)
    x$fpl$drsb                               0x0800765c   Section       22  daddsub_clz.o(x$fpl$drsb)
    x$fpl$dsqrt                              0x08007674   Section      460  dsqrt_noumaal.o(x$fpl$dsqrt)
    x$fpl$dsub                               0x08007840   Section      468  daddsub_clz.o(x$fpl$dsub)
    _dsub1                                   0x08007851   Thumb Code     0  daddsub_clz.o(x$fpl$dsub)
    x$fpl$f2d                                0x08007a14   Section       86  f2d.o(x$fpl$f2d)
    x$fpl$fadd                               0x08007a6c   Section      196  faddsub_clz.o(x$fpl$fadd)
    _fadd1                                   0x08007a7b   Thumb Code     0  faddsub_clz.o(x$fpl$fadd)
    x$fpl$fcheck1                            0x08007b30   Section       12  fcheck1.o(x$fpl$fcheck1)
    x$fpl$fdiv                               0x08007b3c   Section      388  fdiv.o(x$fpl$fdiv)
    _fdiv1                                   0x08007b3d   Thumb Code     0  fdiv.o(x$fpl$fdiv)
    x$fpl$ffix                               0x08007cc0   Section       54  ffix.o(x$fpl$ffix)
    x$fpl$ffixu                              0x08007cf8   Section       62  ffixu.o(x$fpl$ffixu)
    x$fpl$fflt                               0x08007d38   Section       48  fflt_clz.o(x$fpl$fflt)
    x$fpl$ffltu                              0x08007d68   Section       38  fflt_clz.o(x$fpl$ffltu)
    x$fpl$fmul                               0x08007d90   Section      258  fmul.o(x$fpl$fmul)
    x$fpl$fnaninf                            0x08007e92   Section      140  fnaninf.o(x$fpl$fnaninf)
    x$fpl$fretinf                            0x08007f1e   Section       10  fretinf.o(x$fpl$fretinf)
    x$fpl$fsub                               0x08007f28   Section      234  faddsub_clz.o(x$fpl$fsub)
    _fsub1                                   0x08007f37   Thumb Code     0  faddsub_clz.o(x$fpl$fsub)
    x$fpl$retnan                             0x08008012   Section      100  retnan.o(x$fpl$retnan)
    x$fpl$scalbnf                            0x08008076   Section       76  scalbnf.o(x$fpl$scalbnf)
    x$fpl$trapveneer                         0x080080c2   Section       48  trapv.o(x$fpl$trapveneer)
    .constdata                               0x080080f2   Section     6080  lcd.o(.constdata)
    x$fpl$usenofp                            0x080080f2   Section        0  usenofp.o(x$fpl$usenofp)
    .constdata                               0x080098b4   Section        4  touch.o(.constdata)
    .constdata                               0x080098b8   Section       10  ott2001a.o(.constdata)
    .constdata                               0x080098c2   Section       10  ft5206.o(.constdata)
    .constdata                               0x080098cc   Section      194  gt9147.o(.constdata)
    .constdata                               0x0800998e   Section       40  _printf_hex_int.o(.constdata)
    uc_hextab                                0x0800998e   Data          20  _printf_hex_int.o(.constdata)
    lc_hextab                                0x080099a2   Data          20  _printf_hex_int.o(.constdata)
    .conststring                             0x080099b8   Section      121  touch.o(.conststring)
    .data                                    0x20000000   Section       20  system_stm32f10x.o(.data)
    .data                                    0x20000014   Section        1  key.o(.data)
    key_up                                   0x20000014   Data           1  key.o(.data)
    .data                                    0x20000016   Section     1732  lcd.o(.data)
    .data                                    0x200006dc   Section       56  touch.o(.data)
    .data                                    0x20000714   Section        1  ott2001a.o(.data)
    t                                        0x20000714   Data           1  ott2001a.o(.data)
    .data                                    0x20000715   Section        1  ft5206.o(.data)
    t                                        0x20000715   Data           1  ft5206.o(.data)
    .data                                    0x20000716   Section        1  gt9147.o(.data)
    t                                        0x20000716   Data           1  gt9147.o(.data)
    .data                                    0x20000718   Section        4  delay.o(.data)
    fac_us                                   0x20000718   Data           1  delay.o(.data)
    fac_ms                                   0x2000071a   Data           2  delay.o(.data)
    .data                                    0x2000071c   Section        2  usart.o(.data)
    .data                                    0x20000720   Section        4  usart.o(.data)
    .data                                    0x20000724   Section       20  stm32f10x_rcc.o(.data)
    ADCPrescTable                            0x20000724   Data           4  stm32f10x_rcc.o(.data)
    APBAHBPrescTable                         0x20000728   Data          16  stm32f10x_rcc.o(.data)
    .bss                                     0x20000738   Section       14  lcd.o(.bss)
    .bss                                     0x20000746   Section      200  usart.o(.bss)
    .bss                                     0x20000810   Section       96  libspace.o(.bss)
    HEAP                                     0x20000870   Section      512  startup_stm32f10x_hd.o(HEAP)
    Heap_Mem                                 0x20000870   Data         512  startup_stm32f10x_hd.o(HEAP)
    STACK                                    0x20000a70   Section     1024  startup_stm32f10x_hd.o(STACK)
    Stack_Mem                                0x20000a70   Data        1024  startup_stm32f10x_hd.o(STACK)
    __initial_sp                             0x20000e70   Data           0  startup_stm32f10x_hd.o(STACK)

    Global Symbols

    Symbol Name                              Value     Ov Type        Size  Object(Section)

    BuildAttributes$$THM_ISAv4$P$D$K$B$S$PE$A:L22UL41UL21$X:L11$S22US41US21$IEEE1$IW$USESV6$~STKCKD$USESV7$~SHL$OTIME$ROPI$IEEEJ$EBA8$UX$STANDARDLIB$REQ8$PRES8$EABIv2 0x00000000   Number         0  anon$$obj.o ABSOLUTE
    __ARM_use_no_argv                        0x00000000   Number         0  main.o ABSOLUTE
    __ARM_exceptions_init                     - Undefined Weak Reference
    __alloca_initialize                       - Undefined Weak Reference
    __arm_preinit_                            - Undefined Weak Reference
    __cpp_initialize__aeabi_                  - Undefined Weak Reference
    __cxa_finalize                            - Undefined Weak Reference
    __rt_locale                               - Undefined Weak Reference
    __sigvec_lookup                           - Undefined Weak Reference
    _atexit_init                              - Undefined Weak Reference
    _call_atexit_fns                          - Undefined Weak Reference
    _clock_init                               - Undefined Weak Reference
    _fp_trap_init                             - Undefined Weak Reference
    _fp_trap_shutdown                         - Undefined Weak Reference
    _get_lc_collate                           - Undefined Weak Reference
    _get_lc_ctype                             - Undefined Weak Reference
    _get_lc_monetary                          - Undefined Weak Reference
    _get_lc_numeric                           - Undefined Weak Reference
    _get_lc_time                              - Undefined Weak Reference
    _getenv_init                              - Undefined Weak Reference
    _handle_redirection                       - Undefined Weak Reference
    _init_alloc                               - Undefined Weak Reference
    _init_user_alloc                          - Undefined Weak Reference
    _initio                                   - Undefined Weak Reference
    _mutex_acquire                            - Undefined Weak Reference
    _mutex_release                            - Undefined Weak Reference
    _printf_mbtowc                            - Undefined Weak Reference
    _printf_post_padding                      - Undefined Weak Reference
    _printf_pre_padding                       - Undefined Weak Reference
    _printf_truncate_signed                   - Undefined Weak Reference
    _printf_truncate_unsigned                 - Undefined Weak Reference
    _rand_init                                - Undefined Weak Reference
    _signal_finish                            - Undefined Weak Reference
    _signal_init                              - Undefined Weak Reference
    _terminate_alloc                          - Undefined Weak Reference
    _terminate_user_alloc                     - Undefined Weak Reference
    _terminateio                              - Undefined Weak Reference
    __Vectors_Size                           0x00000130   Number         0  startup_stm32f10x_hd.o ABSOLUTE
    __Vectors                                0x08000000   Data           4  startup_stm32f10x_hd.o(RESET)
    __Vectors_End                            0x08000130   Data           0  startup_stm32f10x_hd.o(RESET)
    __main                                   0x08000131   Thumb Code     8  __main.o(!!!main)
    __scatterload                            0x08000139   Thumb Code     0  __scatter.o(!!!scatter)
    __scatterload_rt2                        0x08000139   Thumb Code    44  __scatter.o(!!!scatter)
    __scatterload_rt2_thumb_only             0x08000139   Thumb Code     0  __scatter.o(!!!scatter)
    __scatterload_null                       0x08000147   Thumb Code     0  __scatter.o(!!!scatter)
    __decompress                             0x0800016d   Thumb Code   100  __dclz77c.o(!!dclz77c)
    __decompress2                            0x0800016d   Thumb Code     0  __dclz77c.o(!!dclz77c)
    __scatterload_zeroinit                   0x080001d1   Thumb Code    28  __scatter_zi.o(!!handler_zi)
    _printf_d                                0x080001ed   Thumb Code     0  _printf_d.o(.ARM.Collect$$_printf_percent$$00000009)
    _printf_percent                          0x080001ed   Thumb Code     0  _printf_percent.o(.ARM.Collect$$_printf_percent$$00000000)
    _printf_x                                0x080001f3   Thumb Code     0  _printf_x.o(.ARM.Collect$$_printf_percent$$0000000C)
    _printf_s                                0x080001f9   Thumb Code     0  _printf_s.o(.ARM.Collect$$_printf_percent$$00000014)
    _printf_percent_end                      0x080001ff   Thumb Code     0  _printf_percent_end.o(.ARM.Collect$$_printf_percent$$00000017)
    __rt_lib_init                            0x08000203   Thumb Code     0  libinit.o(.ARM.Collect$$libinit$$00000000)
    __rt_lib_init_alloca_1                   0x08000205   Thumb Code     0  libinit2.o(.ARM.Collect$$libinit$$0000002E)
    __rt_lib_init_argv_1                     0x08000205   Thumb Code     0  libinit2.o(.ARM.Collect$$libinit$$0000002C)
    __rt_lib_init_atexit_1                   0x08000205   Thumb Code     0  libinit2.o(.ARM.Collect$$libinit$$0000001B)
    __rt_lib_init_clock_1                    0x08000205   Thumb Code     0  libinit2.o(.ARM.Collect$$libinit$$00000021)
    __rt_lib_init_cpp_1                      0x08000205   Thumb Code     0  libinit2.o(.ARM.Collect$$libinit$$00000032)
    __rt_lib_init_exceptions_1               0x08000205   Thumb Code     0  libinit2.o(.ARM.Collect$$libinit$$00000030)
    __rt_lib_init_fp_1                       0x08000205   Thumb Code     0  libinit2.o(.ARM.Collect$$libinit$$00000002)
    __rt_lib_init_fp_trap_1                  0x08000205   Thumb Code     0  libinit2.o(.ARM.Collect$$libinit$$0000001F)
    __rt_lib_init_getenv_1                   0x08000205   Thumb Code     0  libinit2.o(.ARM.Collect$$libinit$$00000023)
    __rt_lib_init_heap_1                     0x08000205   Thumb Code     0  libinit2.o(.ARM.Collect$$libinit$$0000000A)
    __rt_lib_init_lc_collate_1               0x08000205   Thumb Code     0  libinit2.o(.ARM.Collect$$libinit$$00000011)
    __rt_lib_init_lc_ctype_1                 0x08000205   Thumb Code     0  libinit2.o(.ARM.Collect$$libinit$$00000013)
    __rt_lib_init_lc_monetary_1              0x08000205   Thumb Code     0  libinit2.o(.ARM.Collect$$libinit$$00000015)
    __rt_lib_init_lc_numeric_1               0x08000205   Thumb Code     0  libinit2.o(.ARM.Collect$$libinit$$00000017)
    __rt_lib_init_lc_time_1                  0x08000205   Thumb Code     0  libinit2.o(.ARM.Collect$$libinit$$00000019)
    __rt_lib_init_preinit_1                  0x08000205   Thumb Code     0  libinit2.o(.ARM.Collect$$libinit$$00000004)
    __rt_lib_init_rand_1                     0x08000205   Thumb Code     0  libinit2.o(.ARM.Collect$$libinit$$0000000E)
    __rt_lib_init_return                     0x08000205   Thumb Code     0  libinit2.o(.ARM.Collect$$libinit$$00000033)
    __rt_lib_init_signal_1                   0x08000205   Thumb Code     0  libinit2.o(.ARM.Collect$$libinit$$0000001D)
    __rt_lib_init_stdio_1                    0x08000205   Thumb Code     0  libinit2.o(.ARM.Collect$$libinit$$00000025)
    __rt_lib_init_user_alloc_1               0x08000205   Thumb Code     0  libinit2.o(.ARM.Collect$$libinit$$0000000C)
    __rt_lib_shutdown                        0x08000207   Thumb Code     0  libshutdown.o(.ARM.Collect$$libshutdown$$00000000)
    __rt_lib_shutdown_cpp_1                  0x08000209   Thumb Code     0  libshutdown2.o(.ARM.Collect$$libshutdown$$00000002)
    __rt_lib_shutdown_fp_trap_1              0x08000209   Thumb Code     0  libshutdown2.o(.ARM.Collect$$libshutdown$$00000007)
    __rt_lib_shutdown_heap_1                 0x08000209   Thumb Code     0  libshutdown2.o(.ARM.Collect$$libshutdown$$0000000F)
    __rt_lib_shutdown_return                 0x08000209   Thumb Code     0  libshutdown2.o(.ARM.Collect$$libshutdown$$00000010)
    __rt_lib_shutdown_signal_1               0x08000209   Thumb Code     0  libshutdown2.o(.ARM.Collect$$libshutdown$$0000000A)
    __rt_lib_shutdown_stdio_1                0x08000209   Thumb Code     0  libshutdown2.o(.ARM.Collect$$libshutdown$$00000004)
    __rt_lib_shutdown_user_alloc_1           0x08000209   Thumb Code     0  libshutdown2.o(.ARM.Collect$$libshutdown$$0000000C)
    __rt_entry                               0x0800020b   Thumb Code     0  __rtentry.o(.ARM.Collect$$rtentry$$00000000)
    __rt_entry_presh_1                       0x0800020b   Thumb Code     0  __rtentry2.o(.ARM.Collect$$rtentry$$00000002)
    __rt_entry_sh                            0x0800020b   Thumb Code     0  __rtentry4.o(.ARM.Collect$$rtentry$$00000004)
    __rt_entry_li                            0x08000211   Thumb Code     0  __rtentry2.o(.ARM.Collect$$rtentry$$0000000A)
    __rt_entry_postsh_1                      0x08000211   Thumb Code     0  __rtentry2.o(.ARM.Collect$$rtentry$$00000009)
    __rt_entry_main                          0x08000215   Thumb Code     0  __rtentry2.o(.ARM.Collect$$rtentry$$0000000D)
    __rt_entry_postli_1                      0x08000215   Thumb Code     0  __rtentry2.o(.ARM.Collect$$rtentry$$0000000C)
    __rt_exit                                0x0800021d   Thumb Code     0  rtexit.o(.ARM.Collect$$rtexit$$00000000)
    __rt_exit_ls                             0x0800021f   Thumb Code     0  rtexit2.o(.ARM.Collect$$rtexit$$00000003)
    __rt_exit_prels_1                        0x0800021f   Thumb Code     0  rtexit2.o(.ARM.Collect$$rtexit$$00000002)
    __rt_exit_exit                           0x08000223   Thumb Code     0  rtexit2.o(.ARM.Collect$$rtexit$$00000004)
    main                                     0x08000229   Thumb Code    44  main.o(.text)
    NMI_Handler                              0x08000259   Thumb Code     2  stm32f10x_it.o(.text)
    HardFault_Handler                        0x0800025b   Thumb Code     2  stm32f10x_it.o(.text)
    MemManage_Handler                        0x0800025d   Thumb Code     2  stm32f10x_it.o(.text)
    BusFault_Handler                         0x0800025f   Thumb Code     2  stm32f10x_it.o(.text)
    UsageFault_Handler                       0x08000261   Thumb Code     2  stm32f10x_it.o(.text)
    SVC_Handler                              0x08000263   Thumb Code     2  stm32f10x_it.o(.text)
    DebugMon_Handler                         0x08000265   Thumb Code     2  stm32f10x_it.o(.text)
    PendSV_Handler                           0x08000267   Thumb Code     2  stm32f10x_it.o(.text)
    SysTick_Handler                          0x08000269   Thumb Code     2  stm32f10x_it.o(.text)
    SystemInit                               0x0800030d   Thumb Code    64  system_stm32f10x.o(.text)
    SystemCoreClockUpdate                    0x0800034d   Thumb Code    86  system_stm32f10x.o(.text)
    LED_Init                                 0x080003c5   Thumb Code    70  led.o(.text)
    KEY_Init                                 0x08000415   Thumb Code    52  key.o(.text)
    KEY_Scan                                 0x08000449   Thumb Code   154  key.o(.text)
    LCD_WR_REG                               0x080004f1   Thumb Code     6  lcd.o(.text)
    LCD_WR_DATA                              0x080004f7   Thumb Code     8  lcd.o(.text)
    LCD_RD_DATA                              0x080004ff   Thumb Code    18  lcd.o(.text)
    LCD_WriteReg                             0x08000511   Thumb Code    10  lcd.o(.text)
    LCD_ReadReg                              0x0800051b   Thumb Code    18  lcd.o(.text)
    LCD_WriteRAM_Prepare                     0x0800052d   Thumb Code    10  lcd.o(.text)
    LCD_WriteRAM                             0x08000537   Thumb Code     8  lcd.o(.text)
    LCD_BGR2RGB                              0x0800053f   Thumb Code    18  lcd.o(.text)
    opt_delay                                0x08000551   Thumb Code     8  lcd.o(.text)
    LCD_SetCursor                            0x08000559   Thumb Code   318  lcd.o(.text)
    LCD_ReadPoint                            0x08000697   Thumb Code   260  lcd.o(.text)
    LCD_DisplayOn                            0x0800079b   Thumb Code    66  lcd.o(.text)
    LCD_DisplayOff                           0x080007dd   Thumb Code    64  lcd.o(.text)
    LCD_Scan_Dir                             0x0800081d   Thumb Code   422  lcd.o(.text)
    LCD_DrawPoint                            0x080009c3   Thumb Code    22  lcd.o(.text)
    LCD_Fast_DrawPoint                       0x080009d9   Thumb Code   276  lcd.o(.text)
    LCD_SSD_BackLightSet                     0x08000aed   Thumb Code    50  lcd.o(.text)
    LCD_Display_Dir                          0x08000b1f   Thumb Code   302  lcd.o(.text)
    LCD_Set_Window                           0x08000c4d   Thumb Code   390  lcd.o(.text)
    LCD_Clear                                0x08000dd3   Thumb Code   102  lcd.o(.text)
    LCD_Init                                 0x08000e39   Thumb Code 11818  lcd.o(.text)
    LCD_Fill                                 0x08003c63   Thumb Code   132  lcd.o(.text)
    LCD_Color_Fill                           0x08003ce7   Thumb Code    84  lcd.o(.text)
    LCD_DrawLine                             0x08003d3b   Thumb Code   150  lcd.o(.text)
    LCD_DrawRectangle                        0x08003dd1   Thumb Code    54  lcd.o(.text)
    LCD_Draw_Circle                          0x08003e07   Thumb Code   176  lcd.o(.text)
    LCD_ShowChar                             0x08003eb7   Thumb Code   182  lcd.o(.text)
    LCD_Pow                                  0x08003f6d   Thumb Code    16  lcd.o(.text)
    LCD_ShowNum                              0x08003f7d   Thumb Code   116  lcd.o(.text)
    LCD_ShowxNum                             0x08003ff1   Thumb Code   158  lcd.o(.text)
    LCD_ShowString                           0x0800408f   Thumb Code    82  lcd.o(.text)
    LCD_Show_CH_Font24                       0x080040e1   Thumb Code   100  lcd.o(.text)
    IIC_Init                                 0x08004149   Thumb Code    48  myiic.o(.text)
    IIC_Start                                0x08004179   Thumb Code    56  myiic.o(.text)
    IIC_Stop                                 0x080041b1   Thumb Code    58  myiic.o(.text)
    IIC_Wait_Ack                             0x080041eb   Thumb Code    78  myiic.o(.text)
    IIC_Ack                                  0x08004239   Thumb Code    56  myiic.o(.text)
    IIC_NAck                                 0x08004271   Thumb Code    56  myiic.o(.text)
    IIC_Send_Byte                            0x080042a9   Thumb Code    94  myiic.o(.text)
    IIC_Read_Byte                            0x08004307   Thumb Code   100  myiic.o(.text)
    AT24CXX_Init                             0x08004375   Thumb Code     4  24cxx.o(.text)
    AT24CXX_ReadOneByte                      0x08004379   Thumb Code    66  24cxx.o(.text)
    AT24CXX_WriteOneByte                     0x080043bb   Thumb Code    62  24cxx.o(.text)
    AT24CXX_WriteLenByte                     0x080043f9   Thumb Code    42  24cxx.o(.text)
    AT24CXX_ReadLenByte                      0x08004423   Thumb Code    40  24cxx.o(.text)
    AT24CXX_Check                            0x0800444b   Thumb Code    38  24cxx.o(.text)
    AT24CXX_Read                             0x08004471   Thumb Code    34  24cxx.o(.text)
    AT24CXX_Write                            0x08004493   Thumb Code    32  24cxx.o(.text)
    TP_Write_Byte                            0x080044b5   Thumb Code    62  touch.o(.text)
    TP_Read_AD                               0x080044f3   Thumb Code   122  touch.o(.text)
    TP_Read_XOY                              0x0800456d   Thumb Code    96  touch.o(.text)
    TP_Read_XY                               0x080045cd   Thumb Code    34  touch.o(.text)
    TP_Read_XY2                              0x080045ef   Thumb Code   124  touch.o(.text)
    TP_Drow_Touch_Point                      0x0800466b   Thumb Code   106  touch.o(.text)
    TP_Draw_Big_Point                        0x080046d5   Thumb Code    48  touch.o(.text)
    TP_Scan                                  0x08004705   Thumb Code   178  touch.o(.text)
    TP_Save_Adjdata                          0x080047b7   Thumb Code    26  touch.o(.text)
    TP_Get_Adjdata                           0x080047d1   Thumb Code    58  touch.o(.text)
    TP_Adj_Info_Show                         0x0800480b   Thumb Code   380  touch.o(.text)
    TP_Adjust                                0x08004987   Thumb Code  1344  touch.o(.text)
    TP_Init                                  0x08004ec7   Thumb Code   270  touch.o(.text)
    CT_Delay                                 0x08005025   Thumb Code     6  ctiic.o(.text)
    CT_IIC_Init                              0x0800502b   Thumb Code    72  ctiic.o(.text)
    CT_IIC_Start                             0x08005073   Thumb Code    64  ctiic.o(.text)
    CT_IIC_Stop                              0x080050b3   Thumb Code    58  ctiic.o(.text)
    CT_IIC_Wait_Ack                          0x080050ed   Thumb Code    76  ctiic.o(.text)
    CT_IIC_Ack                               0x08005139   Thumb Code    66  ctiic.o(.text)
    CT_IIC_NAck                              0x0800517b   Thumb Code    66  ctiic.o(.text)
    CT_IIC_Send_Byte                         0x080051bd   Thumb Code    92  ctiic.o(.text)
    CT_IIC_Read_Byte                         0x08005219   Thumb Code   104  ctiic.o(.text)
    OTT2001A_WR_Reg                          0x08005291   Thumb Code    82  ott2001a.o(.text)
    OTT2001A_RD_Reg                          0x080052e3   Thumb Code    96  ott2001a.o(.text)
    OTT2001A_SensorControl                   0x08005343   Thumb Code    30  ott2001a.o(.text)
    OTT2001A_Init                            0x08005361   Thumb Code   156  ott2001a.o(.text)
    OTT2001A_Scan                            0x080053fd   Thumb Code   322  ott2001a.o(.text)
    FT5206_WR_Reg                            0x08005575   Thumb Code    72  ft5206.o(.text)
    FT5206_RD_Reg                            0x080055bd   Thumb Code    86  ft5206.o(.text)
    FT5206_Init                              0x08005613   Thumb Code   208  ft5206.o(.text)
    FT5206_Scan                              0x080056e3   Thumb Code   294  ft5206.o(.text)
    GT9147_WR_Reg                            0x08005829   Thumb Code    82  gt9147.o(.text)
    GT9147_Send_Cfg                          0x0800587b   Thumb Code    72  gt9147.o(.text)
    GT9147_RD_Reg                            0x080058c3   Thumb Code    96  gt9147.o(.text)
    GT9147_Init                              0x08005923   Thumb Code   248  gt9147.o(.text)
    GT9147_Scan                              0x08005a1b   Thumb Code   364  gt9147.o(.text)
    EXTIX_Init                               0x08005bc9   Thumb Code   162  exti.o(.text)
    EXTI0_IRQHandler                         0x08005c6b   Thumb Code    48  exti.o(.text)
    EXTI3_IRQHandler                         0x08005c9b   Thumb Code    46  exti.o(.text)
    EXTI4_IRQHandler                         0x08005cc9   Thumb Code    64  exti.o(.text)
    delay_init                               0x08005d19   Thumb Code    46  delay.o(.text)
    delay_us                                 0x08005d47   Thumb Code    46  delay.o(.text)
    delay_ms                                 0x08005d75   Thumb Code    46  delay.o(.text)
    _sys_exit                                0x08005db1   Thumb Code     2  usart.o(.text)
    fputc                                    0x08005db3   Thumb Code    18  usart.o(.text)
    uart_init                                0x08005dc5   Thumb Code   152  usart.o(.text)
    USART1_IRQHandler                        0x08005e5d   Thumb Code    88  usart.o(.text)
    Reset_Handler                            0x08005ec5   Thumb Code     8  startup_stm32f10x_hd.o(.text)
    ADC1_2_IRQHandler                        0x08005edf   Thumb Code     0  startup_stm32f10x_hd.o(.text)
    ADC3_IRQHandler                          0x08005edf   Thumb Code     0  startup_stm32f10x_hd.o(.text)
    CAN1_RX1_IRQHandler                      0x08005edf   Thumb Code     0  startup_stm32f10x_hd.o(.text)
    CAN1_SCE_IRQHandler                      0x08005edf   Thumb Code     0  startup_stm32f10x_hd.o(.text)
    DMA1_Channel1_IRQHandler                 0x08005edf   Thumb Code     0  startup_stm32f10x_hd.o(.text)
    DMA1_Channel2_IRQHandler                 0x08005edf   Thumb Code     0  startup_stm32f10x_hd.o(.text)
    DMA1_Channel3_IRQHandler                 0x08005edf   Thumb Code     0  startup_stm32f10x_hd.o(.text)
    DMA1_Channel4_IRQHandler                 0x08005edf   Thumb Code     0  startup_stm32f10x_hd.o(.text)
    DMA1_Channel5_IRQHandler                 0x08005edf   Thumb Code     0  startup_stm32f10x_hd.o(.text)
    DMA1_Channel6_IRQHandler                 0x08005edf   Thumb Code     0  startup_stm32f10x_hd.o(.text)
    DMA1_Channel7_IRQHandler                 0x08005edf   Thumb Code     0  startup_stm32f10x_hd.o(.text)
    DMA2_Channel1_IRQHandler                 0x08005edf   Thumb Code     0  startup_stm32f10x_hd.o(.text)
    DMA2_Channel2_IRQHandler                 0x08005edf   Thumb Code     0  startup_stm32f10x_hd.o(.text)
    DMA2_Channel3_IRQHandler                 0x08005edf   Thumb Code     0  startup_stm32f10x_hd.o(.text)
    DMA2_Channel4_5_IRQHandler               0x08005edf   Thumb Code     0  startup_stm32f10x_hd.o(.text)
    EXTI15_10_IRQHandler                     0x08005edf   Thumb Code     0  startup_stm32f10x_hd.o(.text)
    EXTI1_IRQHandler                         0x08005edf   Thumb Code     0  startup_stm32f10x_hd.o(.text)
    EXTI2_IRQHandler                         0x08005edf   Thumb Code     0  startup_stm32f10x_hd.o(.text)
    EXTI9_5_IRQHandler                       0x08005edf   Thumb Code     0  startup_stm32f10x_hd.o(.text)
    FLASH_IRQHandler                         0x08005edf   Thumb Code     0  startup_stm32f10x_hd.o(.text)
    FSMC_IRQHandler                          0x08005edf   Thumb Code     0  startup_stm32f10x_hd.o(.text)
    I2C1_ER_IRQHandler                       0x08005edf   Thumb Code     0  startup_stm32f10x_hd.o(.text)
    I2C1_EV_IRQHandler                       0x08005edf   Thumb Code     0  startup_stm32f10x_hd.o(.text)
    I2C2_ER_IRQHandler                       0x08005edf   Thumb Code     0  startup_stm32f10x_hd.o(.text)
    I2C2_EV_IRQHandler                       0x08005edf   Thumb Code     0  startup_stm32f10x_hd.o(.text)
    PVD_IRQHandler                           0x08005edf   Thumb Code     0  startup_stm32f10x_hd.o(.text)
    RCC_IRQHandler                           0x08005edf   Thumb Code     0  startup_stm32f10x_hd.o(.text)
    RTCAlarm_IRQHandler                      0x08005edf   Thumb Code     0  startup_stm32f10x_hd.o(.text)
    RTC_IRQHandler                           0x08005edf   Thumb Code     0  startup_stm32f10x_hd.o(.text)
    SDIO_IRQHandler                          0x08005edf   Thumb Code     0  startup_stm32f10x_hd.o(.text)
    SPI1_IRQHandler                          0x08005edf   Thumb Code     0  startup_stm32f10x_hd.o(.text)
    SPI2_IRQHandler                          0x08005edf   Thumb Code     0  startup_stm32f10x_hd.o(.text)
    SPI3_IRQHandler                          0x08005edf   Thumb Code     0  startup_stm32f10x_hd.o(.text)
    TAMPER_IRQHandler                        0x08005edf   Thumb Code     0  startup_stm32f10x_hd.o(.text)
    TIM1_BRK_IRQHandler                      0x08005edf   Thumb Code     0  startup_stm32f10x_hd.o(.text)
    TIM1_CC_IRQHandler                       0x08005edf   Thumb Code     0  startup_stm32f10x_hd.o(.text)
    TIM1_TRG_COM_IRQHandler                  0x08005edf   Thumb Code     0  startup_stm32f10x_hd.o(.text)
    TIM1_UP_IRQHandler                       0x08005edf   Thumb Code     0  startup_stm32f10x_hd.o(.text)
    TIM2_IRQHandler                          0x08005edf   Thumb Code     0  startup_stm32f10x_hd.o(.text)
    TIM3_IRQHandler                          0x08005edf   Thumb Code     0  startup_stm32f10x_hd.o(.text)
    TIM4_IRQHandler                          0x08005edf   Thumb Code     0  startup_stm32f10x_hd.o(.text)
    TIM5_IRQHandler                          0x08005edf   Thumb Code     0  startup_stm32f10x_hd.o(.text)
    TIM6_IRQHandler                          0x08005edf   Thumb Code     0  startup_stm32f10x_hd.o(.text)
    TIM7_IRQHandler                          0x08005edf   Thumb Code     0  startup_stm32f10x_hd.o(.text)
    TIM8_BRK_IRQHandler                      0x08005edf   Thumb Code     0  startup_stm32f10x_hd.o(.text)
    TIM8_CC_IRQHandler                       0x08005edf   Thumb Code     0  startup_stm32f10x_hd.o(.text)
    TIM8_TRG_COM_IRQHandler                  0x08005edf   Thumb Code     0  startup_stm32f10x_hd.o(.text)
    TIM8_UP_IRQHandler                       0x08005edf   Thumb Code     0  startup_stm32f10x_hd.o(.text)
    UART4_IRQHandler                         0x08005edf   Thumb Code     0  startup_stm32f10x_hd.o(.text)
    UART5_IRQHandler                         0x08005edf   Thumb Code     0  startup_stm32f10x_hd.o(.text)
    USART2_IRQHandler                        0x08005edf   Thumb Code     0  startup_stm32f10x_hd.o(.text)
    USART3_IRQHandler                        0x08005edf   Thumb Code     0  startup_stm32f10x_hd.o(.text)
    USBWakeUp_IRQHandler                     0x08005edf   Thumb Code     0  startup_stm32f10x_hd.o(.text)
    USB_HP_CAN1_TX_IRQHandler                0x08005edf   Thumb Code     0  startup_stm32f10x_hd.o(.text)
    USB_LP_CAN1_RX0_IRQHandler               0x08005edf   Thumb Code     0  startup_stm32f10x_hd.o(.text)
    WWDG_IRQHandler                          0x08005edf   Thumb Code     0  startup_stm32f10x_hd.o(.text)
    __user_initial_stackheap                 0x08005ee1   Thumb Code     0  startup_stm32f10x_hd.o(.text)
    NVIC_PriorityGroupConfig                 0x08005f05   Thumb Code    10  misc.o(.text)
    NVIC_Init                                0x08005f0f   Thumb Code    94  misc.o(.text)
    NVIC_SetVectorTable                      0x08005f6d   Thumb Code    14  misc.o(.text)
    NVIC_SystemLPConfig                      0x08005f7b   Thumb Code    20  misc.o(.text)
    SysTick_CLKSourceConfig                  0x08005f8f   Thumb Code    24  misc.o(.text)
    EXTI_DeInit                              0x08005fb5   Thumb Code    28  stm32f10x_exti.o(.text)
    EXTI_Init                                0x08005fd1   Thumb Code   108  stm32f10x_exti.o(.text)
    EXTI_StructInit                          0x0800603d   Thumb Code    14  stm32f10x_exti.o(.text)
    EXTI_GenerateSWInterrupt                 0x0800604b   Thumb Code    12  stm32f10x_exti.o(.text)
    EXTI_GetFlagStatus                       0x08006057   Thumb Code    18  stm32f10x_exti.o(.text)
    EXTI_ClearFlag                           0x08006069   Thumb Code     8  stm32f10x_exti.o(.text)
    EXTI_GetITStatus                         0x08006071   Thumb Code    28  stm32f10x_exti.o(.text)
    EXTI_ClearITPendingBit                   0x0800608d   Thumb Code     8  stm32f10x_exti.o(.text)
    FSMC_NORSRAMDeInit                       0x0800609d   Thumb Code    38  stm32f10x_fsmc.o(.text)
    FSMC_NANDDeInit                          0x080060c3   Thumb Code    40  stm32f10x_fsmc.o(.text)
    FSMC_PCCARDDeInit                        0x080060eb   Thumb Code    26  stm32f10x_fsmc.o(.text)
    FSMC_NORSRAMInit                         0x08006105   Thumb Code   200  stm32f10x_fsmc.o(.text)
    FSMC_NANDInit                            0x080061cd   Thumb Code   104  stm32f10x_fsmc.o(.text)
    FSMC_PCCARDInit                          0x08006235   Thumb Code   102  stm32f10x_fsmc.o(.text)
    FSMC_NORSRAMStructInit                   0x0800629b   Thumb Code    98  stm32f10x_fsmc.o(.text)
    FSMC_NANDStructInit                      0x080062fd   Thumb Code    54  stm32f10x_fsmc.o(.text)
    FSMC_PCCARDStructInit                    0x08006333   Thumb Code    60  stm32f10x_fsmc.o(.text)
    FSMC_NORSRAMCmd                          0x0800636f   Thumb Code    26  stm32f10x_fsmc.o(.text)
    FSMC_NANDCmd                             0x08006389   Thumb Code    54  stm32f10x_fsmc.o(.text)
    FSMC_PCCARDCmd                           0x080063bf   Thumb Code    28  stm32f10x_fsmc.o(.text)
    FSMC_NANDECCCmd                          0x080063db   Thumb Code    54  stm32f10x_fsmc.o(.text)
    FSMC_GetECC                              0x08006411   Thumb Code    18  stm32f10x_fsmc.o(.text)
    FSMC_ITConfig                            0x08006423   Thumb Code    72  stm32f10x_fsmc.o(.text)
    FSMC_GetFlagStatus                       0x0800646b   Thumb Code    40  stm32f10x_fsmc.o(.text)
    FSMC_ClearFlag                           0x08006493   Thumb Code    38  stm32f10x_fsmc.o(.text)
    FSMC_GetITStatus                         0x080064b9   Thumb Code    48  stm32f10x_fsmc.o(.text)
    FSMC_ClearITPendingBit                   0x080064e9   Thumb Code    42  stm32f10x_fsmc.o(.text)
    GPIO_DeInit                              0x08006519   Thumb Code   152  stm32f10x_gpio.o(.text)
    GPIO_AFIODeInit                          0x080065b1   Thumb Code    22  stm32f10x_gpio.o(.text)
    GPIO_Init                                0x080065c7   Thumb Code   156  stm32f10x_gpio.o(.text)
    GPIO_StructInit                          0x08006663   Thumb Code    16  stm32f10x_gpio.o(.text)
    GPIO_ReadInputDataBit                    0x08006673   Thumb Code    14  stm32f10x_gpio.o(.text)
    GPIO_ReadInputData                       0x08006681   Thumb Code     6  stm32f10x_gpio.o(.text)
    GPIO_ReadOutputDataBit                   0x08006687   Thumb Code    14  stm32f10x_gpio.o(.text)
    GPIO_ReadOutputData                      0x08006695   Thumb Code     6  stm32f10x_gpio.o(.text)
    GPIO_SetBits                             0x0800669b   Thumb Code     4  stm32f10x_gpio.o(.text)
    GPIO_ResetBits                           0x0800669f   Thumb Code     4  stm32f10x_gpio.o(.text)
    GPIO_WriteBit                            0x080066a3   Thumb Code    10  stm32f10x_gpio.o(.text)
    GPIO_Write                               0x080066ad   Thumb Code     4  stm32f10x_gpio.o(.text)
    GPIO_PinLockConfig                       0x080066b1   Thumb Code    16  stm32f10x_gpio.o(.text)
    GPIO_EventOutputConfig                   0x080066c1   Thumb Code    22  stm32f10x_gpio.o(.text)
    GPIO_EventOutputCmd                      0x080066d7   Thumb Code     6  stm32f10x_gpio.o(.text)
    GPIO_PinRemapConfig                      0x080066dd   Thumb Code    82  stm32f10x_gpio.o(.text)
    GPIO_EXTILineConfig                      0x0800672f   Thumb Code    34  stm32f10x_gpio.o(.text)
    GPIO_ETH_MediaInterfaceConfig            0x08006751   Thumb Code     8  stm32f10x_gpio.o(.text)
    RCC_DeInit                               0x0800677d   Thumb Code    50  stm32f10x_rcc.o(.text)
    RCC_HSEConfig                            0x080067af   Thumb Code    48  stm32f10x_rcc.o(.text)
    RCC_GetFlagStatus                        0x080067df   Thumb Code    42  stm32f10x_rcc.o(.text)
    RCC_WaitForHSEStartUp                    0x08006809   Thumb Code    44  stm32f10x_rcc.o(.text)
    RCC_AdjustHSICalibrationValue            0x08006835   Thumb Code    16  stm32f10x_rcc.o(.text)
    RCC_HSICmd                               0x08006845   Thumb Code     6  stm32f10x_rcc.o(.text)
    RCC_PLLConfig                            0x0800684b   Thumb Code    16  stm32f10x_rcc.o(.text)
    RCC_PLLCmd                               0x0800685b   Thumb Code     6  stm32f10x_rcc.o(.text)
    RCC_SYSCLKConfig                         0x08006861   Thumb Code    14  stm32f10x_rcc.o(.text)
    RCC_GetSYSCLKSource                      0x0800686f   Thumb Code    10  stm32f10x_rcc.o(.text)
    RCC_HCLKConfig                           0x08006879   Thumb Code    14  stm32f10x_rcc.o(.text)
    RCC_PCLK1Config                          0x08006887   Thumb Code    14  stm32f10x_rcc.o(.text)
    RCC_PCLK2Config                          0x08006895   Thumb Code    16  stm32f10x_rcc.o(.text)
    RCC_ITConfig                             0x080068a5   Thumb Code    18  stm32f10x_rcc.o(.text)
    RCC_USBCLKConfig                         0x080068b7   Thumb Code     8  stm32f10x_rcc.o(.text)
    RCC_ADCCLKConfig                         0x080068bf   Thumb Code    14  stm32f10x_rcc.o(.text)
    RCC_LSEConfig                            0x080068cd   Thumb Code    28  stm32f10x_rcc.o(.text)
    RCC_LSICmd                               0x080068e9   Thumb Code     6  stm32f10x_rcc.o(.text)
    RCC_RTCCLKConfig                         0x080068ef   Thumb Code    10  stm32f10x_rcc.o(.text)
    RCC_RTCCLKCmd                            0x080068f9   Thumb Code     8  stm32f10x_rcc.o(.text)
    RCC_GetClocksFreq                        0x08006901   Thumb Code   132  stm32f10x_rcc.o(.text)
    RCC_AHBPeriphClockCmd                    0x08006985   Thumb Code    18  stm32f10x_rcc.o(.text)
    RCC_APB2PeriphClockCmd                   0x08006997   Thumb Code    18  stm32f10x_rcc.o(.text)
    RCC_APB1PeriphClockCmd                   0x080069a9   Thumb Code    18  stm32f10x_rcc.o(.text)
    RCC_APB2PeriphResetCmd                   0x080069bb   Thumb Code    18  stm32f10x_rcc.o(.text)
    RCC_APB1PeriphResetCmd                   0x080069cd   Thumb Code    18  stm32f10x_rcc.o(.text)
    RCC_BackupResetCmd                       0x080069df   Thumb Code     8  stm32f10x_rcc.o(.text)
    RCC_ClockSecuritySystemCmd               0x080069e7   Thumb Code     6  stm32f10x_rcc.o(.text)
    RCC_MCOConfig                            0x080069ed   Thumb Code     6  stm32f10x_rcc.o(.text)
    RCC_ClearFlag                            0x080069f3   Thumb Code    12  stm32f10x_rcc.o(.text)
    RCC_GetITStatus                          0x080069ff   Thumb Code    16  stm32f10x_rcc.o(.text)
    RCC_ClearITPendingBit                    0x08006a0f   Thumb Code     6  stm32f10x_rcc.o(.text)
    USART_DeInit                             0x08006a35   Thumb Code    96  stm32f10x_usart.o(.text)
    USART_Init                               0x08006a95   Thumb Code   166  stm32f10x_usart.o(.text)
    USART_StructInit                         0x08006b3b   Thumb Code    22  stm32f10x_usart.o(.text)
    USART_ClockInit                          0x08006b51   Thumb Code    30  stm32f10x_usart.o(.text)
    USART_ClockStructInit                    0x08006b6f   Thumb Code    12  stm32f10x_usart.o(.text)
    USART_Cmd                                0x08006b7b   Thumb Code    20  stm32f10x_usart.o(.text)
    USART_ITConfig                           0x08006b8f   Thumb Code    48  stm32f10x_usart.o(.text)
    USART_DMACmd                             0x08006bbf   Thumb Code    16  stm32f10x_usart.o(.text)
    USART_SetAddress                         0x08006bcf   Thumb Code    16  stm32f10x_usart.o(.text)
    USART_WakeUpConfig                       0x08006bdf   Thumb Code    16  stm32f10x_usart.o(.text)
    USART_ReceiverWakeUpCmd                  0x08006bef   Thumb Code    20  stm32f10x_usart.o(.text)
    USART_LINBreakDetectLengthConfig         0x08006c03   Thumb Code    16  stm32f10x_usart.o(.text)
    USART_LINCmd                             0x08006c13   Thumb Code    20  stm32f10x_usart.o(.text)
    USART_SendData                           0x08006c27   Thumb Code     8  stm32f10x_usart.o(.text)
    USART_ReceiveData                        0x08006c2f   Thumb Code     8  stm32f10x_usart.o(.text)
    USART_SendBreak                          0x08006c37   Thumb Code    10  stm32f10x_usart.o(.text)
    USART_SetGuardTime                       0x08006c41   Thumb Code    16  stm32f10x_usart.o(.text)
    USART_SetPrescaler                       0x08006c51   Thumb Code    16  stm32f10x_usart.o(.text)
    USART_SmartCardCmd                       0x08006c61   Thumb Code    20  stm32f10x_usart.o(.text)
    USART_SmartCardNACKCmd                   0x08006c75   Thumb Code    20  stm32f10x_usart.o(.text)
    USART_HalfDuplexCmd                      0x08006c89   Thumb Code    20  stm32f10x_usart.o(.text)
    USART_OverSampling8Cmd                   0x08006c9d   Thumb Code    20  stm32f10x_usart.o(.text)
    USART_OneBitMethodCmd                    0x08006cb1   Thumb Code    20  stm32f10x_usart.o(.text)
    USART_IrDAConfig                         0x08006cc5   Thumb Code    16  stm32f10x_usart.o(.text)
    USART_IrDACmd                            0x08006cd5   Thumb Code    20  stm32f10x_usart.o(.text)
    USART_GetFlagStatus                      0x08006ce9   Thumb Code    14  stm32f10x_usart.o(.text)
    USART_ClearFlag                          0x08006cf7   Thumb Code     6  stm32f10x_usart.o(.text)
    USART_GetITStatus                        0x08006cfd   Thumb Code    62  stm32f10x_usart.o(.text)
    USART_ClearITPendingBit                  0x08006d3b   Thumb Code    12  stm32f10x_usart.o(.text)
    __use_no_semihosting                     0x08006d5d   Thumb Code     2  use_no_semi_2.o(.text)
    __2printf                                0x08006d61   Thumb Code    20  noretval__2printf.o(.text)
    __printf                                 0x08006d79   Thumb Code   104  __printf.o(.text)
    _printf_str                              0x08006de1   Thumb Code    82  _printf_str.o(.text)
    _printf_int_dec                          0x08006e35   Thumb Code   104  _printf_dec.o(.text)
    _printf_int_hex                          0x08006ead   Thumb Code    84  _printf_hex_int.o(.text)
    _printf_longlong_hex                     0x08006ead   Thumb Code     0  _printf_hex_int.o(.text)
    strcmp                                   0x08006f05   Thumb Code   128  strcmpv7m.o(.text)
    __use_two_region_memory                  0x08006f85   Thumb Code     2  heapauxi.o(.text)
    __rt_heap_escrow$2region                 0x08006f87   Thumb Code     2  heapauxi.o(.text)
    __rt_heap_expand$2region                 0x08006f89   Thumb Code     2  heapauxi.o(.text)
    __I$use$semihosting                      0x08006f8b   Thumb Code     0  use_no_semi.o(.text)
    __use_no_semihosting_swi                 0x08006f8b   Thumb Code     2  use_no_semi.o(.text)
    __read_errno                             0x08006f8d   Thumb Code    10  _rserrno.o(.text)
    __set_errno                              0x08006f97   Thumb Code    12  _rserrno.o(.text)
    _printf_int_common                       0x08006fa3   Thumb Code   178  _printf_intcommon.o(.text)
    _printf_cs_common                        0x08007055   Thumb Code    20  _printf_char.o(.text)
    _printf_char                             0x08007069   Thumb Code    16  _printf_char.o(.text)
    _printf_string                           0x08007079   Thumb Code     8  _printf_char.o(.text)
    _printf_char_file                        0x08007081   Thumb Code    32  _printf_char_file.o(.text)
    __aeabi_errno_addr                       0x080070a5   Thumb Code     8  rt_errno_addr_intlibspace.o(.text)
    __errno$intlibspace                      0x080070a5   Thumb Code     0  rt_errno_addr_intlibspace.o(.text)
    __rt_errno_addr$intlibspace              0x080070a5   Thumb Code     0  rt_errno_addr_intlibspace.o(.text)
    _printf_char_common                      0x080070b7   Thumb Code    32  _printf_char_common.o(.text)
    ferror                                   0x080070dd   Thumb Code     8  ferror.o(.text)
    __user_libspace                          0x080070e5   Thumb Code     8  libspace.o(.text)
    __user_perproc_libspace                  0x080070e5   Thumb Code     0  libspace.o(.text)
    __user_perthread_libspace                0x080070e5   Thumb Code     0  libspace.o(.text)
    __user_setup_stackheap                   0x080070ed   Thumb Code    74  sys_stackheap_outer.o(.text)
    exit                                     0x08007137   Thumb Code    18  exit.o(.text)
    sqrt                                     0x08007149   Thumb Code    76  sqrt.o(i.sqrt)
    __aeabi_dadd                             0x08007195   Thumb Code     0  daddsub_clz.o(x$fpl$dadd)
    _dadd                                    0x08007195   Thumb Code   332  daddsub_clz.o(x$fpl$dadd)
    __fpl_dcmp_Inf                           0x080072e5   Thumb Code    24  dcmpi.o(x$fpl$dcmpinf)
    __aeabi_d2uiz                            0x080072fd   Thumb Code     0  dfixu.o(x$fpl$dfixu)
    _dfixu                                   0x080072fd   Thumb Code    90  dfixu.o(x$fpl$dfixu)
    __aeabi_ui2d                             0x08007357   Thumb Code     0  dflt_clz.o(x$fpl$dfltu)
    _dfltu                                   0x08007357   Thumb Code    38  dflt_clz.o(x$fpl$dfltu)
    __aeabi_cdcmple                          0x0800737d   Thumb Code     0  dleqf.o(x$fpl$dleqf)
    _dcmple                                  0x0800737d   Thumb Code   120  dleqf.o(x$fpl$dleqf)
    __fpl_dcmple_InfNaN                      0x080073df   Thumb Code     0  dleqf.o(x$fpl$dleqf)
    __aeabi_dmul                             0x080073f5   Thumb Code     0  dmul.o(x$fpl$dmul)
    _dmul                                    0x080073f5   Thumb Code   332  dmul.o(x$fpl$dmul)
    __fpl_dnaninf                            0x08007549   Thumb Code   156  dnaninf.o(x$fpl$dnaninf)
    __fpl_dretinf                            0x080075e5   Thumb Code    12  dretinf.o(x$fpl$dretinf)
    __aeabi_cdrcmple                         0x080075f1   Thumb Code     0  drleqf.o(x$fpl$drleqf)
    _drcmple                                 0x080075f1   Thumb Code   108  drleqf.o(x$fpl$drleqf)
    __aeabi_drsub                            0x0800765d   Thumb Code     0  daddsub_clz.o(x$fpl$drsb)
    _drsb                                    0x0800765d   Thumb Code    22  daddsub_clz.o(x$fpl$drsb)
    _dsqrt                                   0x08007675   Thumb Code   456  dsqrt_noumaal.o(x$fpl$dsqrt)
    __aeabi_dsub                             0x08007841   Thumb Code     0  daddsub_clz.o(x$fpl$dsub)
    _dsub                                    0x08007841   Thumb Code   464  daddsub_clz.o(x$fpl$dsub)
    __aeabi_f2d                              0x08007a15   Thumb Code     0  f2d.o(x$fpl$f2d)
    _f2d                                     0x08007a15   Thumb Code    86  f2d.o(x$fpl$f2d)
    __aeabi_fadd                             0x08007a6d   Thumb Code     0  faddsub_clz.o(x$fpl$fadd)
    _fadd                                    0x08007a6d   Thumb Code   196  faddsub_clz.o(x$fpl$fadd)
    __fpl_fcheck_NaN1                        0x08007b31   Thumb Code     6  fcheck1.o(x$fpl$fcheck1)
    __aeabi_fdiv                             0x08007b3d   Thumb Code     0  fdiv.o(x$fpl$fdiv)
    _fdiv                                    0x08007b3d   Thumb Code   384  fdiv.o(x$fpl$fdiv)
    __aeabi_f2iz                             0x08007cc1   Thumb Code     0  ffix.o(x$fpl$ffix)
    _ffix                                    0x08007cc1   Thumb Code    54  ffix.o(x$fpl$ffix)
    __aeabi_f2uiz                            0x08007cf9   Thumb Code     0  ffixu.o(x$fpl$ffixu)
    _ffixu                                   0x08007cf9   Thumb Code    62  ffixu.o(x$fpl$ffixu)
    __aeabi_i2f                              0x08007d39   Thumb Code     0  fflt_clz.o(x$fpl$fflt)
    _fflt                                    0x08007d39   Thumb Code    48  fflt_clz.o(x$fpl$fflt)
    __aeabi_ui2f                             0x08007d69   Thumb Code     0  fflt_clz.o(x$fpl$ffltu)
    _ffltu                                   0x08007d69   Thumb Code    38  fflt_clz.o(x$fpl$ffltu)
    __aeabi_fmul                             0x08007d91   Thumb Code     0  fmul.o(x$fpl$fmul)
    _fmul                                    0x08007d91   Thumb Code   258  fmul.o(x$fpl$fmul)
    __fpl_fnaninf                            0x08007e93   Thumb Code   140  fnaninf.o(x$fpl$fnaninf)
    __fpl_fretinf                            0x08007f1f   Thumb Code    10  fretinf.o(x$fpl$fretinf)
    __aeabi_fsub                             0x08007f29   Thumb Code     0  faddsub_clz.o(x$fpl$fsub)
    _fsub                                    0x08007f29   Thumb Code   234  faddsub_clz.o(x$fpl$fsub)
    __fpl_return_NaN                         0x08008013   Thumb Code   100  retnan.o(x$fpl$retnan)
    __ARM_scalbnf                            0x08008077   Thumb Code    76  scalbnf.o(x$fpl$scalbnf)
    __fpl_cmpreturn                          0x080080c3   Thumb Code    48  trapv.o(x$fpl$trapveneer)
    __I$use$fp                               0x080080f2   Number         0  usenofp.o(x$fpl$usenofp)
    asc2_1206                                0x080080f2   Data        1140  lcd.o(.constdata)
    asc2_1608                                0x08008566   Data        1520  lcd.o(.constdata)
    asc2_2412                                0x08008b56   Data        3420  lcd.o(.constdata)
    TP_REMIND_MSG_TBL                        0x080098b4   Data           4  touch.o(.constdata)
    OTT_TPX_TBL                              0x080098b8   Data          10  ott2001a.o(.constdata)
    FT5206_TPX_TBL                           0x080098c2   Data          10  ft5206.o(.constdata)
    GT9147_CFG_TBL                           0x080098cc   Data         184  gt9147.o(.constdata)
    GT9147_TPX_TBL                           0x08009984   Data          10  gt9147.o(.constdata)
    Region$$Table$$Base                      0x08009a34   Number         0  anon$$obj.o(Region$$Table)
    Region$$Table$$Limit                     0x08009a54   Number         0  anon$$obj.o(Region$$Table)
    SystemCoreClock                          0x20000000   Data           4  system_stm32f10x.o(.data)
    AHBPrescTable                            0x20000004   Data          16  system_stm32f10x.o(.data)
    POINT_COLOR                              0x20000016   Data           2  lcd.o(.data)
    BACK_COLOR                               0x20000018   Data           2  lcd.o(.data)
    myHZ24                                   0x2000001a   Data        1728  lcd.o(.data)
    CMD_RDX                                  0x200006dc   Data           1  touch.o(.data)
    CMD_RDY                                  0x200006dd   Data           1  touch.o(.data)
    tp_dev                                   0x200006e0   Data          52  touch.o(.data)
    USART_RX_STA                             0x2000071c   Data           2  usart.o(.data)
    __stdout                                 0x20000720   Data           4  usart.o(.data)
    lcddev                                   0x20000738   Data          14  lcd.o(.bss)
    USART_RX_BUF                             0x20000746   Data         200  usart.o(.bss)
    __libspace_start                         0x20000810   Data          96  libspace.o(.bss)
    __temporary_stack_top$libspace           0x20000870   Data           0  libspace.o(.bss)



==============================================================================

Memory Map of the image

  Image Entry point : 0x08000131

  Load Region LR_IROM1 (Base: 0x08000000, Size: 0x0000a18c, Max: 0x00080000, ABSOLUTE, COMPRESSED[0x00009f00])

    Execution Region ER_IROM1 (Exec base: 0x08000000, Load base: 0x08000000, Size: 0x00009a54, Max: 0x00080000, ABSOLUTE)

    Exec Addr    Load Addr    Size         Type   Attr      Idx    E Section Name        Object

    0x08000000   0x08000000   0x00000130   Data   RO          507    RESET               startup_stm32f10x_hd.o
    0x08000130   0x08000130   0x00000008   Code   RO          856  * !!!main             c_w.l(__main.o)
    0x08000138   0x08000138   0x00000034   Code   RO         1114    !!!scatter          c_w.l(__scatter.o)
    0x0800016c   0x0800016c   0x00000064   Code   RO         1112    !!dclz77c           c_w.l(__dclz77c.o)
    0x080001d0   0x080001d0   0x0000001c   Code   RO         1116    !!handler_zi        c_w.l(__scatter_zi.o)
    0x080001ec   0x080001ec   0x00000000   Code   RO          851    .ARM.Collect$$_printf_percent$$00000000  c_w.l(_printf_percent.o)
    0x080001ec   0x080001ec   0x00000006   Code   RO          850    .ARM.Collect$$_printf_percent$$00000009  c_w.l(_printf_d.o)
    0x080001f2   0x080001f2   0x00000006   Code   RO          849    .ARM.Collect$$_printf_percent$$0000000C  c_w.l(_printf_x.o)
    0x080001f8   0x080001f8   0x00000006   Code   RO          848    .ARM.Collect$$_printf_percent$$00000014  c_w.l(_printf_s.o)
    0x080001fe   0x080001fe   0x00000004   Code   RO          929    .ARM.Collect$$_printf_percent$$00000017  c_w.l(_printf_percent_end.o)
    0x08000202   0x08000202   0x00000002   Code   RO          987    .ARM.Collect$$libinit$$00000000  c_w.l(libinit.o)
    0x08000204   0x08000204   0x00000000   Code   RO          993    .ARM.Collect$$libinit$$00000002  c_w.l(libinit2.o)
    0x08000204   0x08000204   0x00000000   Code   RO          995    .ARM.Collect$$libinit$$00000004  c_w.l(libinit2.o)
    0x08000204   0x08000204   0x00000000   Code   RO          998    .ARM.Collect$$libinit$$0000000A  c_w.l(libinit2.o)
    0x08000204   0x08000204   0x00000000   Code   RO         1000    .ARM.Collect$$libinit$$0000000C  c_w.l(libinit2.o)
    0x08000204   0x08000204   0x00000000   Code   RO         1002    .ARM.Collect$$libinit$$0000000E  c_w.l(libinit2.o)
    0x08000204   0x08000204   0x00000000   Code   RO         1005    .ARM.Collect$$libinit$$00000011  c_w.l(libinit2.o)
    0x08000204   0x08000204   0x00000000   Code   RO         1007    .ARM.Collect$$libinit$$00000013  c_w.l(libinit2.o)
    0x08000204   0x08000204   0x00000000   Code   RO         1009    .ARM.Collect$$libinit$$00000015  c_w.l(libinit2.o)
    0x08000204   0x08000204   0x00000000   Code   RO         1011    .ARM.Collect$$libinit$$00000017  c_w.l(libinit2.o)
    0x08000204   0x08000204   0x00000000   Code   RO         1013    .ARM.Collect$$libinit$$00000019  c_w.l(libinit2.o)
    0x08000204   0x08000204   0x00000000   Code   RO         1015    .ARM.Collect$$libinit$$0000001B  c_w.l(libinit2.o)
    0x08000204   0x08000204   0x00000000   Code   RO         1017    .ARM.Collect$$libinit$$0000001D  c_w.l(libinit2.o)
    0x08000204   0x08000204   0x00000000   Code   RO         1019    .ARM.Collect$$libinit$$0000001F  c_w.l(libinit2.o)
    0x08000204   0x08000204   0x00000000   Code   RO         1021    .ARM.Collect$$libinit$$00000021  c_w.l(libinit2.o)
    0x08000204   0x08000204   0x00000000   Code   RO         1023    .ARM.Collect$$libinit$$00000023  c_w.l(libinit2.o)
    0x08000204   0x08000204   0x00000000   Code   RO         1025    .ARM.Collect$$libinit$$00000025  c_w.l(libinit2.o)
    0x08000204   0x08000204   0x00000000   Code   RO         1029    .ARM.Collect$$libinit$$0000002C  c_w.l(libinit2.o)
    0x08000204   0x08000204   0x00000000   Code   RO         1031    .ARM.Collect$$libinit$$0000002E  c_w.l(libinit2.o)
    0x08000204   0x08000204   0x00000000   Code   RO         1033    .ARM.Collect$$libinit$$00000030  c_w.l(libinit2.o)
    0x08000204   0x08000204   0x00000000   Code   RO         1035    .ARM.Collect$$libinit$$00000032  c_w.l(libinit2.o)
    0x08000204   0x08000204   0x00000002   Code   RO         1036    .ARM.Collect$$libinit$$00000033  c_w.l(libinit2.o)
    0x08000206   0x08000206   0x00000002   Code   RO         1054    .ARM.Collect$$libshutdown$$00000000  c_w.l(libshutdown.o)
    0x08000208   0x08000208   0x00000000   Code   RO         1064    .ARM.Collect$$libshutdown$$00000002  c_w.l(libshutdown2.o)
    0x08000208   0x08000208   0x00000000   Code   RO         1066    .ARM.Collect$$libshutdown$$00000004  c_w.l(libshutdown2.o)
    0x08000208   0x08000208   0x00000000   Code   RO         1069    .ARM.Collect$$libshutdown$$00000007  c_w.l(libshutdown2.o)
    0x08000208   0x08000208   0x00000000   Code   RO         1072    .ARM.Collect$$libshutdown$$0000000A  c_w.l(libshutdown2.o)
    0x08000208   0x08000208   0x00000000   Code   RO         1074    .ARM.Collect$$libshutdown$$0000000C  c_w.l(libshutdown2.o)
    0x08000208   0x08000208   0x00000000   Code   RO         1077    .ARM.Collect$$libshutdown$$0000000F  c_w.l(libshutdown2.o)
    0x08000208   0x08000208   0x00000002   Code   RO         1078    .ARM.Collect$$libshutdown$$00000010  c_w.l(libshutdown2.o)
    0x0800020a   0x0800020a   0x00000000   Code   RO          920    .ARM.Collect$$rtentry$$00000000  c_w.l(__rtentry.o)
    0x0800020a   0x0800020a   0x00000000   Code   RO          946    .ARM.Collect$$rtentry$$00000002  c_w.l(__rtentry2.o)
    0x0800020a   0x0800020a   0x00000006   Code   RO          958    .ARM.Collect$$rtentry$$00000004  c_w.l(__rtentry4.o)
    0x08000210   0x08000210   0x00000000   Code   RO          948    .ARM.Collect$$rtentry$$00000009  c_w.l(__rtentry2.o)
    0x08000210   0x08000210   0x00000004   Code   RO          949    .ARM.Collect$$rtentry$$0000000A  c_w.l(__rtentry2.o)
    0x08000214   0x08000214   0x00000000   Code   RO          951    .ARM.Collect$$rtentry$$0000000C  c_w.l(__rtentry2.o)
    0x08000214   0x08000214   0x00000008   Code   RO          952    .ARM.Collect$$rtentry$$0000000D  c_w.l(__rtentry2.o)
    0x0800021c   0x0800021c   0x00000002   Code   RO          990    .ARM.Collect$$rtexit$$00000000  c_w.l(rtexit.o)
    0x0800021e   0x0800021e   0x00000000   Code   RO         1038    .ARM.Collect$$rtexit$$00000002  c_w.l(rtexit2.o)
    0x0800021e   0x0800021e   0x00000004   Code   RO         1039    .ARM.Collect$$rtexit$$00000003  c_w.l(rtexit2.o)
    0x08000222   0x08000222   0x00000006   Code   RO         1040    .ARM.Collect$$rtexit$$00000004  c_w.l(rtexit2.o)
    0x08000228   0x08000228   0x00000030   Code   RO            1    .text               main.o
    0x08000258   0x08000258   0x00000012   Code   RO          157    .text               stm32f10x_it.o
    0x0800026a   0x0800026a   0x00000002   PAD
    0x0800026c   0x0800026c   0x00000158   Code   RO          198    .text               system_stm32f10x.o
    0x080003c4   0x080003c4   0x00000050   Code   RO          216    .text               led.o
    0x08000414   0x08000414   0x000000dc   Code   RO          228    .text               key.o
    0x080004f0   0x080004f0   0x00003c58   Code   RO          241    .text               lcd.o
    0x08004148   0x08004148   0x0000022c   Code   RO          269    .text               myiic.o
    0x08004374   0x08004374   0x0000013e   Code   RO          281    .text               24cxx.o
    0x080044b2   0x080044b2   0x00000002   PAD
    0x080044b4   0x080044b4   0x00000b70   Code   RO          332    .text               touch.o
    0x08005024   0x08005024   0x0000026c   Code   RO          357    .text               ctiic.o
    0x08005290   0x08005290   0x000002e4   Code   RO          373    .text               ott2001a.o
    0x08005574   0x08005574   0x000002b4   Code   RO          390    .text               ft5206.o
    0x08005828   0x08005828   0x000003a0   Code   RO          409    .text               gt9147.o
    0x08005bc8   0x08005bc8   0x00000150   Code   RO          428    .text               exti.o
    0x08005d18   0x08005d18   0x00000098   Code   RO          440    .text               delay.o
    0x08005db0   0x08005db0   0x00000114   Code   RO          471    .text               usart.o
    0x08005ec4   0x08005ec4   0x00000040   Code   RO          508    .text               startup_stm32f10x_hd.o
    0x08005f04   0x08005f04   0x000000b0   Code   RO          524    .text               misc.o
    0x08005fb4   0x08005fb4   0x000000e8   Code   RO          620    .text               stm32f10x_exti.o
    0x0800609c   0x0800609c   0x0000047c   Code   RO          645    .text               stm32f10x_fsmc.o
    0x08006518   0x08006518   0x00000264   Code   RO          657    .text               stm32f10x_gpio.o
    0x0800677c   0x0800677c   0x000002b8   Code   RO          705    .text               stm32f10x_rcc.o
    0x08006a34   0x08006a34   0x00000328   Code   RO          769    .text               stm32f10x_usart.o
    0x08006d5c   0x08006d5c   0x00000002   Code   RO          795    .text               c_w.l(use_no_semi_2.o)
    0x08006d5e   0x08006d5e   0x00000002   PAD
    0x08006d60   0x08006d60   0x00000018   Code   RO          799    .text               c_w.l(noretval__2printf.o)
    0x08006d78   0x08006d78   0x00000068   Code   RO          801    .text               c_w.l(__printf.o)
    0x08006de0   0x08006de0   0x00000052   Code   RO          803    .text               c_w.l(_printf_str.o)
    0x08006e32   0x08006e32   0x00000002   PAD
    0x08006e34   0x08006e34   0x00000078   Code   RO          805    .text               c_w.l(_printf_dec.o)
    0x08006eac   0x08006eac   0x00000058   Code   RO          810    .text               c_w.l(_printf_hex_int.o)
    0x08006f04   0x08006f04   0x00000080   Code   RO          852    .text               c_w.l(strcmpv7m.o)
    0x08006f84   0x08006f84   0x00000006   Code   RO          854    .text               c_w.l(heapauxi.o)
    0x08006f8a   0x08006f8a   0x00000002   Code   RO          918    .text               c_w.l(use_no_semi.o)
    0x08006f8c   0x08006f8c   0x00000016   Code   RO          921    .text               c_w.l(_rserrno.o)
    0x08006fa2   0x08006fa2   0x000000b2   Code   RO          923    .text               c_w.l(_printf_intcommon.o)
    0x08007054   0x08007054   0x0000002c   Code   RO          925    .text               c_w.l(_printf_char.o)
    0x08007080   0x08007080   0x00000024   Code   RO          927    .text               c_w.l(_printf_char_file.o)
    0x080070a4   0x080070a4   0x00000008   Code   RO          963    .text               c_w.l(rt_errno_addr_intlibspace.o)
    0x080070ac   0x080070ac   0x00000030   Code   RO          965    .text               c_w.l(_printf_char_common.o)
    0x080070dc   0x080070dc   0x00000008   Code   RO          967    .text               c_w.l(ferror.o)
    0x080070e4   0x080070e4   0x00000008   Code   RO          973    .text               c_w.l(libspace.o)
    0x080070ec   0x080070ec   0x0000004a   Code   RO          976    .text               c_w.l(sys_stackheap_outer.o)
    0x08007136   0x08007136   0x00000012   Code   RO          980    .text               c_w.l(exit.o)
    0x08007148   0x08007148   0x0000004c   Code   RO          911    i.sqrt              m_ws.l(sqrt.o)
    0x08007194   0x08007194   0x00000150   Code   RO          858    x$fpl$dadd          fz_ws.l(daddsub_clz.o)
    0x080072e4   0x080072e4   0x00000018   Code   RO          930    x$fpl$dcmpinf       fz_ws.l(dcmpi.o)
    0x080072fc   0x080072fc   0x0000005a   Code   RO          864    x$fpl$dfixu         fz_ws.l(dfixu.o)
    0x08007356   0x08007356   0x00000026   Code   RO          868    x$fpl$dfltu         fz_ws.l(dflt_clz.o)
    0x0800737c   0x0800737c   0x00000078   Code   RO          874    x$fpl$dleqf         fz_ws.l(dleqf.o)
    0x080073f4   0x080073f4   0x00000154   Code   RO          876    x$fpl$dmul          fz_ws.l(dmul.o)
    0x08007548   0x08007548   0x0000009c   Code   RO          932    x$fpl$dnaninf       fz_ws.l(dnaninf.o)
    0x080075e4   0x080075e4   0x0000000c   Code   RO          934    x$fpl$dretinf       fz_ws.l(dretinf.o)
    0x080075f0   0x080075f0   0x0000006c   Code   RO          878    x$fpl$drleqf        fz_ws.l(drleqf.o)
    0x0800765c   0x0800765c   0x00000016   Code   RO          859    x$fpl$drsb          fz_ws.l(daddsub_clz.o)
    0x08007672   0x08007672   0x00000002   PAD
    0x08007674   0x08007674   0x000001cc   Code   RO          936    x$fpl$dsqrt         fz_ws.l(dsqrt_noumaal.o)
    0x08007840   0x08007840   0x000001d4   Code   RO          860    x$fpl$dsub          fz_ws.l(daddsub_clz.o)
    0x08007a14   0x08007a14   0x00000056   Code   RO          880    x$fpl$f2d           fz_ws.l(f2d.o)
    0x08007a6a   0x08007a6a   0x00000002   PAD
    0x08007a6c   0x08007a6c   0x000000c4   Code   RO          882    x$fpl$fadd          fz_ws.l(faddsub_clz.o)
    0x08007b30   0x08007b30   0x0000000c   Code   RO          938    x$fpl$fcheck1       fz_ws.l(fcheck1.o)
    0x08007b3c   0x08007b3c   0x00000184   Code   RO          889    x$fpl$fdiv          fz_ws.l(fdiv.o)
    0x08007cc0   0x08007cc0   0x00000036   Code   RO          892    x$fpl$ffix          fz_ws.l(ffix.o)
    0x08007cf6   0x08007cf6   0x00000002   PAD
    0x08007cf8   0x08007cf8   0x0000003e   Code   RO          896    x$fpl$ffixu         fz_ws.l(ffixu.o)
    0x08007d36   0x08007d36   0x00000002   PAD
    0x08007d38   0x08007d38   0x00000030   Code   RO          901    x$fpl$fflt          fz_ws.l(fflt_clz.o)
    0x08007d68   0x08007d68   0x00000026   Code   RO          900    x$fpl$ffltu         fz_ws.l(fflt_clz.o)
    0x08007d8e   0x08007d8e   0x00000002   PAD
    0x08007d90   0x08007d90   0x00000102   Code   RO          906    x$fpl$fmul          fz_ws.l(fmul.o)
    0x08007e92   0x08007e92   0x0000008c   Code   RO          940    x$fpl$fnaninf       fz_ws.l(fnaninf.o)
    0x08007f1e   0x08007f1e   0x0000000a   Code   RO          942    x$fpl$fretinf       fz_ws.l(fretinf.o)
    0x08007f28   0x08007f28   0x000000ea   Code   RO          884    x$fpl$fsub          fz_ws.l(faddsub_clz.o)
    0x08008012   0x08008012   0x00000064   Code   RO          971    x$fpl$retnan        fz_ws.l(retnan.o)
    0x08008076   0x08008076   0x0000004c   Code   RO          908    x$fpl$scalbnf       fz_ws.l(scalbnf.o)
    0x080080c2   0x080080c2   0x00000030   Code   RO          988    x$fpl$trapveneer    fz_ws.l(trapv.o)
    0x080080f2   0x080080f2   0x00000000   Code   RO          944    x$fpl$usenofp       fz_ws.l(usenofp.o)
    0x080080f2   0x080080f2   0x000017c0   Data   RO          243    .constdata          lcd.o
    0x080098b2   0x080098b2   0x00000002   PAD
    0x080098b4   0x080098b4   0x00000004   Data   RO          333    .constdata          touch.o
    0x080098b8   0x080098b8   0x0000000a   Data   RO          374    .constdata          ott2001a.o
    0x080098c2   0x080098c2   0x0000000a   Data   RO          391    .constdata          ft5206.o
    0x080098cc   0x080098cc   0x000000c2   Data   RO          410    .constdata          gt9147.o
    0x0800998e   0x0800998e   0x00000028   Data   RO          811    .constdata          c_w.l(_printf_hex_int.o)
    0x080099b6   0x080099b6   0x00000002   PAD
    0x080099b8   0x080099b8   0x00000079   Data   RO          334    .conststring        touch.o
    0x08009a31   0x08009a31   0x00000003   PAD
    0x08009a34   0x08009a34   0x00000020   Data   RO         1110    Region$$Table       anon$$obj.o


    Execution Region RW_IRAM1 (Exec base: 0x20000000, Load base: 0x08009a54, Size: 0x00000e70, Max: 0x00010000, ABSOLUTE, COMPRESSED[0x000004ac])

    Exec Addr    Load Addr    Size         Type   Attr      Idx    E Section Name        Object

    0x20000000   COMPRESSED   0x00000014   Data   RW          199    .data               system_stm32f10x.o
    0x20000014   COMPRESSED   0x00000001   Data   RW          229    .data               key.o
    0x20000015   COMPRESSED   0x00000001   PAD
    0x20000016   COMPRESSED   0x000006c4   Data   RW          245    .data               lcd.o
    0x200006da   COMPRESSED   0x00000002   PAD
    0x200006dc   COMPRESSED   0x00000038   Data   RW          335    .data               touch.o
    0x20000714   COMPRESSED   0x00000001   Data   RW          375    .data               ott2001a.o
    0x20000715   COMPRESSED   0x00000001   Data   RW          392    .data               ft5206.o
    0x20000716   COMPRESSED   0x00000001   Data   RW          411    .data               gt9147.o
    0x20000717   COMPRESSED   0x00000001   PAD
    0x20000718   COMPRESSED   0x00000004   Data   RW          441    .data               delay.o
    0x2000071c   COMPRESSED   0x00000002   Data   RW          473    .data               usart.o
    0x2000071e   COMPRESSED   0x00000002   PAD
    0x20000720   COMPRESSED   0x00000004   Data   RW          474    .data               usart.o
    0x20000724   COMPRESSED   0x00000014   Data   RW          706    .data               stm32f10x_rcc.o
    0x20000738        -       0x0000000e   Zero   RW          242    .bss                lcd.o
    0x20000746        -       0x000000c8   Zero   RW          472    .bss                usart.o
    0x2000080e   COMPRESSED   0x00000002   PAD
    0x20000810        -       0x00000060   Zero   RW          974    .bss                c_w.l(libspace.o)
    0x20000870        -       0x00000200   Zero   RW          506    HEAP                startup_stm32f10x_hd.o
    0x20000a70        -       0x00000400   Zero   RW          505    STACK               startup_stm32f10x_hd.o


==============================================================================

Image component sizes


      Code (inc. data)   RO Data    RW Data    ZI Data      Debug   Object Name

       318          0          0          0          0       2746   24cxx.o
       620         16          0          0          0       2819   ctiic.o
       152         14          0          4          0       1023   delay.o
       336         16          0          0          0       1120   exti.o
       692         32         10          1          0       2635   ft5206.o
       928         66        194          1          0       3174   gt9147.o
       220         14          0          1          0        844   key.o
     15448        122       6080       1732         14      56061   lcd.o
        80         10          0          0          0        471   led.o
        48          4          0          0          0     242751   main.o
       176         14          0          0          0       1841   misc.o
       556         10          0          0          0       1960   myiic.o
       740         54         10          1          0       2805   ott2001a.o
        64         26        304          0       1536        768   startup_stm32f10x_hd.o
       232          8          0          0          0       2347   stm32f10x_exti.o
      1148          6          0          0          0       5803   stm32f10x_fsmc.o
       612         36          0          0          0       5969   stm32f10x_gpio.o
        18          0          0          0          0       1130   stm32f10x_it.o
       696         32          0         20          0       8920   stm32f10x_rcc.o
       808         22          0          0          0       8836   stm32f10x_usart.o
         0          0          0          0          0         32   sys.o
       344         34          0         20          0       1691   system_stm32f10x.o
      2928        176        125         56          0       7095   touch.o
       276         16          0          6        200       3138   usart.o

    ----------------------------------------------------------------------
     27444        728       6760       1848       1752     365979   Object Totals
         0          0         32          0          0          0   (incl. Generated)
         4          0          5          6          2          0   (incl. Padding)

    ----------------------------------------------------------------------

      Code (inc. data)   RO Data    RW Data    ZI Data      Debug   Library Member Name

       100          0          0          0          0          0   __dclz77c.o
         8          0          0          0          0         68   __main.o
       104          0          0          0          0         84   __printf.o
         0          0          0          0          0          0   __rtentry.o
        12          0          0          0          0          0   __rtentry2.o
         6          0          0          0          0          0   __rtentry4.o
        52          8          0          0          0          0   __scatter.o
        28          0          0          0          0          0   __scatter_zi.o
        44          0          0          0          0        108   _printf_char.o
        48          6          0          0          0         96   _printf_char_common.o
        36          4          0          0          0         80   _printf_char_file.o
         6          0          0          0          0          0   _printf_d.o
       120         16          0          0          0         92   _printf_dec.o
        88          4         40          0          0         88   _printf_hex_int.o
       178          0          0          0          0         88   _printf_intcommon.o
         0          0          0          0          0          0   _printf_percent.o
         4          0          0          0          0          0   _printf_percent_end.o
         6          0          0          0          0          0   _printf_s.o
        82          0          0          0          0         80   _printf_str.o
         6          0          0          0          0          0   _printf_x.o
        22          0          0          0          0        100   _rserrno.o
        18          0          0          0          0         80   exit.o
         8          0          0          0          0         68   ferror.o
         6          0          0          0          0        152   heapauxi.o
         2          0          0          0          0          0   libinit.o
         2          0          0          0          0          0   libinit2.o
         2          0          0          0          0          0   libshutdown.o
         2          0          0          0          0          0   libshutdown2.o
         8          4          0          0         96         68   libspace.o
        24          4          0          0          0         84   noretval__2printf.o
         8          4          0          0          0         68   rt_errno_addr_intlibspace.o
         2          0          0          0          0          0   rtexit.o
        10          0          0          0          0          0   rtexit2.o
       128          0          0          0          0         68   strcmpv7m.o
        74          0          0          0          0         80   sys_stackheap_outer.o
         2          0          0          0          0         68   use_no_semi.o
         2          0          0          0          0         68   use_no_semi_2.o
       826         16          0          0          0        348   daddsub_clz.o
        24          0          0          0          0         68   dcmpi.o
        90          4          0          0          0         92   dfixu.o
        38          0          0          0          0         68   dflt_clz.o
       120          4          0          0          0         92   dleqf.o
       340         12          0          0          0        104   dmul.o
       156          4          0          0          0         92   dnaninf.o
        12          0          0          0          0         68   dretinf.o
       108          0          0          0          0         80   drleqf.o
       460         56          0          0          0        120   dsqrt_noumaal.o
        86          4          0          0          0         84   f2d.o
       430          8          0          0          0        168   faddsub_clz.o
        12          4          0          0          0         68   fcheck1.o
       388         76          0          0          0         96   fdiv.o
        54          4          0          0          0         84   ffix.o
        62          4          0          0          0         84   ffixu.o
        86          0          0          0          0        136   fflt_clz.o
       258          4          0          0          0         84   fmul.o
       140          4          0          0          0         84   fnaninf.o
        10          0          0          0          0         68   fretinf.o
       100          0          0          0          0         68   retnan.o
        76          0          0          0          0         68   scalbnf.o
        48          0          0          0          0         68   trapv.o
         0          0          0          0          0          0   usenofp.o
        76          0          0          0          0         84   sqrt.o

    ----------------------------------------------------------------------
      5262        254         42          0         96       4064   Library Totals
        14          0          2          0          0          0   (incl. Padding)

    ----------------------------------------------------------------------

      Code (inc. data)   RO Data    RW Data    ZI Data      Debug   Library Name

      1248         50         40          0         96       1688   c_w.l
      3924        204          0          0          0       2292   fz_ws.l
        76          0          0          0          0         84   m_ws.l

    ----------------------------------------------------------------------
      5262        254         42          0         96       4064   Library Totals

    ----------------------------------------------------------------------

==============================================================================


      Code (inc. data)   RO Data    RW Data    ZI Data      Debug   

     32706        982       6802       1848       1848     365619   Grand Totals
     32706        982       6802       1196       1848     365619   ELF Image Totals (compressed)
     32706        982       6802       1196          0          0   ROM Totals

==============================================================================

    Total RO  Size (Code + RO Data)                39508 (  38.58kB)
    Total RW  Size (RW Data + ZI Data)              3696 (   3.61kB)
    Total ROM Size (Code + RO Data + RW Data)      40704 (  39.75kB)

==============================================================================

