Component: ARM Compiler 5.06 update 6 (build 750) Tool: armlink [4d35ed]

==============================================================================

Section Cross References

    main.o(.text) refers to _printf_pad.o(.text) for _printf_pre_padding
    main.o(.text) refers to _printf_truncate.o(.text) for _printf_truncate_unsigned
    main.o(.text) refers to _printf_percent.o(.ARM.Collect$$_printf_percent$$00000000) for _printf_percent
    main.o(.text) refers to _printf_d.o(.ARM.Collect$$_printf_percent$$00000009) for _printf_d
    main.o(.text) refers to _printf_i.o(.ARM.Collect$$_printf_percent$$00000008) for _printf_i
    main.o(.text) refers to _printf_u.o(.ARM.Collect$$_printf_percent$$0000000A) for _printf_u
    main.o(.text) refers to _printf_o.o(.ARM.Collect$$_printf_percent$$0000000B) for _printf_o
    main.o(.text) refers to _printf_x.o(.ARM.Collect$$_printf_percent$$0000000C) for _printf_x
    main.o(.text) refers to _printf_c.o(.ARM.Collect$$_printf_percent$$00000013) for _printf_c
    main.o(.text) refers to _printf_lc.o(.ARM.Collect$$_printf_percent$$00000015) for _printf_lc
    main.o(.text) refers to _printf_dec.o(.text) for _printf_int_dec
    main.o(.text) refers to _printf_oct_int.o(.text) for _printf_longlong_oct
    main.o(.text) refers to _printf_hex_int.o(.text) for _printf_longlong_hex
    main.o(.text) refers to _printf_str.o(.text) for _printf_str
    main.o(.text) refers to _printf_wctomb.o(.text) for _printf_wctomb
    main.o(.text) refers to _printf_f.o(.ARM.Collect$$_printf_percent$$00000003) for _printf_f
    main.o(.text) refers to printf1.o(x$fpl$printf1) for _printf_fp_dec
    main.o(.text) refers to _printf_s.o(.ARM.Collect$$_printf_percent$$00000014) for _printf_s
    main.o(.text) refers to rt_memclr_w.o(.text) for __aeabi_memclr4
    main.o(.text) refers to sscanf.o(.text) for sscanf
    main.o(.text) refers to noretval__2printf.o(.text) for __2printf
    main.o(.text) refers to lcd.o(.text) for LCD_ShowString
    main.o(.text) refers to noretval__2sprintf.o(.text) for __2sprintf
    main.o(.text) refers to atof.o(i.atof) for atof
    main.o(.text) refers to deqf.o(x$fpl$deqf) for __aeabi_cdcmpeq
    main.o(.text) refers to eval.o(.text) for eval
    main.o(.text) refers to daddsub_clz.o(x$fpl$dadd) for __aeabi_dadd
    main.o(.text) refers to daddsub_clz.o(x$fpl$dsub) for __aeabi_dsub
    main.o(.text) refers to delay.o(.text) for delay_init
    main.o(.text) refers to misc.o(.text) for NVIC_PriorityGroupConfig
    main.o(.text) refers to usart.o(.text) for uart_init
    main.o(.text) refers to led.o(.text) for LED_Init
    main.o(.text) refers to key.o(.text) for KEY_Init
    main.o(.text) refers to usart.o(.bss) for USART_RX_BUF
    main.o(.text) refers to main.o(.constdata) for CALC_EXP
    main.o(.text) refers to usart.o(.data) for USART_RX_STA
    main.o(.text) refers to main.o(.data) for sum1
    main.o(.text) refers to touch.o(.data) for tp_dev
    main.o(.text) refers to lcd.o(.data) for POINT_COLOR
    main.o(.constdata) refers to main.o(.conststring) for .conststring
    main.o(.constdata) refers to main.o(.text) for my_add
    system_stm32f10x.o(.text) refers to system_stm32f10x.o(.data) for SystemCoreClock
    led.o(.text) refers to stm32f10x_rcc.o(.text) for RCC_APB2PeriphClockCmd
    led.o(.text) refers to stm32f10x_gpio.o(.text) for GPIO_Init
    key.o(.text) refers to stm32f10x_rcc.o(.text) for RCC_APB2PeriphClockCmd
    key.o(.text) refers to stm32f10x_gpio.o(.text) for GPIO_Init
    key.o(.text) refers to delay.o(.text) for delay_ms
    key.o(.text) refers to key.o(.data) for key_up
    lcd.o(.text) refers to _printf_percent.o(.ARM.Collect$$_printf_percent$$00000000) for _printf_percent
    lcd.o(.text) refers to _printf_x.o(.ARM.Collect$$_printf_percent$$0000000C) for _printf_x
    lcd.o(.text) refers to _printf_hex_int.o(.text) for _printf_longlong_hex
    lcd.o(.text) refers to delay.o(.text) for delay_us
    lcd.o(.text) refers to lcd.o(.bss) for lcddev
    lcd.o(.text) refers to lcd.o(.data) for POINT_COLOR
    lcd.o(.text) refers to dflt_clz.o(x$fpl$dfltu) for __aeabi_ui2d
    lcd.o(.text) refers to dmul.o(x$fpl$dmul) for __aeabi_dmul
    lcd.o(.text) refers to dfixu.o(x$fpl$dfixu) for __aeabi_d2uiz
    lcd.o(.text) refers to stm32f10x_rcc.o(.text) for RCC_AHBPeriphClockCmd
    lcd.o(.text) refers to stm32f10x_gpio.o(.text) for GPIO_Init
    lcd.o(.text) refers to stm32f10x_fsmc.o(.text) for FSMC_NORSRAMInit
    lcd.o(.text) refers to noretval__2printf.o(.text) for __2printf
    lcd.o(.text) refers to lcd.o(.constdata) for asc2_1206
    myiic.o(.text) refers to stm32f10x_rcc.o(.text) for RCC_APB2PeriphClockCmd
    myiic.o(.text) refers to stm32f10x_gpio.o(.text) for GPIO_Init
    myiic.o(.text) refers to delay.o(.text) for delay_us
    24cxx.o(.text) refers to myiic.o(.text) for IIC_Init
    24cxx.o(.text) refers to delay.o(.text) for delay_ms
    spi.o(.text) refers to stm32f10x_spi.o(.text) for SPI_I2S_GetFlagStatus
[...]
    LCD_Pow                                  0x08005dcf   Thumb Code    22  lcd.o(.text)
    LCD_ShowNum                              0x08005de5   Thumb Code   148  lcd.o(.text)
    LCD_ShowxNum                             0x08005e79   Thumb Code   220  lcd.o(.text)
    LCD_ShowString                           0x08005f55   Thumb Code   102  lcd.o(.text)
    LCD_Show_CH_Font24                       0x08005fbb   Thumb Code   124  lcd.o(.text)
    IIC_Init                                 0x08006045   Thumb Code    46  myiic.o(.text)
    IIC_Start                                0x08006073   Thumb Code    64  myiic.o(.text)
    IIC_Stop                                 0x080060b3   Thumb Code    66  myiic.o(.text)
    IIC_Wait_Ack                             0x080060f5   Thumb Code    86  myiic.o(.text)
    IIC_Ack                                  0x0800614b   Thumb Code    70  myiic.o(.text)
    IIC_NAck                                 0x08006191   Thumb Code    70  myiic.o(.text)
    IIC_Send_Byte                            0x080061d7   Thumb Code   104  myiic.o(.text)
    IIC_Read_Byte                            0x0800623f   Thumb Code   100  myiic.o(.text)
    AT24CXX_Init                             0x080062b1   Thumb Code     8  24cxx.o(.text)
    AT24CXX_ReadOneByte                      0x080062b9   Thumb Code    88  24cxx.o(.text)
    AT24CXX_WriteOneByte                     0x08006311   Thumb Code    80  24cxx.o(.text)
    AT24CXX_WriteLenByte                     0x08006361   Thumb Code    42  24cxx.o(.text)
    AT24CXX_ReadLenByte                      0x0800638b   Thumb Code    44  24cxx.o(.text)
    AT24CXX_Check                            0x080063b7   Thumb Code    46  24cxx.o(.text)
    AT24CXX_Read                             0x080063e5   Thumb Code    34  24cxx.o(.text)
    AT24CXX_Write                            0x08006407   Thumb Code    36  24cxx.o(.text)
    TP_Write_Byte                            0x0800642d   Thumb Code    64  touch.o(.text)
    TP_Read_AD                               0x0800646d   Thumb Code   136  touch.o(.text)
    TP_Read_XOY                              0x080064f5   Thumb Code   120  touch.o(.text)
    TP_Read_XY                               0x0800656d   Thumb Code    38  touch.o(.text)
    TP_Read_XY2                              0x08006593   Thumb Code   192  touch.o(.text)
    TP_Drow_Touch_Point                      0x08006653   Thumb Code   108  touch.o(.text)
    TP_Draw_Big_Point                        0x080066bf   Thumb Code    54  touch.o(.text)
    TP_Scan                                  0x080066f5   Thumb Code   264  touch.o(.text)
    TP_Save_Adjdata                          0x080067fd   Thumb Code    24  touch.o(.text)
    TP_Get_Adjdata                           0x08006815   Thumb Code   104  touch.o(.text)
    TP_Adj_Info_Show                         0x0800687d   Thumb Code   374  touch.o(.text)
    TP_Adjust                                0x080069f3   Thumb Code  2128  touch.o(.text)
    TP_Init                                  0x08007243   Thumb Code   330  touch.o(.text)
    CT_Delay                                 0x080073e1   Thumb Code    10  ctiic.o(.text)
    CT_IIC_Init                              0x080073eb   Thumb Code    72  ctiic.o(.text)
    CT_IIC_Start                             0x08007433   Thumb Code    66  ctiic.o(.text)
    CT_IIC_Stop                              0x08007475   Thumb Code    60  ctiic.o(.text)
    CT_IIC_Wait_Ack                          0x080074b1   Thumb Code    86  ctiic.o(.text)
    CT_IIC_Ack                               0x08007507   Thumb Code    70  ctiic.o(.text)
    CT_IIC_NAck                              0x0800754d   Thumb Code    70  ctiic.o(.text)
    CT_IIC_Send_Byte                         0x08007593   Thumb Code    86  ctiic.o(.text)
    CT_IIC_Read_Byte                         0x080075e9   Thumb Code   100  ctiic.o(.text)
    OTT2001A_WR_Reg                          0x08007665   Thumb Code    92  ott2001a.o(.text)
    OTT2001A_RD_Reg                          0x080076c1   Thumb Code    98  ott2001a.o(.text)
    OTT2001A_SensorControl                   0x08007723   Thumb Code    28  ott2001a.o(.text)
    OTT2001A_Init                            0x0800773f   Thumb Code   156  ott2001a.o(.text)
    OTT2001A_Scan                            0x080077db   Thumb Code   446  ott2001a.o(.text)
    FT5206_WR_Reg                            0x080079d1   Thumb Code    82  ft5206.o(.text)
    FT5206_RD_Reg                            0x08007a23   Thumb Code    88  ft5206.o(.text)
    FT5206_Init                              0x08007a7b   Thumb Code   216  ft5206.o(.text)
    FT5206_Scan                              0x08007b53   Thumb Code   400  ft5206.o(.text)
    GT9147_WR_Reg                            0x08007d09   Thumb Code    92  gt9147.o(.text)
    GT9147_Send_Cfg                          0x08007d65   Thumb Code    86  gt9147.o(.text)
    GT9147_RD_Reg                            0x08007dbb   Thumb Code    98  gt9147.o(.text)
    GT9147_Init                              0x08007e1d   Thumb Code   268  gt9147.o(.text)
    GT9147_Scan                              0x08007f29   Thumb Code   494  gt9147.o(.text)
    delay_init                               0x08008161   Thumb Code    50  delay.o(.text)
    delay_us                                 0x08008193   Thumb Code    72  delay.o(.text)
    delay_ms                                 0x080081db   Thumb Code    72  delay.o(.text)
    _sys_exit                                0x08008235   Thumb Code     4  usart.o(.text)
    fputc                                    0x08008239   Thumb Code    24  usart.o(.text)
    uart_init                                0x08008251   Thumb Code   152  usart.o(.text)
    USART1_IRQHandler                        0x080082e9   Thumb Code   122  usart.o(.text)
    getPriority                              0x08008375   Thumb Code    64  eval.o(.text)
    pushSignOpera                            0x080083b5   Thumb Code    44  eval.o(.text)
    pushSignNum                              0x080083e1   Thumb Code    48  eval.o(.text)
    pushReverseOpera                         0x08008411   Thumb Code    44  eval.o(.text)
    pushReverseNum                           0x0800843d   Thumb Code    48  eval.o(.text)
    deleteReverseItem                        0x0800846d   Thumb Code    56  eval.o(.text)
    insertReverseNum                         0x080084a5   Thumb Code    90  eval.o(.text)
    isNumber                                 0x080084ff   Thumb Code    22  eval.o(.text)
    isOperator                               0x08008515   Thumb Code    46  eval.o(.text)
    pushOpera                                0x08008543   Thumb Code    16  eval.o(.text)
    isNotEmptyOperaS                         0x08008553   Thumb Code    16  eval.o(.text)
    popOpera                                 0x08008563   Thumb Code    18  eval.o(.text)
    getTopOpera                              0x08008575   Thumb Code    28  eval.o(.text)
    replaceString                            0x08008591   Thumb Code   130  eval.o(.text)
    tranString                               0x08008613   Thumb Code   228  eval.o(.text)
    getOperaArgNum                           0x080086f7   Thumb Code    64  eval.o(.text)
    fact                                     0x08008737   Thumb Code    94  eval.o(.text)
    calculate                                0x08008795   Thumb Code  2006  eval.o(.text)
    calculateOpera                           0x08008f6b   Thumb Code   154  eval.o(.text)
    eval                                     0x08009005   Thumb Code   668  eval.o(.text)
    Reset_Handler                            0x080092b5   Thumb Code     8  startup_stm32f10x_hd.o(.text)
    ADC1_2_IRQHandler                        0x080092cf   Thumb Code     0  startup_stm32f10x_hd.o(.text)
    ADC3_IRQHandler                          0x080092cf   Thumb Code     0  startup_stm32f10x_hd.o(.text)
    CAN1_RX1_IRQHandler                      0x080092cf   Thumb Code     0  startup_stm32f10x_hd.o(.text)
    CAN1_SCE_IRQHandler                      0x080092cf   Thumb Code     0  startup_stm32f10x_hd.o(.text)
    DMA1_Channel1_IRQHandler                 0x080092cf   Thumb Code     0  startup_stm32f10x_hd.o(.text)
    DMA1_Channel2_IRQHandler                 0x080092cf   Thumb Code     0  startup_stm32f10x_hd.o(.text)
    DMA1_Channel3_IRQHandler                 0x080092cf   Thumb Code     0  startup_stm32f10x_hd.o(.text)
    DMA1_Channel4_IRQHandler                 0x080092cf   Thumb Code     0  startup_stm32f10x_hd.o(.text)
    DMA1_Channel5_IRQHandler                 0x080092cf   Thumb Code     0  startup_stm32f10x_hd.o(.text)
    DMA1_Channel6_IRQHandler                 0x080092cf   Thumb Code     0  startup_stm32f10x_hd.o(.text)
    DMA1_Channel7_IRQHandler                 0x080092cf   Thumb Code     0  startup_stm32f10x_hd.o(.text)
    DMA2_Channel1_IRQHandler                 0x080092cf   Thumb Code     0  startup_stm32f10x_hd.o(.text)
    DMA2_Channel2_IRQHandler                 0x080092cf   Thumb Code     0  startup_stm32f10x_hd.o(.text)
    DMA2_Channel3_IRQHandler                 0x080092cf   Thumb Code     0  startup_stm32f10x_hd.o(.text)
    DMA2_Channel4_5_IRQHandler               0x080092cf   Thumb Code     0  startup_stm32f10x_hd.o(.text)
    EXTI0_IRQHandler                         0x080092cf   Thumb Code     0  startup_stm32f10x_hd.o(.text)
    EXTI15_10_IRQHandler                     0x080092cf   Thumb Code     0  startup_stm32f10x_hd.o(.text)
    EXTI1_IRQHandler                         0x080092cf   Thumb Code     0  startup_stm32f10x_hd.o(.text)
    EXTI2_IRQHandler                         0x080092cf   Thumb Code     0  startup_stm32f10x_hd.o(.text)
    EXTI3_IRQHandler                         0x080092cf   Thumb Code     0  startup_stm32f10x_hd.o(.text)
    EXTI4_IRQHandler                         0x080092cf   Thumb Code     0  startup_stm32f10x_hd.o(.text)
    EXTI9_5_IRQHandler                       0x080092cf   Thumb Code     0  startup_stm32f10x_hd.o(.text)
    FLASH_IRQHandler                         0x080092cf   Thumb Code     0  startup_stm32f10x_hd.o(.text)
    FSMC_IRQHandler                          0x080092cf   Thumb Code     0  startup_stm32f10x_hd.o(.text)
    I2C1_ER_IRQHandler                       0x080092cf   Thumb Code     0  startup_stm32f10x_hd.o(.text)
    I2C1_EV_IRQHandler                       0x080092cf   Thumb Code     0  startup_stm32f10x_hd.o(.text)
    I2C2_ER_IRQHandler                       0x080092cf   Thumb Code     0  startup_stm32f10x_hd.o(.text)
    I2C2_EV_IRQHandler                       0x080092cf   Thumb Code     0  startup_stm32f10x_hd.o(.text)
    PVD_IRQHandler                           0x080092cf   Thumb Code     0  startup_stm32f10x_hd.o(.text)
    RCC_IRQHandler                           0x080092cf   Thumb Code     0  startup_stm32f10x_hd.o(.text)
    RTCAlarm_IRQHandler                      0x080092cf   Thumb Code     0  startup_stm32f10x_hd.o(.text)
    RTC_IRQHandler                           0x080092cf   Thumb Code     0  startup_stm32f10x_hd.o(.text)
    SDIO_IRQHandler                          0x080092cf   Thumb Code     0  startup_stm32f10x_hd.o(.text)
    SPI1_IRQHandler                          0x080092cf   Thumb Code     0  startup_stm32f10x_hd.o(.text)
    SPI2_IRQHandler                          0x080092cf   Thumb Code     0  startup_stm32f10x_hd.o(.text)
    SPI3_IRQHandler                          0x080092cf   Thumb Code     0  startup_stm32f10x_hd.o(.text)
    TAMPER_IRQHandler                        0x080092cf   Thumb Code     0  startup_stm32f10x_hd.o(.text)
    TIM1_BRK_IRQHandler                      0x080092cf   Thumb Code     0  startup_stm32f10x_hd.o(.text)
    TIM1_CC_IRQHandler                       0x080092cf   Thumb Code     0  startup_stm32f10x_hd.o(.text)
    TIM1_TRG_COM_IRQHandler                  0x080092cf   Thumb Code     0  startup_stm32f10x_hd.o(.text)
    TIM1_UP_IRQHandler                       0x080092cf   Thumb Code     0  startup_stm32f10x_hd.o(.text)
    TIM2_IRQHandler                          0x080092cf   Thumb Code     0  startup_stm32f10x_hd.o(.text)
    TIM3_IRQHandler                          0x080092cf   Thumb Code     0  startup_stm32f10x_hd.o(.text)
    TIM4_IRQHandler                          0x080092cf   Thumb Code     0  startup_stm32f10x_hd.o(.text)
    TIM5_IRQHandler                          0x080092cf   Thumb Code     0  startup_stm32f10x_hd.o(.text)
    TIM6_IRQHandler                          0x080092cf   Thumb Code     0  startup_stm32f10x_hd.o(.text)
    TIM7_IRQHandler                          0x080092cf   Thumb Code     0  startup_stm32f10x_hd.o(.text)
    TIM8_BRK_IRQHandler                      0x080092cf   Thumb Code     0  startup_stm32f10x_hd.o(.text)
    TIM8_CC_IRQHandler                       0x080092cf   Thumb Code     0  startup_stm32f10x_hd.o(.text)
    TIM8_TRG_COM_IRQHandler                  0x080092cf   Thumb Code     0  startup_stm32f10x_hd.o(.text)
    TIM8_UP_IRQHandler                       0x080092cf   Thumb Code     0  startup_stm32f10x_hd.o(.text)
    UART4_IRQHandler                         0x080092cf   Thumb Code     0  startup_stm32f10x_hd.o(.text)
    UART5_IRQHandler                         0x080092cf   Thumb Code     0  startup_stm32f10x_hd.o(.text)
    USART2_IRQHandler                        0x080092cf   Thumb Code     0  startup_stm32f10x_hd.o(.text)
    USART3_IRQHandler                        0x080092cf   Thumb Code     0  startup_stm32f10x_hd.o(.text)
    USBWakeUp_IRQHandler                     0x080092cf   Thumb Code     0  startup_stm32f10x_hd.o(.text)
    USB_HP_CAN1_TX_IRQHandler                0x080092cf   Thumb Code     0  startup_stm32f10x_hd.o(.text)
    USB_LP_CAN1_RX0_IRQHandler               0x080092cf   Thumb Code     0  startup_stm32f10x_hd.o(.text)
    WWDG_IRQHandler                          0x080092cf   Thumb Code     0  startup_stm32f10x_hd.o(.text)
    __user_initial_stackheap                 0x080092d1   Thumb Code     0  startup_stm32f10x_hd.o(.text)
    NVIC_PriorityGroupConfig                 0x080092f5   Thumb Code    10  misc.o(.text)
    NVIC_Init                                0x080092ff   Thumb Code   100  misc.o(.text)
    NVIC_SetVectorTable                      0x08009363   Thumb Code    14  misc.o(.text)
    NVIC_SystemLPConfig                      0x08009371   Thumb Code    34  misc.o(.text)
    SysTick_CLKSourceConfig                  0x08009393   Thumb Code    40  misc.o(.text)
    FSMC_NORSRAMDeInit                       0x080093d1   Thumb Code    54  stm32f10x_fsmc.o(.text)
    FSMC_NANDDeInit                          0x08009407   Thumb Code    62  stm32f10x_fsmc.o(.text)
    FSMC_PCCARDDeInit                        0x08009445   Thumb Code    36  stm32f10x_fsmc.o(.text)
    FSMC_NORSRAMInit                         0x08009469   Thumb Code   230  stm32f10x_fsmc.o(.text)
    FSMC_NANDInit                            0x0800954f   Thumb Code   132  stm32f10x_fsmc.o(.text)
    FSMC_PCCARDInit                          0x080095d3   Thumb Code   130  stm32f10x_fsmc.o(.text)
    FSMC_NORSRAMStructInit                   0x08009655   Thumb Code   114  stm32f10x_fsmc.o(.text)
    FSMC_NANDStructInit                      0x080096c7   Thumb Code    54  stm32f10x_fsmc.o(.text)
    FSMC_PCCARDStructInit                    0x080096fd   Thumb Code    60  stm32f10x_fsmc.o(.text)
    FSMC_NORSRAMCmd                          0x08009739   Thumb Code    46  stm32f10x_fsmc.o(.text)
    FSMC_NANDCmd                             0x08009767   Thumb Code    86  stm32f10x_fsmc.o(.text)
    FSMC_PCCARDCmd                           0x080097bd   Thumb Code    44  stm32f10x_fsmc.o(.text)
    FSMC_NANDECCCmd                          0x080097e9   Thumb Code    90  stm32f10x_fsmc.o(.text)
    FSMC_GetECC                              0x08009843   Thumb Code    24  stm32f10x_fsmc.o(.text)
    FSMC_ITConfig                            0x0800985b   Thumb Code   128  stm32f10x_fsmc.o(.text)
    FSMC_GetFlagStatus                       0x080098db   Thumb Code    54  stm32f10x_fsmc.o(.text)
    FSMC_ClearFlag                           0x08009911   Thumb Code    62  stm32f10x_fsmc.o(.text)
    FSMC_GetITStatus                         0x0800994f   Thumb Code    64  stm32f10x_fsmc.o(.text)
    FSMC_ClearITPendingBit                   0x0800998f   Thumb Code    68  stm32f10x_fsmc.o(.text)
    GPIO_DeInit                              0x080099dd   Thumb Code   172  stm32f10x_gpio.o(.text)
    GPIO_AFIODeInit                          0x08009a89   Thumb Code    20  stm32f10x_gpio.o(.text)
    GPIO_Init                                0x08009a9d   Thumb Code   278  stm32f10x_gpio.o(.text)
    GPIO_StructInit                          0x08009bb3   Thumb Code    16  stm32f10x_gpio.o(.text)
    GPIO_ReadInputDataBit                    0x08009bc3   Thumb Code    18  stm32f10x_gpio.o(.text)
    GPIO_ReadInputData                       0x08009bd5   Thumb Code     8  stm32f10x_gpio.o(.text)
    GPIO_ReadOutputDataBit                   0x08009bdd   Thumb Code    18  stm32f10x_gpio.o(.text)
    GPIO_ReadOutputData                      0x08009bef   Thumb Code     8  stm32f10x_gpio.o(.text)
    GPIO_SetBits                             0x08009bf7   Thumb Code     4  stm32f10x_gpio.o(.text)
    GPIO_ResetBits                           0x08009bfb   Thumb Code     4  stm32f10x_gpio.o(.text)
    GPIO_WriteBit                            0x08009bff   Thumb Code    10  stm32f10x_gpio.o(.text)
    GPIO_Write                               0x08009c09   Thumb Code     4  stm32f10x_gpio.o(.text)
    GPIO_PinLockConfig                       0x08009c0d   Thumb Code    18  stm32f10x_gpio.o(.text)
    GPIO_EventOutputConfig                   0x08009c1f   Thumb Code    26  stm32f10x_gpio.o(.text)
    GPIO_EventOutputCmd                      0x08009c39   Thumb Code     6  stm32f10x_gpio.o(.text)
    GPIO_PinRemapConfig                      0x08009c3f   Thumb Code   138  stm32f10x_gpio.o(.text)
    GPIO_EXTILineConfig                      0x08009cc9   Thumb Code    66  stm32f10x_gpio.o(.text)
    GPIO_ETH_MediaInterfaceConfig            0x08009d0b   Thumb Code     8  stm32f10x_gpio.o(.text)
    RCC_DeInit                               0x08009d39   Thumb Code    64  stm32f10x_rcc.o(.text)
    RCC_HSEConfig                            0x08009d79   Thumb Code    70  stm32f10x_rcc.o(.text)
    RCC_GetFlagStatus                        0x08009dbf   Thumb Code    56  stm32f10x_rcc.o(.text)
    RCC_WaitForHSEStartUp                    0x08009df7   Thumb Code    56  stm32f10x_rcc.o(.text)
    RCC_AdjustHSICalibrationValue            0x08009e2f   Thumb Code    20  stm32f10x_rcc.o(.text)
    RCC_HSICmd                               0x08009e43   Thumb Code     6  stm32f10x_rcc.o(.text)
    RCC_PLLConfig                            0x08009e49   Thumb Code    24  stm32f10x_rcc.o(.text)
    RCC_PLLCmd                               0x08009e61   Thumb Code     6  stm32f10x_rcc.o(.text)
    RCC_SYSCLKConfig                         0x08009e67   Thumb Code    18  stm32f10x_rcc.o(.text)
    RCC_GetSYSCLKSource                      0x08009e79   Thumb Code    10  stm32f10x_rcc.o(.text)
    RCC_HCLKConfig                           0x08009e83   Thumb Code    18  stm32f10x_rcc.o(.text)
    RCC_PCLK1Config                          0x08009e95   Thumb Code    18  stm32f10x_rcc.o(.text)
    RCC_PCLK2Config                          0x08009ea7   Thumb Code    20  stm32f10x_rcc.o(.text)
    RCC_ITConfig                             0x08009ebb   Thumb Code    26  stm32f10x_rcc.o(.text)
    RCC_USBCLKConfig                         0x08009ed5   Thumb Code     8  stm32f10x_rcc.o(.text)
    RCC_ADCCLKConfig                         0x08009edd   Thumb Code    18  stm32f10x_rcc.o(.text)
    RCC_LSEConfig                            0x08009eef   Thumb Code    50  stm32f10x_rcc.o(.text)
    RCC_LSICmd                               0x08009f21   Thumb Code     6  stm32f10x_rcc.o(.text)
    RCC_RTCCLKConfig                         0x08009f27   Thumb Code    12  stm32f10x_rcc.o(.text)
    RCC_RTCCLKCmd                            0x08009f33   Thumb Code     8  stm32f10x_rcc.o(.text)
    RCC_GetClocksFreq                        0x08009f3b   Thumb Code   192  stm32f10x_rcc.o(.text)
    RCC_AHBPeriphClockCmd                    0x08009ffb   Thumb Code    26  stm32f10x_rcc.o(.text)
    RCC_APB2PeriphClockCmd                   0x0800a015   Thumb Code    26  stm32f10x_rcc.o(.text)
    RCC_APB1PeriphClockCmd                   0x0800a02f   Thumb Code    26  stm32f10x_rcc.o(.text)
    RCC_APB2PeriphResetCmd                   0x0800a049   Thumb Code    26  stm32f10x_rcc.o(.text)
    RCC_APB1PeriphResetCmd                   0x0800a063   Thumb Code    26  stm32f10x_rcc.o(.text)
    RCC_BackupResetCmd                       0x0800a07d   Thumb Code     8  stm32f10x_rcc.o(.text)
    RCC_ClockSecuritySystemCmd               0x0800a085   Thumb Code     6  stm32f10x_rcc.o(.text)
    RCC_MCOConfig                            0x0800a08b   Thumb Code     6  stm32f10x_rcc.o(.text)
    RCC_ClearFlag                            0x0800a091   Thumb Code    14  stm32f10x_rcc.o(.text)
    RCC_GetITStatus                          0x0800a09f   Thumb Code    20  stm32f10x_rcc.o(.text)
    RCC_ClearITPendingBit                    0x0800a0b3   Thumb Code     6  stm32f10x_rcc.o(.text)
    USART_DeInit                             0x0800a0dd   Thumb Code   134  stm32f10x_usart.o(.text)
    USART_Init                               0x0800a163   Thumb Code   210  stm32f10x_usart.o(.text)
    USART_StructInit                         0x0800a235   Thumb Code    24  stm32f10x_usart.o(.text)
    USART_ClockInit                          0x0800a24d   Thumb Code    34  stm32f10x_usart.o(.text)
    USART_ClockStructInit                    0x0800a26f   Thumb Code    12  stm32f10x_usart.o(.text)
    USART_Cmd                                0x0800a27b   Thumb Code    24  stm32f10x_usart.o(.text)
    USART_ITConfig                           0x0800a293   Thumb Code    74  stm32f10x_usart.o(.text)
    USART_DMACmd                             0x0800a2dd   Thumb Code    18  stm32f10x_usart.o(.text)
    USART_SetAddress                         0x0800a2ef   Thumb Code    18  stm32f10x_usart.o(.text)
    USART_WakeUpConfig                       0x0800a301   Thumb Code    18  stm32f10x_usart.o(.text)
    USART_ReceiverWakeUpCmd                  0x0800a313   Thumb Code    24  stm32f10x_usart.o(.text)
    USART_LINBreakDetectLengthConfig         0x0800a32b   Thumb Code    18  stm32f10x_usart.o(.text)
    USART_LINCmd                             0x0800a33d   Thumb Code    24  stm32f10x_usart.o(.text)
    USART_SendData                           0x0800a355   Thumb Code     8  stm32f10x_usart.o(.text)
    USART_ReceiveData                        0x0800a35d   Thumb Code    10  stm32f10x_usart.o(.text)
    USART_SendBreak                          0x0800a367   Thumb Code    10  stm32f10x_usart.o(.text)
    USART_SetGuardTime                       0x0800a371   Thumb Code    16  stm32f10x_usart.o(.text)
    USART_SetPrescaler                       0x0800a381   Thumb Code    16  stm32f10x_usart.o(.text)
    USART_SmartCardCmd                       0x0800a391   Thumb Code    24  stm32f10x_usart.o(.text)
    USART_SmartCardNACKCmd                   0x0800a3a9   Thumb Code    24  stm32f10x_usart.o(.text)
    USART_HalfDuplexCmd                      0x0800a3c1   Thumb Code    24  stm32f10x_usart.o(.text)
    USART_OverSampling8Cmd                   0x0800a3d9   Thumb Code    22  stm32f10x_usart.o(.text)
    USART_OneBitMethodCmd                    0x0800a3ef   Thumb Code    24  stm32f10x_usart.o(.text)
    USART_IrDAConfig                         0x0800a407   Thumb Code    18  stm32f10x_usart.o(.text)
    USART_IrDACmd                            0x0800a419   Thumb Code    24  stm32f10x_usart.o(.text)
    USART_GetFlagStatus                      0x0800a431   Thumb Code    26  stm32f10x_usart.o(.text)
    USART_ClearFlag                          0x0800a44b   Thumb Code    18  stm32f10x_usart.o(.text)
    USART_GetITStatus                        0x0800a45d   Thumb Code    84  stm32f10x_usart.o(.text)
    USART_ClearITPendingBit                  0x0800a4b1   Thumb Code    52  stm32f10x_usart.o(.text)
    __use_no_semihosting                     0x0800a4e5   Thumb Code     2  use_no_semi_2.o(.text)
    __2printf                                0x0800a4e9   Thumb Code    20  noretval__2printf.o(.text)
    __2sprintf                               0x0800a501   Thumb Code    34  noretval__2sprintf.o(.text)
    _printf_pre_padding                      0x0800a529   Thumb Code    44  _printf_pad.o(.text)
    _printf_post_padding                     0x0800a555   Thumb Code    34  _printf_pad.o(.text)
    _printf_truncate_signed                  0x0800a577   Thumb Code    18  _printf_truncate.o(.text)
    _printf_truncate_unsigned                0x0800a589   Thumb Code    18  _printf_truncate.o(.text)
    _printf_str                              0x0800a59b   Thumb Code    82  _printf_str.o(.text)
    _printf_int_dec                          0x0800a5ed   Thumb Code   104  _printf_dec.o(.text)
    _printf_wctomb                           0x0800a665   Thumb Code   182  _printf_wctomb.o(.text)
    _printf_int_oct                          0x0800a721   Thumb Code    72  _printf_oct_int.o(.text)
    _printf_longlong_oct                     0x0800a721   Thumb Code     0  _printf_oct_int.o(.text)
    _printf_int_hex                          0x0800a771   Thumb Code    84  _printf_hex_int.o(.text)
    _printf_longlong_hex                     0x0800a771   Thumb Code     0  _printf_hex_int.o(.text)
    __printf                                 0x0800a7c9   Thumb Code   388  __printf_flags_ss_wp.o(.text)
    sscanf                                   0x0800a951   Thumb Code    52  sscanf.o(.text)
    srand                                    0x0800a98d   Thumb Code    42  rand.o(.text)
    _rand_init                               0x0800a9b7   Thumb Code     4  rand.o(.text)
    strlen                                   0x0800a9c9   Thumb Code    62  strlen.o(.text)
    __aeabi_memcpy4                          0x0800aa07   Thumb Code     0  rt_memcpy_w.o(.text)
    __aeabi_memcpy8                          0x0800aa07   Thumb Code     0  rt_memcpy_w.o(.text)
    __rt_memcpy_w                            0x0800aa07   Thumb Code   100  rt_memcpy_w.o(.text)
    _memcpy_lastbytes_aligned                0x0800aa4f   Thumb Code     0  rt_memcpy_w.o(.text)
    __aeabi_memclr4                          0x0800aa6b   Thumb Code     0  rt_memclr_w.o(.text)
    __aeabi_memclr8                          0x0800aa6b   Thumb Code     0  rt_memclr_w.o(.text)
    __rt_memclr_w                            0x0800aa6b   Thumb Code    78  rt_memclr_w.o(.text)
    _memset_w                                0x0800aa6f   Thumb Code     0  rt_memclr_w.o(.text)
    strncpy                                  0x0800aab9   Thumb Code    86  strncpy.o(.text)
    strcmp                                   0x0800ab11   Thumb Code   128  strcmpv7m.o(.text)
    __use_two_region_memory                  0x0800ab91   Thumb Code     2  heapauxi.o(.text)
    __rt_heap_escrow$2region                 0x0800ab93   Thumb Code     2  heapauxi.o(.text)
    __rt_heap_expand$2region                 0x0800ab95   Thumb Code     2  heapauxi.o(.text)
    __I$use$semihosting                      0x0800ab97   Thumb Code     0  use_no_semi.o(.text)
    __use_no_semihosting_swi                 0x0800ab97   Thumb Code     2  use_no_semi.o(.text)
    __read_errno                             0x0800ab99   Thumb Code    10  _rserrno.o(.text)
    __set_errno                              0x0800aba3   Thumb Code    12  _rserrno.o(.text)
    _printf_int_common                       0x0800abaf   Thumb Code   178  _printf_intcommon.o(.text)
    __lib_sel_fp_printf                      0x0800ac61   Thumb Code     2  _printf_fp_dec.o(.text)
    _printf_fp_dec_real                      0x0800ae13   Thumb Code   620  _printf_fp_dec.o(.text)
    _printf_char_common                      0x0800b08b   Thumb Code    32  _printf_char_common.o(.text)
    _sputc                                   0x0800b0b1   Thumb Code    10  _sputc.o(.text)
    _printf_cs_common                        0x0800b0bb   Thumb Code    20  _printf_char.o(.text)
    _printf_char                             0x0800b0cf   Thumb Code    16  _printf_char.o(.text)
    _printf_string                           0x0800b0df   Thumb Code     8  _printf_char.o(.text)
    _printf_char_file                        0x0800b0e9   Thumb Code    32  _printf_char_file.o(.text)
    _printf_lcs_common                       0x0800b10d   Thumb Code    20  _printf_wchar.o(.text)
    _printf_wchar                            0x0800b121   Thumb Code    16  _printf_wchar.o(.text)
    _printf_wstring                          0x0800b131   Thumb Code     8  _printf_wchar.o(.text)
    _scanf_longlong                          0x0800b139   Thumb Code   342  _scanf_longlong.o(.text)
    _scanf_int                               0x0800b28f   Thumb Code   332  _scanf_int.o(.text)
    _scanf_string                            0x0800b3db   Thumb Code   224  _scanf_str.o(.text)
    __vfscanf_char                           0x0800b4c9   Thumb Code    24  scanf_char.o(.text)
    _sgetc                                   0x0800b4e9   Thumb Code    30  _sgetc.o(.text)
    _sbackspace                              0x0800b507   Thumb Code    34  _sgetc.o(.text)
    __strtod_int                             0x0800b565   Thumb Code    90  strtod.o(.text)
    _scanf_mbtowc                            0x0800b5cd   Thumb Code   276  _scanf_mbtowc.o(.text)
    _scanf_wctomb                            0x0800b6e1   Thumb Code   232  _scanf_wctomb.o(.text)
    _scanf_wstring                           0x0800b7c9   Thumb Code   208  _scanf_wstr.o(.text)
    _wcrtomb                                 0x0800b899   Thumb Code    64  _wcrtomb.o(.text)
    __aeabi_memclr                           0x0800b8d9   Thumb Code     0  rt_memclr.o(.text)
    __rt_memclr                              0x0800b8d9   Thumb Code    68  rt_memclr.o(.text)
    _memset                                  0x0800b8dd   Thumb Code     0  rt_memclr.o(.text)
    __rt_ctype_table                         0x0800b91d   Thumb Code    16  rt_ctype_table.o(.text)
    __rt_locale                              0x0800b92d   Thumb Code     8  rt_locale_intlibspace.o(.text)
    __aeabi_errno_addr                       0x0800b935   Thumb Code     8  rt_errno_addr_intlibspace.o(.text)
    __errno$intlibspace                      0x0800b935   Thumb Code     0  rt_errno_addr_intlibspace.o(.text)
    __rt_errno_addr$intlibspace              0x0800b935   Thumb Code     0  rt_errno_addr_intlibspace.o(.text)
    _ll_udiv10                               0x0800b93d   Thumb Code   138  lludiv10.o(.text)
    isspace                                  0x0800b9c7   Thumb Code    18  isspace.o(.text)
    _printf_fp_infnan                        0x0800b9d9   Thumb Code   112  _printf_fp_infnan.o(.text)
    _chval                                   0x0800ba59   Thumb Code    28  _chval.o(.text)
    __vfscanf                                0x0800ba75   Thumb Code   878  _scanf.o(.text)
    _scanf_really_real                       0x0800c035   Thumb Code   684  scanf_fp.o(.text)
    _scanf_wcharmap                          0x0800c2e1   Thumb Code    30  _scanf_wcharmap.o(.text)
    _btod_etento                             0x0800c301   Thumb Code   224  bigflt0.o(.text)
    ferror                                   0x0800c3e5   Thumb Code     8  ferror.o(.text)
    _mbrtowc                                 0x0800c3ed   Thumb Code    60  _mbrtowc.o(.text)
    __user_libspace                          0x0800c429   Thumb Code     8  libspace.o(.text)
    __user_perproc_libspace                  0x0800c429   Thumb Code     0  libspace.o(.text)
    __user_perthread_libspace                0x0800c429   Thumb Code     0  libspace.o(.text)
    __user_setup_stackheap                   0x0800c431   Thumb Code    74  sys_stackheap_outer.o(.text)
    exit                                     0x0800c47b   Thumb Code    18  exit.o(.text)
    _scanf_really_hex_real                   0x0800c48d   Thumb Code   786  scanf_hexfp.o(.text)
    _scanf_really_infnan                     0x0800c7ad   Thumb Code   292  scanf_infnan.o(.text)
    __aeabi_llsl                             0x0800c8e1   Thumb Code     0  llshl.o(.text)
    _ll_shift_l                              0x0800c8e1   Thumb Code    38  llshl.o(.text)
    _btod_d2e                                0x0800c907   Thumb Code    62  btod.o(CL$$btod_d2e)
    _d2e_denorm_low                          0x0800c945   Thumb Code    70  btod.o(CL$$btod_d2e_denorm_low)
    _d2e_norm_op1                            0x0800c98b   Thumb Code    96  btod.o(CL$$btod_d2e_norm_op1)
    __btod_div_common                        0x0800c9eb   Thumb Code   696  btod.o(CL$$btod_div_common)
    _e2d                                     0x0800cd25   Thumb Code   122  btod.o(CL$$btod_e2d)
    _e2e                                     0x0800cda9   Thumb Code   220  btod.o(CL$$btod_e2e)
    _btod_ediv                               0x0800ce85   Thumb Code    42  btod.o(CL$$btod_ediv)
    _btod_edivd                              0x0800ceaf   Thumb Code    42  btod.o(CL$$btod_edivd)
    _btod_emul                               0x0800ced9   Thumb Code    42  btod.o(CL$$btod_emul)
    _btod_emuld                              0x0800cf03   Thumb Code    42  btod.o(CL$$btod_emuld)
    __btod_mult_common                       0x0800cf2d   Thumb Code   580  btod.o(CL$$btod_mult_common)
    __ARM_fpclassify                         0x0800d171   Thumb Code    40  fpclassify.o(i.__ARM_fpclassify)
    __ieee754_rem_pio2                       0x0800d199   Thumb Code   828  rred.o(i.__ieee754_rem_pio2)
    __kernel_cos                             0x0800d521   Thumb Code   230  cos_i.o(i.__kernel_cos)
    __kernel_poly                            0x0800d61d   Thumb Code   170  poly.o(i.__kernel_poly)
    __kernel_sin                             0x0800d6c9   Thumb Code   224  sin_i.o(i.__kernel_sin)
    __kernel_tan                             0x0800d7b5   Thumb Code   586  tan_i.o(i.__kernel_tan)
    __mathlib_dbl_divzero                    0x0800da31   Thumb Code    12  dunder.o(i.__mathlib_dbl_divzero)
    __mathlib_dbl_infnan                     0x0800da41   Thumb Code     6  dunder.o(i.__mathlib_dbl_infnan)
    __mathlib_dbl_infnan2                    0x0800da47   Thumb Code     4  dunder.o(i.__mathlib_dbl_infnan2)
    __mathlib_dbl_invalid                    0x0800da4b   Thumb Code    12  dunder.o(i.__mathlib_dbl_invalid)
    __mathlib_dbl_overflow                   0x0800da57   Thumb Code    14  dunder.o(i.__mathlib_dbl_overflow)
    __mathlib_dbl_underflow                  0x0800da65   Thumb Code    10  dunder.o(i.__mathlib_dbl_underflow)
    __mathlib_narrow                         0x0800da75   Thumb Code    16  narrow.o(i.__mathlib_narrow)
    __mathlib_tofloat                        0x0800da85   Thumb Code   184  narrow.o(i.__mathlib_tofloat)
    __support_ldexp                          0x0800db41   Thumb Code    22  ldexp.o(i.__support_ldexp)
    _is_digit                                0x0800db57   Thumb Code    14  __printf_wp.o(i._is_digit)
    acos                                     0x0800db65   Thumb Code   574  acos.o(i.acos)
    asin                                     0x0800dde1   Thumb Code   572  asin.o(i.asin)
    atan                                     0x0800e051   Thumb Code   474  atan.o(i.atan)
    atof                                     0x0800e271   Thumb Code    42  atof.o(i.atof)
    cos                                      0x0800e29d   Thumb Code   148  cos.o(i.cos)
    exp                                      0x0800e339   Thumb Code   554  exp.o(i.exp)
    frexp                                    0x0800e5bd   Thumb Code    80  frexp.o(i.frexp)
    ldexp                                    0x0800e615   Thumb Code   116  ldexp.o(i.ldexp)
    log                                      0x0800e689   Thumb Code   808  log.o(i.log)
    pow                                      0x0800e9e5   Thumb Code  2512  pow.o(i.pow)
    sin                                      0x0800f3bd   Thumb Code   150  sin.o(i.sin)
    sqrt                                     0x0800f45d   Thumb Code    76  sqrt.o(i.sqrt)
    tan                                      0x0800f4a9   Thumb Code    90  tan.o(i.tan)
    _get_lc_numeric                          0x0800f50d   Thumb Code    44  lc_numeric_c.o(locale$$code)
    _get_lc_ctype                            0x0800f539   Thumb Code    44  lc_ctype_c.o(locale$$code)
    __aeabi_d2f                              0x0800f565   Thumb Code     0  d2f.o(x$fpl$d2f)
    _d2f                                     0x0800f565   Thumb Code    98  d2f.o(x$fpl$d2f)
    __aeabi_dadd                             0x0800f5c9   Thumb Code     0  daddsub_clz.o(x$fpl$dadd)
    _dadd                                    0x0800f5c9   Thumb Code   332  daddsub_clz.o(x$fpl$dadd)
    __fpl_dcheck_NaN1                        0x0800f719   Thumb Code    10  dcheck1.o(x$fpl$dcheck1)
    __fpl_dcmp_Inf                           0x0800f729   Thumb Code    24  dcmpi.o(x$fpl$dcmpinf)
    __aeabi_ddiv                             0x0800f741   Thumb Code     0  ddiv.o(x$fpl$ddiv)
    _ddiv                                    0x0800f741   Thumb Code   552  ddiv.o(x$fpl$ddiv)
    __aeabi_cdcmpeq                          0x0800f9f1   Thumb Code     0  deqf.o(x$fpl$deqf)
    _dcmpeq                                  0x0800f9f1   Thumb Code   120  deqf.o(x$fpl$deqf)
    __aeabi_d2iz                             0x0800fa69   Thumb Code     0  dfix.o(x$fpl$dfix)
    _dfix                                    0x0800fa69   Thumb Code    94  dfix.o(x$fpl$dfix)
    __aeabi_d2uiz                            0x0800fac9   Thumb Code     0  dfixu.o(x$fpl$dfixu)
    _dfixu                                   0x0800fac9   Thumb Code    90  dfixu.o(x$fpl$dfixu)
    __aeabi_i2d                              0x0800fb23   Thumb Code     0  dflt_clz.o(x$fpl$dflt)
    _dflt                                    0x0800fb23   Thumb Code    46  dflt_clz.o(x$fpl$dflt)
    __aeabi_ui2d                             0x0800fb51   Thumb Code     0  dflt_clz.o(x$fpl$dfltu)
    _dfltu                                   0x0800fb51   Thumb Code    38  dflt_clz.o(x$fpl$dfltu)
    __aeabi_cdcmple                          0x0800fb79   Thumb Code     0  dleqf.o(x$fpl$dleqf)
    _dcmple                                  0x0800fb79   Thumb Code   120  dleqf.o(x$fpl$dleqf)
    __fpl_dcmple_InfNaN                      0x0800fbdb   Thumb Code     0  dleqf.o(x$fpl$dleqf)
    __aeabi_dmul                             0x0800fbf1   Thumb Code     0  dmul.o(x$fpl$dmul)
    _dmul                                    0x0800fbf1   Thumb Code   332  dmul.o(x$fpl$dmul)
    __fpl_dnaninf                            0x0800fd45   Thumb Code   156  dnaninf.o(x$fpl$dnaninf)
    __fpl_dretinf                            0x0800fde1   Thumb Code    12  dretinf.o(x$fpl$dretinf)
    __aeabi_cdrcmple                         0x0800fded   Thumb Code     0  drleqf.o(x$fpl$drleqf)
    _drcmple                                 0x0800fded   Thumb Code   108  drleqf.o(x$fpl$drleqf)
    __aeabi_drsub                            0x0800fe59   Thumb Code     0  daddsub_clz.o(x$fpl$drsb)
    _drsb                                    0x0800fe59   Thumb Code    22  daddsub_clz.o(x$fpl$drsb)
    _dsqrt                                   0x0800fe71   Thumb Code   456  dsqrt_noumaal.o(x$fpl$dsqrt)
    __aeabi_dsub                             0x0801003d   Thumb Code     0  daddsub_clz.o(x$fpl$dsub)
    _dsub                                    0x0801003d   Thumb Code   464  daddsub_clz.o(x$fpl$dsub)
    __aeabi_f2d                              0x08010211   Thumb Code     0  f2d.o(x$fpl$f2d)
    _f2d                                     0x08010211   Thumb Code    86  f2d.o(x$fpl$f2d)
    __aeabi_fadd                             0x08010269   Thumb Code     0  faddsub_clz.o(x$fpl$fadd)
    _fadd                                    0x08010269   Thumb Code   196  faddsub_clz.o(x$fpl$fadd)
    __aeabi_fdiv                             0x0801032d   Thumb Code     0  fdiv.o(x$fpl$fdiv)
    _fdiv                                    0x0801032d   Thumb Code   384  fdiv.o(x$fpl$fdiv)
    __aeabi_f2iz                             0x080104b1   Thumb Code     0  ffix.o(x$fpl$ffix)
    _ffix                                    0x080104b1   Thumb Code    54  ffix.o(x$fpl$ffix)
    __aeabi_f2uiz                            0x080104e9   Thumb Code     0  ffixu.o(x$fpl$ffixu)
    _ffixu                                   0x080104e9   Thumb Code    62  ffixu.o(x$fpl$ffixu)
    __aeabi_i2f                              0x08010529   Thumb Code     0  fflt_clz.o(x$fpl$fflt)
    _fflt                                    0x08010529   Thumb Code    48  fflt_clz.o(x$fpl$fflt)
    __aeabi_ui2f                             0x08010559   Thumb Code     0  fflt_clz.o(x$fpl$ffltu)
    _ffltu                                   0x08010559   Thumb Code    38  fflt_clz.o(x$fpl$ffltu)
    __aeabi_fmul                             0x08010581   Thumb Code     0  fmul.o(x$fpl$fmul)
    _fmul                                    0x08010581   Thumb Code   258  fmul.o(x$fpl$fmul)
    __fpl_fnaninf                            0x08010683   Thumb Code   140  fnaninf.o(x$fpl$fnaninf)
    __fpl_fretinf                            0x0801070f   Thumb Code    10  fretinf.o(x$fpl$fretinf)
    __aeabi_fsub                             0x08010719   Thumb Code     0  faddsub_clz.o(x$fpl$fsub)
    _fsub                                    0x08010719   Thumb Code   234  faddsub_clz.o(x$fpl$fsub)
    __ieee_status                            0x08010803   Thumb Code     6  istatus.o(x$fpl$ieeestatus)
    _printf_fp_dec                           0x08010809   Thumb Code     4  printf1.o(x$fpl$printf1)
    __fpl_return_NaN                         0x0801080d   Thumb Code   100  retnan.o(x$fpl$retnan)
    __ARM_scalbn                             0x08010871   Thumb Code    92  scalbn.o(x$fpl$scalbn)
    _scanf_real                              0x080108cd   Thumb Code     4  scanf1.o(x$fpl$scanf1)
    _scanf_hex_real                          0x080108d1   Thumb Code     4  scanf2.o(x$fpl$scanf2)
    _scanf_infnan                            0x080108d5   Thumb Code     4  scanf2.o(x$fpl$scanf2)
    __fpl_cmpreturn                          0x080108d9   Thumb Code    48  trapv.o(x$fpl$trapveneer)
    CALC_EXP                                 0x08010908   Data          80  main.o(.constdata)
    __I$use$fp                               0x08010908   Number         0  usenofp.o(x$fpl$usenofp)
    asc2_1206                                0x08010958   Data        1140  lcd.o(.constdata)
    asc2_1608                                0x08010dcc   Data        1520  lcd.o(.constdata)
    asc2_2412                                0x080113bc   Data        3420  lcd.o(.constdata)
    TP_REMIND_MSG_TBL                        0x08012118   Data           4  touch.o(.constdata)
    OTT_TPX_TBL                              0x0801211c   Data          10  ott2001a.o(.constdata)
    FT5206_TPX_TBL                           0x08012126   Data          10  ft5206.o(.constdata)
    GT9147_CFG_TBL                           0x08012130   Data         184  gt9147.o(.constdata)
    GT9147_TPX_TBL                           0x080121e8   Data          10  gt9147.o(.constdata)
    __mathlib_zero                           0x080124b8   Data           8  qnan.o(.constdata)
    Region$$Table$$Base                      0x080127f8   Number         0  anon$$obj.o(Region$$Table)
    Region$$Table$$Limit                     0x08012818   Number         0  anon$$obj.o(Region$$Table)
    __aeabi_HUGE_VAL                         0x08012818   Data           0  fpconst.o(c$$dinf)
    __aeabi_HUGE_VALL                        0x08012818   Data           0  fpconst.o(c$$dinf)
    __aeabi_INFINITY                         0x08012818   Data           0  fpconst.o(c$$dinf)
    __dInf                                   0x08012818   Data           0  fpconst.o(c$$dinf)
    __huge_val                               0x08012818   Data           0  fpconst.o(c$$dinf)
    __dbl_max                                0x08012820   Data           0  fpconst.o(c$$dmax)
    __ctype                                  0x08012851   Data           0  lc_ctype_c.o(locale$$data)
    sum1                                     0x20000000   Data           8  main.o(.data)
    sum                                      0x20000008   Data           1  main.o(.data)
    SystemCoreClock                          0x2000000c   Data           4  system_stm32f10x.o(.data)
    AHBPrescTable                            0x20000010   Data          16  system_stm32f10x.o(.data)
    myHZ16                                   0x20000022   Data         288  lcd.o(.data)
    myHZ24                                   0x20000142   Data        1728  lcd.o(.data)
    POINT_COLOR                              0x20000802   Data           2  lcd.o(.data)
    BACK_COLOR                               0x20000804   Data           2  lcd.o(.data)
    tp_dev                                   0x20000808   Data          52  touch.o(.data)
    CMD_RDX                                  0x2000083c   Data           1  touch.o(.data)
    CMD_RDY                                  0x2000083d   Data           1  touch.o(.data)
    __stdout                                 0x20000848   Data           4  usart.o(.data)
    USART_RX_STA                             0x2000084c   Data           2  usart.o(.data)
    functionName                             0x20000850   Data         104  eval.o(.data)
    nameTran                                 0x200008b8   Data          26  eval.o(.data)
    namePriority                             0x200008d4   Data         104  eval.o(.data)
    nameArgNum                               0x2000093c   Data         104  eval.o(.data)
    operator                                 0x200009a4   Data          14  eval.o(.data)
    priority                                 0x200009b4   Data          56  eval.o(.data)
    operatorArgNum                           0x200009ec   Data          56  eval.o(.data)
    operatorSTop                             0x20000a24   Data           4  eval.o(.data)
    isError                                  0x20000a28   Data           4  eval.o(.data)
    signsSize                                0x20000a2c   Data           4  eval.o(.data)
    reverseSignsSize                         0x20000a30   Data           4  eval.o(.data)
    lcddev                                   0x20000a48   Data          14  lcd.o(.bss)
    USART_RX_BUF                             0x20000a56   Data         200  usart.o(.bss)
    operatorS                                0x20000b20   Data        1024  eval.o(.bss)
    signs                                    0x20000f20   Data       24576  eval.o(.bss)
    reverseSigns                             0x20006f20   Data       24576  eval.o(.bss)
    _random_number_data                      0x2000cf20   Data         228  rand.o(.bss)
    __libspace_start                         0x2000d004   Data          96  libspace.o(.bss)
    __temporary_stack_top$libspace           0x2000d064   Data           0  libspace.o(.bss)



==============================================================================

Memory Map of the image

  Image Entry point : 0x08000131

  Load Region LR_IROM1 (Base: 0x08000000, Size: 0x0001339c, Max: 0x00080000, ABSOLUTE, COMPRESSED[0x00012fcc])

    Execution Region ER_IROM1 (Exec base: 0x08000000, Load base: 0x08000000, Size: 0x00012954, Max: 0x00080000, ABSOLUTE)

    Exec Addr    Load Addr    Size         Type   Attr      Idx    E Section Name        Object

    0x08000000   0x08000000   0x00000130   Data   RO          510    RESET               startup_stm32f10x_hd.o
    0x08000130   0x08000130   0x00000008   Code   RO          690  * !!!main             c_w.l(__main.o)
    0x08000138   0x08000138   0x00000034   Code   RO         1214    !!!scatter          c_w.l(__scatter.o)
    0x0800016c   0x0800016c   0x00000064   Code   RO         1212    !!dclz77c           c_w.l(__dclz77c.o)
    0x080001d0   0x080001d0   0x0000001c   Code   RO         1216    !!handler_zi        c_w.l(__scatter_zi.o)
    0x080001ec   0x080001ec   0x00000000   Code   RO          669    .ARM.Collect$$_printf_percent$$00000000  c_w.l(_printf_percent.o)
    0x080001ec   0x080001ec   0x00000006   Code   RO          668    .ARM.Collect$$_printf_percent$$00000003  c_w.l(_printf_f.o)
    0x080001f2   0x080001f2   0x00000006   Code   RO          665    .ARM.Collect$$_printf_percent$$00000008  c_w.l(_printf_i.o)
    0x080001f8   0x080001f8   0x00000006   Code   RO          666    .ARM.Collect$$_printf_percent$$00000009  c_w.l(_printf_d.o)
    0x080001fe   0x080001fe   0x00000006   Code   RO          667    .ARM.Collect$$_printf_percent$$0000000A  c_w.l(_printf_u.o)
    0x08000204   0x08000204   0x00000006   Code   RO          664    .ARM.Collect$$_printf_percent$$0000000B  c_w.l(_printf_o.o)
    0x0800020a   0x0800020a   0x00000006   Code   RO          663    .ARM.Collect$$_printf_percent$$0000000C  c_w.l(_printf_x.o)
    0x08000210   0x08000210   0x0000000a   Code   RO          870    .ARM.Collect$$_printf_percent$$00000012  c_w.l(_printf_l.o)
    0x0800021a   0x0800021a   0x00000006   Code   RO          661    .ARM.Collect$$_printf_percent$$00000013  c_w.l(_printf_c.o)
    0x08000220   0x08000220   0x00000006   Code   RO          662    .ARM.Collect$$_printf_percent$$00000014  c_w.l(_printf_s.o)
    0x08000226   0x08000226   0x00000006   Code   RO          670    .ARM.Collect$$_printf_percent$$00000015  c_w.l(_printf_lc.o)
    0x0800022c   0x0800022c   0x00000004   Code   RO          869    .ARM.Collect$$_printf_percent$$00000017  c_w.l(_printf_percent_end.o)
    0x08000230   0x08000230   0x00000002   Code   RO         1098    .ARM.Collect$$libinit$$00000000  c_w.l(libinit.o)
    0x08000232   0x08000232   0x00000000   Code   RO          894    .ARM.Collect$$libinit$$00000002  c_w.l(libinit2.o)
    0x08000232   0x08000232   0x00000000   Code   RO          896    .ARM.Collect$$libinit$$00000004  c_w.l(libinit2.o)
    0x08000232   0x08000232   0x00000000   Code   RO          899    .ARM.Collect$$libinit$$0000000A  c_w.l(libinit2.o)
    0x08000232   0x08000232   0x00000000   Code   RO          901    .ARM.Collect$$libinit$$0000000C  c_w.l(libinit2.o)
    0x08000232   0x08000232   0x00000004   Code   RO          902    .ARM.Collect$$libinit$$0000000D  c_w.l(libinit2.o)
    0x08000236   0x08000236   0x00000000   Code   RO          903    .ARM.Collect$$libinit$$0000000E  c_w.l(libinit2.o)
    0x08000236   0x08000236   0x00000006   Code   RO          904    .ARM.Collect$$libinit$$0000000F  c_w.l(libinit2.o)
    0x0800023c   0x0800023c   0x00000000   Code   RO          906    .ARM.Collect$$libinit$$00000011  c_w.l(libinit2.o)
    0x0800023c   0x0800023c   0x0000000c   Code   RO          907    .ARM.Collect$$libinit$$00000012  c_w.l(libinit2.o)
    0x08000248   0x08000248   0x00000000   Code   RO          908    .ARM.Collect$$libinit$$00000013  c_w.l(libinit2.o)
    0x08000248   0x08000248   0x00000000   Code   RO          910    .ARM.Collect$$libinit$$00000015  c_w.l(libinit2.o)
    0x08000248   0x08000248   0x0000000a   Code   RO          911    .ARM.Collect$$libinit$$00000016  c_w.l(libinit2.o)
    0x08000252   0x08000252   0x00000000   Code   RO          912    .ARM.Collect$$libinit$$00000017  c_w.l(libinit2.o)
    0x08000252   0x08000252   0x00000000   Code   RO          914    .ARM.Collect$$libinit$$00000019  c_w.l(libinit2.o)
    0x08000252   0x08000252   0x00000000   Code   RO          916    .ARM.Collect$$libinit$$0000001B  c_w.l(libinit2.o)
    0x08000252   0x08000252   0x00000000   Code   RO          918    .ARM.Collect$$libinit$$0000001D  c_w.l(libinit2.o)
    0x08000252   0x08000252   0x00000000   Code   RO          920    .ARM.Collect$$libinit$$0000001F  c_w.l(libinit2.o)
    0x08000252   0x08000252   0x00000000   Code   RO          922    .ARM.Collect$$libinit$$00000021  c_w.l(libinit2.o)
    0x08000252   0x08000252   0x00000000   Code   RO          924    .ARM.Collect$$libinit$$00000023  c_w.l(libinit2.o)
    0x08000252   0x08000252   0x00000000   Code   RO          926    .ARM.Collect$$libinit$$00000025  c_w.l(libinit2.o)
    0x08000252   0x08000252   0x00000000   Code   RO          930    .ARM.Collect$$libinit$$0000002C  c_w.l(libinit2.o)
    0x08000252   0x08000252   0x00000000   Code   RO          932    .ARM.Collect$$libinit$$0000002E  c_w.l(libinit2.o)
    0x08000252   0x08000252   0x00000000   Code   RO          934    .ARM.Collect$$libinit$$00000030  c_w.l(libinit2.o)
    0x08000252   0x08000252   0x00000000   Code   RO          936    .ARM.Collect$$libinit$$00000032  c_w.l(libinit2.o)
    0x08000252   0x08000252   0x00000002   Code   RO          937    .ARM.Collect$$libinit$$00000033  c_w.l(libinit2.o)
    0x08000254   0x08000254   0x00000002   Code   RO         1173    .ARM.Collect$$libshutdown$$00000000  c_w.l(libshutdown.o)
    0x08000256   0x08000256   0x00000000   Code   RO         1179    .ARM.Collect$$libshutdown$$00000002  c_w.l(libshutdown2.o)
    0x08000256   0x08000256   0x00000000   Code   RO         1181    .ARM.Collect$$libshutdown$$00000004  c_w.l(libshutdown2.o)
    0x08000256   0x08000256   0x00000000   Code   RO         1184    .ARM.Collect$$libshutdown$$00000007  c_w.l(libshutdown2.o)
    0x08000256   0x08000256   0x00000000   Code   RO         1187    .ARM.Collect$$libshutdown$$0000000A  c_w.l(libshutdown2.o)
    0x08000256   0x08000256   0x00000000   Code   RO         1189    .ARM.Collect$$libshutdown$$0000000C  c_w.l(libshutdown2.o)
    0x08000256   0x08000256   0x00000000   Code   RO         1192    .ARM.Collect$$libshutdown$$0000000F  c_w.l(libshutdown2.o)
    0x08000256   0x08000256   0x00000002   Code   RO         1193    .ARM.Collect$$libshutdown$$00000010  c_w.l(libshutdown2.o)
    0x08000258   0x08000258   0x00000000   Code   RO          852    .ARM.Collect$$rtentry$$00000000  c_w.l(__rtentry.o)
    0x08000258   0x08000258   0x00000000   Code   RO          995    .ARM.Collect$$rtentry$$00000002  c_w.l(__rtentry2.o)
    0x08000258   0x08000258   0x00000006   Code   RO         1007    .ARM.Collect$$rtentry$$00000004  c_w.l(__rtentry4.o)
    0x0800025e   0x0800025e   0x00000000   Code   RO          997    .ARM.Collect$$rtentry$$00000009  c_w.l(__rtentry2.o)
    0x0800025e   0x0800025e   0x00000004   Code   RO          998    .ARM.Collect$$rtentry$$0000000A  c_w.l(__rtentry2.o)
    0x08000262   0x08000262   0x00000000   Code   RO         1000    .ARM.Collect$$rtentry$$0000000C  c_w.l(__rtentry2.o)
    0x08000262   0x08000262   0x00000008   Code   RO         1001    .ARM.Collect$$rtentry$$0000000D  c_w.l(__rtentry2.o)
    0x0800026a   0x0800026a   0x00000002   Code   RO         1119    .ARM.Collect$$rtexit$$00000000  c_w.l(rtexit.o)
    0x0800026c   0x0800026c   0x00000000   Code   RO         1141    .ARM.Collect$$rtexit$$00000002  c_w.l(rtexit2.o)
    0x0800026c   0x0800026c   0x00000004   Code   RO         1142    .ARM.Collect$$rtexit$$00000003  c_w.l(rtexit2.o)
    0x08000270   0x08000270   0x00000006   Code   RO         1143    .ARM.Collect$$rtexit$$00000004  c_w.l(rtexit2.o)
    0x08000276   0x08000276   0x00000002   PAD
    0x08000278   0x08000278   0x00000034   Code   RO          673    .emb_text           c_w.l(rand.o)
    0x080002ac   0x080002ac   0x00000f98   Code   RO            1    .text               main.o
    0x08001244   0x08001244   0x0000001a   Code   RO          162    .text               stm32f10x_it.o
    0x0800125e   0x0800125e   0x00000002   PAD
    0x08001260   0x08001260   0x000001e0   Code   RO          203    .text               system_stm32f10x.o
    0x08001440   0x08001440   0x0000004c   Code   RO          221    .text               led.o
    0x0800148c   0x0800148c   0x000000d8   Code   RO          233    .text               key.o
    0x08001564   0x08001564   0x00004ae0   Code   RO          246    .text               lcd.o
    0x08006044   0x08006044   0x0000026c   Code   RO          272    .text               myiic.o
    0x080062b0   0x080062b0   0x0000017a   Code   RO          284    .text               24cxx.o
    0x0800642a   0x0800642a   0x00000002   PAD
    0x0800642c   0x0800642c   0x00000fb4   Code   RO          334    .text               touch.o
    0x080073e0   0x080073e0   0x00000284   Code   RO          358    .text               ctiic.o
    0x08007664   0x08007664   0x0000036c   Code   RO          373    .text               ott2001a.o
    0x080079d0   0x080079d0   0x00000338   Code   RO          389    .text               ft5206.o
    0x08007d08   0x08007d08   0x00000458   Code   RO          408    .text               gt9147.o
    0x08008160   0x08008160   0x000000d4   Code   RO          427    .text               delay.o
    0x08008234   0x08008234   0x00000140   Code   RO          458    .text               usart.o
    0x08008374   0x08008374   0x00000f40   Code   RO          481    .text               eval.o
    0x080092b4   0x080092b4   0x00000040   Code   RO          511    .text               startup_stm32f10x_hd.o
    0x080092f4   0x080092f4   0x000000dc   Code   RO          515    .text               misc.o
    0x080093d0   0x080093d0   0x0000060c   Code   RO          527    .text               stm32f10x_fsmc.o
    0x080099dc   0x080099dc   0x0000035c   Code   RO          539    .text               stm32f10x_gpio.o
    0x08009d38   0x08009d38   0x000003a4   Code   RO          551    .text               stm32f10x_rcc.o
    0x0800a0dc   0x0800a0dc   0x00000408   Code   RO          577    .text               stm32f10x_usart.o
    0x0800a4e4   0x0800a4e4   0x00000002   Code   RO          591    .text               c_w.l(use_no_semi_2.o)
    0x0800a4e6   0x0800a4e6   0x00000002   PAD
    0x0800a4e8   0x0800a4e8   0x00000018   Code   RO          597    .text               c_w.l(noretval__2printf.o)
    0x0800a500   0x0800a500   0x00000028   Code   RO          599    .text               c_w.l(noretval__2sprintf.o)
    0x0800a528   0x0800a528   0x0000004e   Code   RO          603    .text               c_w.l(_printf_pad.o)
    0x0800a576   0x0800a576   0x00000024   Code   RO          605    .text               c_w.l(_printf_truncate.o)
    0x0800a59a   0x0800a59a   0x00000052   Code   RO          607    .text               c_w.l(_printf_str.o)
    0x0800a5ec   0x0800a5ec   0x00000078   Code   RO          609    .text               c_w.l(_printf_dec.o)
    0x0800a664   0x0800a664   0x000000bc   Code   RO          611    .text               c_w.l(_printf_wctomb.o)
    0x0800a720   0x0800a720   0x00000050   Code   RO          616    .text               c_w.l(_printf_oct_int.o)
    0x0800a770   0x0800a770   0x00000058   Code   RO          623    .text               c_w.l(_printf_hex_int.o)
    0x0800a7c8   0x0800a7c8   0x00000188   Code   RO          658    .text               c_w.l(__printf_flags_ss_wp.o)
    0x0800a950   0x0800a950   0x0000003c   Code   RO          671    .text               c_w.l(sscanf.o)
    0x0800a98c   0x0800a98c   0x0000003c   Code   RO          674    .text               c_w.l(rand.o)
    0x0800a9c8   0x0800a9c8   0x0000003e   Code   RO          678    .text               c_w.l(strlen.o)
    0x0800aa06   0x0800aa06   0x00000064   Code   RO          680    .text               c_w.l(rt_memcpy_w.o)
    0x0800aa6a   0x0800aa6a   0x0000004e   Code   RO          682    .text               c_w.l(rt_memclr_w.o)
    0x0800aab8   0x0800aab8   0x00000056   Code   RO          684    .text               c_w.l(strncpy.o)
    0x0800ab0e   0x0800ab0e   0x00000002   PAD
    0x0800ab10   0x0800ab10   0x00000080   Code   RO          686    .text               c_w.l(strcmpv7m.o)
    0x0800ab90   0x0800ab90   0x00000006   Code   RO          688    .text               c_w.l(heapauxi.o)
    0x0800ab96   0x0800ab96   0x00000002   Code   RO          850    .text               c_w.l(use_no_semi.o)
    0x0800ab98   0x0800ab98   0x00000016   Code   RO          853    .text               c_w.l(_rserrno.o)
    0x0800abae   0x0800abae   0x000000b2   Code   RO          855    .text               c_w.l(_printf_intcommon.o)
    0x0800ac60   0x0800ac60   0x0000041e   Code   RO          857    .text               c_w.l(_printf_fp_dec.o)
    0x0800b07e   0x0800b07e   0x00000002   PAD
    0x0800b080   0x0800b080   0x00000030   Code   RO          859    .text               c_w.l(_printf_char_common.o)
    0x0800b0b0   0x0800b0b0   0x0000000a   Code   RO          861    .text               c_w.l(_sputc.o)
    0x0800b0ba   0x0800b0ba   0x0000002c   Code   RO          863    .text               c_w.l(_printf_char.o)
    0x0800b0e6   0x0800b0e6   0x00000002   PAD
    0x0800b0e8   0x0800b0e8   0x00000024   Code   RO          865    .text               c_w.l(_printf_char_file.o)
    0x0800b10c   0x0800b10c   0x0000002c   Code   RO          867    .text               c_w.l(_printf_wchar.o)
    0x0800b138   0x0800b138   0x00000156   Code   RO          871    .text               c_w.l(_scanf_longlong.o)
    0x0800b28e   0x0800b28e   0x0000014c   Code   RO          873    .text               c_w.l(_scanf_int.o)
    0x0800b3da   0x0800b3da   0x000000e0   Code   RO          875    .text               c_w.l(_scanf_str.o)
    0x0800b4ba   0x0800b4ba   0x00000002   PAD
    0x0800b4bc   0x0800b4bc   0x0000002c   Code   RO          877    .text               c_w.l(scanf_char.o)
    0x0800b4e8   0x0800b4e8   0x00000040   Code   RO          879    .text               c_w.l(_sgetc.o)
    0x0800b528   0x0800b528   0x000000a4   Code   RO          881    .text               c_w.l(strtod.o)
    0x0800b5cc   0x0800b5cc   0x00000114   Code   RO          883    .text               c_w.l(_scanf_mbtowc.o)
    0x0800b6e0   0x0800b6e0   0x000000e8   Code   RO          885    .text               c_w.l(_scanf_wctomb.o)
    0x0800b7c8   0x0800b7c8   0x000000d0   Code   RO          887    .text               c_w.l(_scanf_wstr.o)
    0x0800b898   0x0800b898   0x00000040   Code   RO          889    .text               c_w.l(_wcrtomb.o)
    0x0800b8d8   0x0800b8d8   0x00000044   Code   RO          891    .text               c_w.l(rt_memclr.o)
    0x0800b91c   0x0800b91c   0x00000010   Code   RO         1009    .text               c_w.l(rt_ctype_table.o)
    0x0800b92c   0x0800b92c   0x00000008   Code   RO         1014    .text               c_w.l(rt_locale_intlibspace.o)
    0x0800b934   0x0800b934   0x00000008   Code   RO         1019    .text               c_w.l(rt_errno_addr_intlibspace.o)
    0x0800b93c   0x0800b93c   0x0000008a   Code   RO         1021    .text               c_w.l(lludiv10.o)
    0x0800b9c6   0x0800b9c6   0x00000012   Code   RO         1023    .text               c_w.l(isspace.o)
    0x0800b9d8   0x0800b9d8   0x00000080   Code   RO         1025    .text               c_w.l(_printf_fp_infnan.o)
    0x0800ba58   0x0800ba58   0x0000001c   Code   RO         1029    .text               c_w.l(_chval.o)
    0x0800ba74   0x0800ba74   0x00000374   Code   RO         1031    .text               c_w.l(_scanf.o)
    0x0800bde8   0x0800bde8   0x000004f8   Code   RO         1033    .text               c_w.l(scanf_fp.o)
    0x0800c2e0   0x0800c2e0   0x0000001e   Code   RO         1035    .text               c_w.l(_scanf_wcharmap.o)
    0x0800c2fe   0x0800c2fe   0x00000002   PAD
    0x0800c300   0x0800c300   0x000000e4   Code   RO         1037    .text               c_w.l(bigflt0.o)
    0x0800c3e4   0x0800c3e4   0x00000008   Code   RO         1062    .text               c_w.l(ferror.o)
    0x0800c3ec   0x0800c3ec   0x0000003c   Code   RO         1066    .text               c_w.l(_mbrtowc.o)
    0x0800c428   0x0800c428   0x00000008   Code   RO         1079    .text               c_w.l(libspace.o)
    0x0800c430   0x0800c430   0x0000004a   Code   RO         1082    .text               c_w.l(sys_stackheap_outer.o)
    0x0800c47a   0x0800c47a   0x00000012   Code   RO         1087    .text               c_w.l(exit.o)
    0x0800c48c   0x0800c48c   0x00000320   Code   RO         1123    .text               c_w.l(scanf_hexfp.o)
    0x0800c7ac   0x0800c7ac   0x00000134   Code   RO         1125    .text               c_w.l(scanf_infnan.o)
    0x0800c8e0   0x0800c8e0   0x00000026   Code   RO         1149    .text               c_w.l(llshl.o)
    0x0800c906   0x0800c906   0x0000003e   Code   RO         1040    CL$$btod_d2e        c_w.l(btod.o)
    0x0800c944   0x0800c944   0x00000046   Code   RO         1042    CL$$btod_d2e_denorm_low  c_w.l(btod.o)
    0x0800c98a   0x0800c98a   0x00000060   Code   RO         1041    CL$$btod_d2e_norm_op1  c_w.l(btod.o)
    0x0800c9ea   0x0800c9ea   0x00000338   Code   RO         1050    CL$$btod_div_common  c_w.l(btod.o)
    0x0800cd22   0x0800cd22   0x00000002   PAD
    0x0800cd24   0x0800cd24   0x00000084   Code   RO         1048    CL$$btod_e2d        c_w.l(btod.o)
    0x0800cda8   0x0800cda8   0x000000dc   Code   RO         1047    CL$$btod_e2e        c_w.l(btod.o)
    0x0800ce84   0x0800ce84   0x0000002a   Code   RO         1044    CL$$btod_ediv       c_w.l(btod.o)
    0x0800ceae   0x0800ceae   0x0000002a   Code   RO         1046    CL$$btod_edivd      c_w.l(btod.o)
    0x0800ced8   0x0800ced8   0x0000002a   Code   RO         1043    CL$$btod_emul       c_w.l(btod.o)
    0x0800cf02   0x0800cf02   0x0000002a   Code   RO         1045    CL$$btod_emuld      c_w.l(btod.o)
    0x0800cf2c   0x0800cf2c   0x00000244   Code   RO         1049    CL$$btod_mult_common  c_w.l(btod.o)
    0x0800d170   0x0800d170   0x00000028   Code   RO          972    i.__ARM_fpclassify  m_ws.l(fpclassify.o)
    0x0800d198   0x0800d198   0x00000388   Code   RO          977    i.__ieee754_rem_pio2  m_ws.l(rred.o)
    0x0800d520   0x0800d520   0x000000fc   Code   RO          955    i.__kernel_cos      m_ws.l(cos_i.o)
    0x0800d61c   0x0800d61c   0x000000aa   Code   RO          974    i.__kernel_poly     m_ws.l(poly.o)
    0x0800d6c6   0x0800d6c6   0x00000002   PAD
    0x0800d6c8   0x0800d6c8   0x000000ec   Code   RO          982    i.__kernel_sin      m_ws.l(sin_i.o)
    0x0800d7b4   0x0800d7b4   0x0000027c   Code   RO          988    i.__kernel_tan      m_ws.l(tan_i.o)
    0x0800da30   0x0800da30   0x00000010   Code   RO          958    i.__mathlib_dbl_divzero  m_ws.l(dunder.o)
    0x0800da40   0x0800da40   0x00000006   Code   RO          959    i.__mathlib_dbl_infnan  m_ws.l(dunder.o)
    0x0800da46   0x0800da46   0x00000004   Code   RO          960    i.__mathlib_dbl_infnan2  m_ws.l(dunder.o)
    0x0800da4a   0x0800da4a   0x0000000c   Code   RO          961    i.__mathlib_dbl_invalid  m_ws.l(dunder.o)
    0x0800da56   0x0800da56   0x0000000e   Code   RO          962    i.__mathlib_dbl_overflow  m_ws.l(dunder.o)
    0x0800da64   0x0800da64   0x00000010   Code   RO          964    i.__mathlib_dbl_underflow  m_ws.l(dunder.o)
    0x0800da74   0x0800da74   0x00000010   Code   RO         1111    i.__mathlib_narrow  m_ws.l(narrow.o)
    0x0800da84   0x0800da84   0x000000bc   Code   RO         1112    i.__mathlib_tofloat  m_ws.l(narrow.o)
    0x0800db40   0x0800db40   0x00000016   Code   RO         1156    i.__support_ldexp   m_ws.l(ldexp.o)
    0x0800db56   0x0800db56   0x0000000e   Code   RO          651    i._is_digit         c_w.l(__printf_wp.o)
    0x0800db64   0x0800db64   0x0000027c   Code   RO          755    i.acos              m_ws.l(acos.o)
    0x0800dde0   0x0800dde0   0x00000270   Code   RO          765    i.asin              m_ws.l(asin.o)
    0x0800e050   0x0800e050   0x00000220   Code   RO          775    i.atan              m_ws.l(atan.o)
    0x0800e270   0x0800e270   0x0000002a   Code   RO          785    i.atof              m_ws.l(atof.o)
    0x0800e29a   0x0800e29a   0x00000002   PAD
    0x0800e29c   0x0800e29c   0x0000009c   Code   RO          789    i.cos               m_ws.l(cos.o)
    0x0800e338   0x0800e338   0x00000284   Code   RO          797    i.exp               m_ws.l(exp.o)
    0x0800e5bc   0x0800e5bc   0x00000058   Code   RO         1136    i.frexp             m_ws.l(frexp.o)
    0x0800e614   0x0800e614   0x00000074   Code   RO         1157    i.ldexp             m_ws.l(ldexp.o)
    0x0800e688   0x0800e688   0x0000035c   Code   RO          807    i.log               m_ws.l(log.o)
    0x0800e9e4   0x0800e9e4   0x000009d8   Code   RO          817    i.pow               m_ws.l(pow.o)
    0x0800f3bc   0x0800f3bc   0x000000a0   Code   RO          827    i.sin               m_ws.l(sin.o)
    0x0800f45c   0x0800f45c   0x0000004c   Code   RO          835    i.sqrt              m_ws.l(sqrt.o)
    0x0800f4a8   0x0800f4a8   0x00000064   Code   RO          843    i.tan               m_ws.l(tan.o)
    0x0800f50c   0x0800f50c   0x0000002c   Code   RO         1069    locale$$code        c_w.l(lc_numeric_c.o)
    0x0800f538   0x0800f538   0x0000002c   Code   RO         1085    locale$$code        c_w.l(lc_ctype_c.o)
    0x0800f564   0x0800f564   0x00000062   Code   RO         1131    x$fpl$d2f           fz_ws.l(d2f.o)
    0x0800f5c6   0x0800f5c6   0x00000002   PAD
    0x0800f5c8   0x0800f5c8   0x00000150   Code   RO          692    x$fpl$dadd          fz_ws.l(daddsub_clz.o)
    0x0800f718   0x0800f718   0x00000010   Code   RO         1073    x$fpl$dcheck1       fz_ws.l(dcheck1.o)
    0x0800f728   0x0800f728   0x00000018   Code   RO          938    x$fpl$dcmpinf       fz_ws.l(dcmpi.o)
    0x0800f740   0x0800f740   0x000002b0   Code   RO          699    x$fpl$ddiv          fz_ws.l(ddiv.o)
    0x0800f9f0   0x0800f9f0   0x00000078   Code   RO          702    x$fpl$deqf          fz_ws.l(deqf.o)
    0x0800fa68   0x0800fa68   0x0000005e   Code   RO          704    x$fpl$dfix          fz_ws.l(dfix.o)
    0x0800fac6   0x0800fac6   0x00000002   PAD
    0x0800fac8   0x0800fac8   0x0000005a   Code   RO          708    x$fpl$dfixu         fz_ws.l(dfixu.o)
    0x0800fb22   0x0800fb22   0x0000002e   Code   RO          713    x$fpl$dflt          fz_ws.l(dflt_clz.o)
    0x0800fb50   0x0800fb50   0x00000026   Code   RO          712    x$fpl$dfltu         fz_ws.l(dflt_clz.o)
    0x0800fb76   0x0800fb76   0x00000002   PAD
    0x0800fb78   0x0800fb78   0x00000078   Code   RO          718    x$fpl$dleqf         fz_ws.l(dleqf.o)
    0x0800fbf0   0x0800fbf0   0x00000154   Code   RO          720    x$fpl$dmul          fz_ws.l(dmul.o)
    0x0800fd44   0x0800fd44   0x0000009c   Code   RO          940    x$fpl$dnaninf       fz_ws.l(dnaninf.o)
    0x0800fde0   0x0800fde0   0x0000000c   Code   RO          942    x$fpl$dretinf       fz_ws.l(dretinf.o)
    0x0800fdec   0x0800fdec   0x0000006c   Code   RO          722    x$fpl$drleqf        fz_ws.l(drleqf.o)
    0x0800fe58   0x0800fe58   0x00000016   Code   RO          693    x$fpl$drsb          fz_ws.l(daddsub_clz.o)
    0x0800fe6e   0x0800fe6e   0x00000002   PAD
    0x0800fe70   0x0800fe70   0x000001cc   Code   RO          944    x$fpl$dsqrt         fz_ws.l(dsqrt_noumaal.o)
    0x0801003c   0x0801003c   0x000001d4   Code   RO          694    x$fpl$dsub          fz_ws.l(daddsub_clz.o)
    0x08010210   0x08010210   0x00000056   Code   RO          724    x$fpl$f2d           fz_ws.l(f2d.o)
    0x08010266   0x08010266   0x00000002   PAD
    0x08010268   0x08010268   0x000000c4   Code   RO          726    x$fpl$fadd          fz_ws.l(faddsub_clz.o)
    0x0801032c   0x0801032c   0x00000184   Code   RO          733    x$fpl$fdiv          fz_ws.l(fdiv.o)
    0x080104b0   0x080104b0   0x00000036   Code   RO          736    x$fpl$ffix          fz_ws.l(ffix.o)
    0x080104e6   0x080104e6   0x00000002   PAD
    0x080104e8   0x080104e8   0x0000003e   Code   RO          740    x$fpl$ffixu         fz_ws.l(ffixu.o)
    0x08010526   0x08010526   0x00000002   PAD
    0x08010528   0x08010528   0x00000030   Code   RO          745    x$fpl$fflt          fz_ws.l(fflt_clz.o)
    0x08010558   0x08010558   0x00000026   Code   RO          744    x$fpl$ffltu         fz_ws.l(fflt_clz.o)
    0x0801057e   0x0801057e   0x00000002   PAD
    0x08010580   0x08010580   0x00000102   Code   RO          750    x$fpl$fmul          fz_ws.l(fmul.o)
    0x08010682   0x08010682   0x0000008c   Code   RO          946    x$fpl$fnaninf       fz_ws.l(fnaninf.o)
    0x0801070e   0x0801070e   0x0000000a   Code   RO          948    x$fpl$fretinf       fz_ws.l(fretinf.o)
    0x08010718   0x08010718   0x000000ea   Code   RO          728    x$fpl$fsub          fz_ws.l(faddsub_clz.o)
    0x08010802   0x08010802   0x00000006   Code   RO         1077    x$fpl$ieeestatus    fz_ws.l(istatus.o)
    0x08010808   0x08010808   0x00000004   Code   RO          752    x$fpl$printf1       fz_ws.l(printf1.o)
    0x0801080c   0x0801080c   0x00000064   Code   RO         1103    x$fpl$retnan        fz_ws.l(retnan.o)
    0x08010870   0x08010870   0x0000005c   Code   RO          950    x$fpl$scalbn        fz_ws.l(scalbn.o)
    0x080108cc   0x080108cc   0x00000004   Code   RO          952    x$fpl$scanf1        fz_ws.l(scanf1.o)
    0x080108d0   0x080108d0   0x00000008   Code   RO         1105    x$fpl$scanf2        fz_ws.l(scanf2.o)
    0x080108d8   0x080108d8   0x00000030   Code   RO         1133    x$fpl$trapveneer    fz_ws.l(trapv.o)
    0x08010908   0x08010908   0x00000000   Code   RO          954    x$fpl$usenofp       fz_ws.l(usenofp.o)
    0x08010908   0x08010908   0x00000050   Data   RO            2    .constdata          main.o
    0x08010958   0x08010958   0x000017c0   Data   RO          248    .constdata          lcd.o
    0x08012118   0x08012118   0x00000004   Data   RO          335    .constdata          touch.o
    0x0801211c   0x0801211c   0x0000000a   Data   RO          374    .constdata          ott2001a.o
    0x08012126   0x08012126   0x0000000a   Data   RO          390    .constdata          ft5206.o
    0x08012130   0x08012130   0x000000c2   Data   RO          409    .constdata          gt9147.o
    0x080121f2   0x080121f2   0x00000002   PAD
    0x080121f4   0x080121f4   0x00000008   Data   RO          612    .constdata          c_w.l(_printf_wctomb.o)
    0x080121fc   0x080121fc   0x00000028   Data   RO          624    .constdata          c_w.l(_printf_hex_int.o)
    0x08012224   0x08012224   0x00000011   Data   RO          659    .constdata          c_w.l(__printf_flags_ss_wp.o)
    0x08012235   0x08012235   0x00000003   PAD
    0x08012238   0x08012238   0x00000050   Data   RO          756    .constdata          m_ws.l(acos.o)
    0x08012288   0x08012288   0x00000050   Data   RO          766    .constdata          m_ws.l(asin.o)
    0x080122d8   0x080122d8   0x00000098   Data   RO          776    .constdata          m_ws.l(atan.o)
    0x08012370   0x08012370   0x00000058   Data   RO          798    .constdata          m_ws.l(exp.o)
    0x080123c8   0x080123c8   0x00000038   Data   RO          808    .constdata          m_ws.l(log.o)
    0x08012400   0x08012400   0x00000088   Data   RO          818    .constdata          m_ws.l(pow.o)
    0x08012488   0x08012488   0x00000030   Data   RO          956    .constdata          m_ws.l(cos_i.o)
    0x080124b8   0x080124b8   0x00000008   Data   RO          976    .constdata          m_ws.l(qnan.o)
    0x080124c0   0x080124c0   0x000000c8   Data   RO          979    .constdata          m_ws.l(rred.o)
    0x08012588   0x08012588   0x00000028   Data   RO          983    .constdata          m_ws.l(sin_i.o)
    0x080125b0   0x080125b0   0x00000060   Data   RO          989    .constdata          m_ws.l(tan_i.o)
    0x08012610   0x08012610   0x00000094   Data   RO         1038    .constdata          c_w.l(bigflt0.o)
    0x080126a4   0x080126a4   0x0000004e   Data   RO            3    .conststring        main.o
    0x080126f2   0x080126f2   0x00000002   PAD
    0x080126f4   0x080126f4   0x00000079   Data   RO          336    .conststring        touch.o
    0x0801276d   0x0801276d   0x00000003   PAD
    0x08012770   0x08012770   0x00000088   Data   RO          483    .conststring        eval.o
    0x080127f8   0x080127f8   0x00000020   Data   RO         1210    Region$$Table       anon$$obj.o
    0x08012818   0x08012818   0x00000008   Data   RO         1099    c$$dinf             fz_ws.l(fpconst.o)
    0x08012820   0x08012820   0x00000008   Data   RO         1102    c$$dmax             fz_ws.l(fpconst.o)
    0x08012828   0x08012828   0x0000001c   Data   RO         1068    locale$$data        c_w.l(lc_numeric_c.o)
    0x08012844   0x08012844   0x00000110   Data   RO         1084    locale$$data        c_w.l(lc_ctype_c.o)


    Execution Region RW_IRAM1 (Exec base: 0x20000000, Load base: 0x08012954, Size: 0x0000d668, Max: 0x00010000, ABSOLUTE, COMPRESSED[0x00000678])

    Exec Addr    Load Addr    Size         Type   Attr      Idx    E Section Name        Object

    0x20000000   COMPRESSED   0x0000000a   Data   RW            4    .data               main.o
    0x2000000a   COMPRESSED   0x00000002   PAD
    0x2000000c   COMPRESSED   0x00000014   Data   RW          204    .data               system_stm32f10x.o
    0x20000020   COMPRESSED   0x00000001   Data   RW          234    .data               key.o
    0x20000021   COMPRESSED   0x00000001   PAD
    0x20000022   COMPRESSED   0x000007e4   Data   RW          249    .data               lcd.o
    0x20000806   COMPRESSED   0x00000002   PAD
    0x20000808   COMPRESSED   0x00000036   Data   RW          337    .data               touch.o
    0x2000083e   COMPRESSED   0x00000001   Data   RW          375    .data               ott2001a.o
    0x2000083f   COMPRESSED   0x00000001   Data   RW          391    .data               ft5206.o
    0x20000840   COMPRESSED   0x00000001   Data   RW          410    .data               gt9147.o
    0x20000841   COMPRESSED   0x00000001   PAD
    0x20000842   COMPRESSED   0x00000004   Data   RW          428    .data               delay.o
    0x20000846   COMPRESSED   0x00000002   PAD
    0x20000848   COMPRESSED   0x00000006   Data   RW          460    .data               usart.o
    0x2000084e   COMPRESSED   0x00000002   PAD
    0x20000850   COMPRESSED   0x000001e4   Data   RW          484    .data               eval.o
    0x20000a34   COMPRESSED   0x00000014   Data   RW          552    .data               stm32f10x_rcc.o
    0x20000a48        -       0x0000000e   Zero   RW          247    .bss                lcd.o
    0x20000a56        -       0x000000c8   Zero   RW          459    .bss                usart.o
    0x20000b1e   COMPRESSED   0x00000002   PAD
    0x20000b20        -       0x0000c400   Zero   RW          482    .bss                eval.o
    0x2000cf20        -       0x000000e4   Zero   RW          675    .bss                c_w.l(rand.o)
    0x2000d004        -       0x00000060   Zero   RW         1080    .bss                c_w.l(libspace.o)
    0x2000d064   COMPRESSED   0x00000004   PAD
    0x2000d068        -       0x00000200   Zero   RW          509    HEAP                startup_stm32f10x_hd.o
    0x2000d268        -       0x00000400   Zero   RW          508    STACK               startup_stm32f10x_hd.o


==============================================================================

Image component sizes


      Code (inc. data)   RO Data    RW Data    ZI Data      Debug   Object Name

       378          0          0          0          0       2730   24cxx.o
       644         24          0          0          0       2017   ctiic.o
       212         18          0          4          0        971   delay.o
      3904        200        136        484      50176       7752   eval.o
       824         38         10          1          0       2431   ft5206.o
      1112         74        194          1          0       2962   gt9147.o
       216         14          0          1          0        780   key.o
     19168        176       6080       2020         14      22999   lcd.o
        76          8          0          0          0        459   led.o
      3992        336        158         10          0     245705   main.o
       220         22          0          0          0       1729   misc.o
       620         14          0          0          0       1848   myiic.o
       876         56         10          1          0       2599   ott2001a.o
        64         26        304          0       1536        764   startup_stm32f10x_hd.o
      1548         18          0          0          0       5303   stm32f10x_fsmc.o
       860         38          0          0          0       5661   stm32f10x_gpio.o
        26          0          0          0          0       1142   stm32f10x_it.o
       932         36          0         20          0       8800   stm32f10x_rcc.o
      1032         22          0          0          0       8384   stm32f10x_usart.o
         0          0          0          0          0         32   sys.o
       480         38          0         20          0       1631   system_stm32f10x.o
      4020        222        125         54          0       6709   touch.o
       320         18          0          6        200       3030   usart.o

    ----------------------------------------------------------------------
     41528       1398       7056       2632      51928     336438   Object Totals
         0          0         32          0          0          0   (incl. Generated)
         4          0          7         10          2          0   (incl. Padding)

    ----------------------------------------------------------------------

      Code (inc. data)   RO Data    RW Data    ZI Data      Debug   Library Member Name

       100          0          0          0          0          0   __dclz77c.o
         8          0          0          0          0         68   __main.o
       392          4         17          0          0         92   __printf_flags_ss_wp.o
        14          0          0          0          0         68   __printf_wp.o
         0          0          0          0          0          0   __rtentry.o
        12          0          0          0          0          0   __rtentry2.o
         6          0          0          0          0          0   __rtentry4.o
        52          8          0          0          0          0   __scatter.o
        28          0          0          0          0          0   __scatter_zi.o
        28          0          0          0          0         68   _chval.o
        60          0          0          0          0         92   _mbrtowc.o
         6          0          0          0          0          0   _printf_c.o
        44          0          0          0          0        108   _printf_char.o
        48          6          0          0          0         96   _printf_char_common.o
        36          4          0          0          0         80   _printf_char_file.o
         6          0          0          0          0          0   _printf_d.o
       120         16          0          0          0         92   _printf_dec.o
         6          0          0          0          0          0   _printf_f.o
      1054          0          0          0          0        216   _printf_fp_dec.o
       128         16          0          0          0         84   _printf_fp_infnan.o
        88          4         40          0          0         88   _printf_hex_int.o
         6          0          0          0          0          0   _printf_i.o
       178          0          0          0          0         88   _printf_intcommon.o
        10          0          0          0          0          0   _printf_l.o
         6          0          0          0          0          0   _printf_lc.o
         6          0          0          0          0          0   _printf_o.o
        80          8          0          0          0         88   _printf_oct_int.o
        78          0          0          0          0        108   _printf_pad.o
         0          0          0          0          0          0   _printf_percent.o
         4          0          0          0          0          0   _printf_percent_end.o
         6          0          0          0          0          0   _printf_s.o
        82          0          0          0          0         80   _printf_str.o
        36          0          0          0          0         84   _printf_truncate.o
         6          0          0          0          0          0   _printf_u.o
        44          0          0          0          0        108   _printf_wchar.o
       188          6          8          0          0         92   _printf_wctomb.o
         6          0          0          0          0          0   _printf_x.o
        22          0          0          0          0        100   _rserrno.o
       884          6          0          0          0        100   _scanf.o
       332          0          0          0          0         96   _scanf_int.o
       342          0          0          0          0        100   _scanf_longlong.o
       276          0          0          0          0        100   _scanf_mbtowc.o
       224          0          0          0          0         96   _scanf_str.o
        30          0          0          0          0         76   _scanf_wcharmap.o
       232          0          0          0          0        100   _scanf_wctomb.o
       208          0          0          0          0         96   _scanf_wstr.o
        64          0          0          0          0         84   _sgetc.o
        10          0          0          0          0         68   _sputc.o
        64          0          0          0          0         92   _wcrtomb.o
       228          4        148          0          0         96   bigflt0.o
      2152        136          0          0          0        960   btod.o
        18          0          0          0          0         80   exit.o
         8          0          0          0          0         68   ferror.o
         6          0          0          0          0        152   heapauxi.o
        18          0          0          0          0         76   isspace.o
        44         10        272          0          0         76   lc_ctype_c.o
        44         10         28          0          0         76   lc_numeric_c.o
         2          0          0          0          0          0   libinit.o
        34          0          0          0          0          0   libinit2.o
         2          0          0          0          0          0   libshutdown.o
         2          0          0          0          0          0   libshutdown2.o
         8          4          0          0         96         68   libspace.o
        38          0          0          0          0         68   llshl.o
       138          0          0          0          0         80   lludiv10.o
        24          4          0          0          0         84   noretval__2printf.o
        40          6          0          0          0         84   noretval__2sprintf.o
       112         18          0          0        228        160   rand.o
        16          4          0          0          0         76   rt_ctype_table.o
         8          4          0          0          0         68   rt_errno_addr_intlibspace.o
         8          4          0          0          0         68   rt_locale_intlibspace.o
        68          0          0          0          0         68   rt_memclr.o
        78          0          0          0          0         80   rt_memclr_w.o
       100          0          0          0          0         80   rt_memcpy_w.o
         2          0          0          0          0          0   rtexit.o
        10          0          0          0          0          0   rtexit2.o
        44          8          0          0          0         84   scanf_char.o
      1272         16          0          0          0        168   scanf_fp.o
       800         14          0          0          0        100   scanf_hexfp.o
       308         16          0          0          0        100   scanf_infnan.o
        60          8          0          0          0         84   sscanf.o
       128          0          0          0          0         68   strcmpv7m.o
        62          0          0          0          0         76   strlen.o
        86          0          0          0          0         76   strncpy.o
       164         14          0          0          0        120   strtod.o
        74          0          0          0          0         80   sys_stackheap_outer.o
         2          0          0          0          0         68   use_no_semi.o
         2          0          0          0          0         68   use_no_semi_2.o
        98          4          0          0          0         92   d2f.o
       826         16          0          0          0        348   daddsub_clz.o
        16          4          0          0          0         68   dcheck1.o
        24          0          0          0          0         68   dcmpi.o
       688        140          0          0          0        208   ddiv.o
       120          4          0          0          0         92   deqf.o
        94          4          0          0          0         92   dfix.o
        90          4          0          0          0         92   dfixu.o
        84          0          0          0          0        136   dflt_clz.o
       120          4          0          0          0         92   dleqf.o
       340         12          0          0          0        104   dmul.o
       156          4          0          0          0         92   dnaninf.o
        12          0          0          0          0         68   dretinf.o
       108          0          0          0          0         80   drleqf.o
       460         56          0          0          0        120   dsqrt_noumaal.o
        86          4          0          0          0         84   f2d.o
       430          8          0          0          0        168   faddsub_clz.o
       388         76          0          0          0         96   fdiv.o
        54          4          0          0          0         84   ffix.o
        62          4          0          0          0         84   ffixu.o
        86          0          0          0          0        136   fflt_clz.o
       258          4          0          0          0         84   fmul.o
       140          4          0          0          0         84   fnaninf.o
         0          0         16          0          0          0   fpconst.o
        10          0          0          0          0         68   fretinf.o
         6          0          0          0          0         68   istatus.o
         4          0          0          0          0         68   printf1.o
       100          0          0          0          0         68   retnan.o
        92          0          0          0          0         68   scalbn.o
         4          0          0          0          0         68   scanf1.o
         8          0          0          0          0         84   scanf2.o
        48          0          0          0          0         68   trapv.o
         0          0          0          0          0          0   usenofp.o
       636         62         80          0          0        188   acos.o
       624         52         80          0          0        168   asin.o
       544         70        152          0          0        124   atan.o
        42          0          0          0          0         84   atof.o
       156          8          0          0          0        104   cos.o
       252         22         48          0          0        124   cos_i.o
        68         10          0          0          0        408   dunder.o
       644         90         88          0          0        204   exp.o
        40          0          0          0          0         68   fpclassify.o
        88          8          0          0          0         76   frexp.o
       138          0          0          0          0        160   ldexp.o
       860         52         56          0          0        256   log.o
       204          4          0          0          0        168   narrow.o
       170          0          0          0          0         96   poly.o
      2520        190        136          0          0        324   pow.o
         0          0          8          0          0          0   qnan.o
       904         76        200          0          0        140   rred.o
       160         10          0          0          0        108   sin.o
       236         12         40          0          0        128   sin_i.o
        76          0          0          0          0         84   sqrt.o
       100         10          0          0          0         96   tan.o
       636         50         96          0          0        168   tan_i.o

    ----------------------------------------------------------------------
     26016       1442       1516          0        328      12976   Library Totals
        36          2          3          0          4          0   (incl. Padding)

    ----------------------------------------------------------------------

      Code (inc. data)   RO Data    RW Data    ZI Data      Debug   Library Name

     11870        358        513          0        324       6568   c_w.l
      5012        356         16          0          0       3132   fz_ws.l
      9098        726        984          0          0       3276   m_ws.l

    ----------------------------------------------------------------------
     26016       1442       1516          0        328      12976   Library Totals

    ----------------------------------------------------------------------

==============================================================================


      Code (inc. data)   RO Data    RW Data    ZI Data      Debug   

     67544       2840       8572       2632      52256     340674   Grand Totals
     67544       2840       8572       1656      52256     340674   ELF Image Totals (compressed)
     67544       2840       8572       1656          0          0   ROM Totals

==============================================================================

    Total RO  Size (Code + RO Data)                76116 (  74.33kB)
    Total RW  Size (RW Data + ZI Data)             54888 (  53.60kB)
    Total ROM Size (Code + RO Data + RW Data)      77772 (  75.95kB)

==============================================================================

