lcd.c:18:6:IIC_Init	4	static
lcd.c:35:6:IIC_Start	8	static
lcd.c:46:6:IIC_Stop	8	static
lcd.c:59:4:IIC_Wait_Ack	16	static
lcd.c:78:6:IIC_Ack	8	static
lcd.c:89:6:IIC_NAck	8	static
lcd.c:103:6:IIC_Send_Byte	24	static
lcd.c:120:4:IIC_Read_Byte	24	static
lcd.c:144:6:AT24CXX_Init	8	static
lcd.c:151:4:AT24CXX_ReadOneByte	24	static
lcd.c:174:6:AT24CXX_WriteOneByte	16	static
lcd.c:197:6:AT24CXX_WriteLenByte	24	static
lcd.c:211:5:AT24CXX_ReadLenByte	24	static
lcd.c:227:4:AT24CXX_Check	16	static
lcd.c:245:6:AT24CXX_Read	24	static
lcd.c:257:6:AT24CXX_Write	16	static
lcd.c:294:6:TP_Write_Byte	24	static
lcd.c:313:5:TP_Read_AD	24	static
lcd.c:347:5:TP_Read_XOY	48	static
lcd.c:377:4:TP_Read_XY	24	static
lcd.c:393:4:TP_Read_XY2	32	static
lcd.c:420:6:TP_Drow_Touch_Point	16	static
lcd.c:434:6:TP_Draw_Big_Point	16	static
lcd.c:447:4:TP_Scan	16	static
lcd.c:485:6:TP_Save_Adjdata	16	static
lcd.c:505:4:TP_Get_Adjdata	16	static
lcd.c:538:6:TP_Adj_Info_Show	32	static
lcd.c:563:6:TP_Adjust	112	static
lcd.c:719:4:TP_Init	8	static
lcd.c:800:6:LCD_WR_REG	16	static
lcd.c:807:6:LCD_WR_DATA	16	static
lcd.c:814:10:LCD_RD_DATA	16	static
lcd.c:823:6:LCD_WriteReg	16	static
lcd.c:831:10:LCD_ReadReg	16	static
lcd.c:839:6:LCD_WriteRAM_Prepare	4	static
lcd.c:845:6:LCD_WriteRAM	16	static
lcd.c:853:10:LCD_BGR2RGB	24	static
lcd.c:864:6:opt_delay	16	static
lcd.c:871:10:LCD_ReadPoint	24	static
lcd.c:896:6:LCD_DisplayOn	8	static
lcd.c:903:6:LCD_DisplayOff	8	static
lcd.c:912:6:LCD_SetCursor	16	static
lcd.c:963:6:LCD_Scan_Dir	24	static
lcd.c:1092:6:LCD_DrawPoint	16	static
lcd.c:1101:6:LCD_Fast_DrawPoint	16	static
lcd.c:1142:6:LCD_SSD_BackLightSet	16	static
lcd.c:1155:6:LCD_Display_Dir	16	static
lcd.c:1239:6:LCD_Set_Window	40	static
lcd.c:1311:6:LCD_Init	8	static
lcd.c:3409:6:LCD_Clear	24	static
lcd.c:3433:6:LCD_Fill	40	static
lcd.c:3466:6:LCD_Color_Fill	32	static
lcd.c:3482:6:LCD_DrawLine	64	static
lcd.c:3518:6:LCD_DrawRectangle	24	static
lcd.c:3528:6:LCD_Draw_Circle	32	static
lcd.c:3559:6:LCD_ShowChar	32	static
lcd.c:3591:10:LCD_Pow	24	static
lcd.c:3603:6:LCD_ShowNum	48	static
lcd.c:3631:6:LCD_ShowxNum	48	static
lcd.c:3656:6:LCD_ShowString	40	static
