lcd.c:18:6:IIC_Init	4	static
lcd.c:35:6:IIC_Start	8	static
lcd.c:46:6:IIC_Stop	8	static
lcd.c:59:4:IIC_Wait_Ack	16	static
lcd.c:78:6:IIC_Ack	8	static
lcd.c:89:6:IIC_NAck	8	static
lcd.c:103:6:IIC_Send_Byte	24	static
lcd.c:120:4:IIC_Read_Byte	24	static
lcd.c:144:6:AT24CXX_Init	8	static
lcd.c:151:4:AT24CXX_ReadOneByte	24	static
lcd.c:174:6:AT24CXX_WriteOneByte	16	static
lcd.c:197:6:AT24CXX_WriteLenByte	24	static
lcd.c:211:5:AT24CXX_ReadLenByte	24	static
lcd.c:227:4:AT24CXX_Check	16	static
lcd.c:245:6:AT24CXX_Read	24	static
lcd.c:257:6:AT24CXX_Write	16	static
lcd.c:297:6:TP_Write_Byte	24	static
lcd.c:316:5:TP_Read_AD	24	static
lcd.c:350:5:TP_Read_XOY	48	static
lcd.c:380:4:TP_Read_XY	24	static
lcd.c:396:4:TP_Read_XY2	32	static
lcd.c:423:6:TP_Drow_Touch_Point	16	static
lcd.c:437:6:TP_Draw_Big_Point	16	static
lcd.c:450:4:TP_Scan	16	static
lcd.c:488:6:TP_Save_Adjdata	16	static
lcd.c:508:4:TP_Get_Adjdata	16	static
lcd.c:541:6:TP_Adj_Info_Show	32	static
lcd.c:566:6:TP_Adjust	112	static
lcd.c:722:4:TP_Init	8	static
lcd.c:803:6:LCD_WR_REG	16	static
lcd.c:810:6:LCD_WR_DATA	16	static
lcd.c:817:10:LCD_RD_DATA	16	static
lcd.c:826:6:LCD_WriteReg	16	static
lcd.c:834:10:LCD_ReadReg	16	static
lcd.c:842:6:LCD_WriteRAM_Prepare	4	static
lcd.c:848:6:LCD_WriteRAM	16	static
lcd.c:856:10:LCD_BGR2RGB	24	static
lcd.c:867:6:opt_delay	16	static
lcd.c:874:10:LCD_ReadPoint	24	static
lcd.c:899:6:LCD_DisplayOn	8	static
lcd.c:906:6:LCD_DisplayOff	8	static
lcd.c:915:6:LCD_SetCursor	16	static
lcd.c:966:6:LCD_Scan_Dir	24	static
lcd.c:1095:6:LCD_DrawPoint	16	static
lcd.c:1104:6:LCD_Fast_DrawPoint	16	static
lcd.c:1145:6:LCD_SSD_BackLightSet	16	static
lcd.c:1158:6:LCD_Display_Dir	16	static
lcd.c:1242:6:LCD_Set_Window	40	static
lcd.c:1314:6:LCD_Init	8	static
lcd.c:3412:6:LCD_Clear	24	static
lcd.c:3436:6:LCD_Fill	40	static
lcd.c:3469:6:LCD_Color_Fill	32	static
lcd.c:3485:6:LCD_DrawLine	64	static
lcd.c:3521:6:LCD_DrawRectangle	24	static
lcd.c:3531:6:LCD_Draw_Circle	32	static
lcd.c:3562:6:LCD_ShowChar	32	static
lcd.c:3594:10:LCD_Pow	24	static
lcd.c:3606:6:LCD_ShowNum	48	static
lcd.c:3634:6:LCD_ShowxNum	48	static
lcd.c:3659:6:LCD_ShowString	40	static
