stm32f4xx_it.c:102:6:NMI_Handler	4	static
stm32f4xx_it.c:117:6:HardFault_Handler	4	static
stm32f4xx_it.c:132:6:MemManage_Handler	4	static
stm32f4xx_it.c:147:6:BusFault_Handler	4	static
stm32f4xx_it.c:162:6:UsageFault_Handler	4	static
stm32f4xx_it.c:177:6:SVC_Handler	4	static
stm32f4xx_it.c:190:6:DebugMon_Handler	4	static
stm32f4xx_it.c:203:6:PendSV_Handler	4	static
stm32f4xx_it.c:216:6:SysTick_Handler	8	static
stm32f4xx_it.c:237:6:EXTI0_IRQHandler	16	static
stm32f4xx_it.c:324:6:EXTI1_IRQHandler	16	static
stm32f4xx_it.c:415:6:EXTI4_IRQHandler	16	static
stm32f4xx_it.c:507:6:EXTI9_5_IRQHandler	16	static
stm32f4xx_it.c:570:6:TIM3_IRQHandler	8	static
stm32f4xx_it.c:584:6:TIM4_IRQHandler	24	static
stm32f4xx_it.c:652:6:TIM5_IRQHandler	24	static
stm32f4xx_it.c:702:6:DMA2_Stream0_IRQHandler	8	static
stm32f4xx_it.c:716:6:DMA2_Stream2_IRQHandler	8	static
