stm32f1xx_hal_sram.c:174:19:HAL_SRAM_Init	24	static
stm32f1xx_hal_sram.c:227:19:HAL_SRAM_DeInit	16	static
stm32f1xx_hal_sram.c:260:13:HAL_SRAM_MspInit	16	static
stm32f1xx_hal_sram.c:276:13:HAL_SRAM_MspDeInit	16	static
stm32f1xx_hal_sram.c:292:13:HAL_SRAM_DMA_XferCpltCallback	16	static
stm32f1xx_hal_sram.c:308:13:HAL_SRAM_DMA_XferErrorCallback	16	static
stm32f1xx_hal_sram.c:345:19:HAL_SRAM_Read_8b	40	static
stm32f1xx_hal_sram.c:392:19:HAL_SRAM_Write_8b	40	static
stm32f1xx_hal_sram.c:438:19:HAL_SRAM_Read_16b	40	static
stm32f1xx_hal_sram.c:497:19:HAL_SRAM_Write_16b	40	static
stm32f1xx_hal_sram.c:555:19:HAL_SRAM_Read_32b	40	static
stm32f1xx_hal_sram.c:602:19:HAL_SRAM_Write_32b	40	static
stm32f1xx_hal_sram.c:648:19:HAL_SRAM_Read_DMA	32	static
stm32f1xx_hal_sram.c:696:19:HAL_SRAM_Write_DMA	32	static
stm32f1xx_hal_sram.c:928:19:HAL_SRAM_WriteOperation_Enable	16	static
stm32f1xx_hal_sram.c:962:19:HAL_SRAM_WriteOperation_Disable	16	static
stm32f1xx_hal_sram.c:1015:23:HAL_SRAM_GetState	16	static
stm32f1xx_hal_sram.c:1036:13:SRAM_DMACplt	24	static
stm32f1xx_hal_sram.c:1058:13:SRAM_DMACpltProt	24	static
stm32f1xx_hal_sram.c:1080:13:SRAM_DMAError	24	static
