stm32f1xx_ll_fsmc.c:206:20:FSMC_NORSRAM_Init	16	static
stm32f1xx_ll_fsmc.c:282:19:FSMC_NORSRAM_DeInit	8	static
stm32f1xx_ll_fsmc.c:318:19:FSMC_NORSRAM_Timing_Init	8	static
stm32f1xx_ll_fsmc.c:356:19:FSMC_NORSRAM_Extended_Timing_Init	12	static
stm32f1xx_ll_fsmc.c:426:19:FSMC_NORSRAM_WriteOperation_Enable	0	static
stm32f1xx_ll_fsmc.c:444:19:FSMC_NORSRAM_WriteOperation_Disable	0	static
stm32f1xx_ll_fsmc.c:516:19:FSMC_NAND_Init	20	static
stm32f1xx_ll_fsmc.c:563:19:FSMC_NAND_CommonSpace_Timing_Init	8	static
stm32f1xx_ll_fsmc.c:602:19:FSMC_NAND_AttributeSpace_Timing_Init	8	static
stm32f1xx_ll_fsmc.c:639:19:FSMC_NAND_DeInit	0	static
stm32f1xx_ll_fsmc.c:696:19:FSMC_NAND_ECC_Enable	0	static
stm32f1xx_ll_fsmc.c:722:19:FSMC_NAND_ECC_Disable	0	static
stm32f1xx_ll_fsmc.c:749:19:FSMC_NAND_GetECC	24	static
stm32f1xx_ll_fsmc.c:841:19:FSMC_PCCARD_Init	8	static
stm32f1xx_ll_fsmc.c:872:19:FSMC_PCCARD_CommonSpace_Timing_Init	0	static
stm32f1xx_ll_fsmc.c:898:19:FSMC_PCCARD_AttributeSpace_Timing_Init	0	static
stm32f1xx_ll_fsmc.c:924:19:FSMC_PCCARD_IOSpace_Timing_Init	0	static
stm32f1xx_ll_fsmc.c:948:19:FSMC_PCCARD_DeInit	0	static
