stm32f4xx_it.c:141:6:NMI_Handler	4	static
stm32f4xx_it.c:156:6:HardFault_Handler	4	static
stm32f4xx_it.c:171:6:MemManage_Handler	4	static
stm32f4xx_it.c:186:6:BusFault_Handler	4	static
stm32f4xx_it.c:201:6:UsageFault_Handler	4	static
stm32f4xx_it.c:216:6:SVC_Handler	4	static
stm32f4xx_it.c:229:6:DebugMon_Handler	4	static
stm32f4xx_it.c:242:6:PendSV_Handler	4	static
stm32f4xx_it.c:255:6:SysTick_Handler	8	static
stm32f4xx_it.c:276:6:EXTI0_IRQHandler	8	static
stm32f4xx_it.c:296:6:EXTI2_IRQHandler	8	static
stm32f4xx_it.c:313:6:TIM2_IRQHandler	24	static
stm32f4xx_it.c:350:6:TIM3_IRQHandler	48	static
stm32f4xx_it.c:509:6:EXTI15_10_IRQHandler	32	static
