stm32f4xx_it.c:133:6:NMI_Handler	4	static
stm32f4xx_it.c:148:6:HardFault_Handler	4	static
stm32f4xx_it.c:163:6:MemManage_Handler	4	static
stm32f4xx_it.c:178:6:BusFault_Handler	4	static
stm32f4xx_it.c:193:6:UsageFault_Handler	4	static
stm32f4xx_it.c:208:6:SVC_Handler	4	static
stm32f4xx_it.c:221:6:DebugMon_Handler	4	static
stm32f4xx_it.c:234:6:PendSV_Handler	4	static
stm32f4xx_it.c:247:6:SysTick_Handler	8	static
stm32f4xx_it.c:268:6:EXTI0_IRQHandler	8	static
stm32f4xx_it.c:284:6:EXTI2_IRQHandler	8	static
stm32f4xx_it.c:298:6:TIM2_IRQHandler	24	static
stm32f4xx_it.c:332:6:TIM3_IRQHandler	40	static
stm32f4xx_it.c:398:6:EXTI15_10_IRQHandler	32	static
