lcd.c:98:6:LCD_WR_REG	16	static
lcd.c:105:6:LCD_WR_DATA	16	static
lcd.c:112:10:LCD_RD_DATA	16	static
lcd.c:121:6:LCD_WriteReg	16	static
lcd.c:129:10:LCD_ReadReg	16	static
lcd.c:136:6:LCD_WriteRAM_Prepare	4	static
lcd.c:142:6:LCD_WriteRAM	16	static
lcd.c:150:10:LCD_BGR2RGB	24	static
lcd.c:161:6:opt_delay	16	static
lcd.c:168:10:LCD_ReadPoint	24	static
lcd.c:193:6:LCD_DisplayOn	8	static
lcd.c:200:6:LCD_DisplayOff	8	static
lcd.c:209:6:LCD_SetCursor	16	static
lcd.c:260:6:LCD_Scan_Dir	24	static
lcd.c:389:6:LCD_DrawPoint	16	static
lcd.c:398:6:LCD_Fast_DrawPoint	16	static
lcd.c:439:6:LCD_SSD_BackLightSet	16	static
lcd.c:452:6:LCD_Display_Dir	16	static
lcd.c:536:6:LCD_Set_Window	40	static
lcd.c:608:6:LCD_Init	16	static
lcd.c:2706:6:LCD_Clear	24	static
lcd.c:2730:6:LCD_Fill	40	static
lcd.c:2763:6:LCD_Color_Fill	32	static
lcd.c:2779:6:LCD_DrawLine	64	static
lcd.c:2815:6:LCD_DrawRectangle	24	static
lcd.c:2825:6:LCD_Draw_Circle	32	static
lcd.c:2856:6:LCD_ShowChar	32	static
lcd.c:2887:10:LCD_Pow	24	static
lcd.c:2899:6:LCD_ShowNum	48	static
lcd.c:2927:6:LCD_ShowxNum	48	static
lcd.c:2952:6:LCD_ShowString	40	static
