stm32f4xx_it.c:133:6:NMI_Handler	4	static
stm32f4xx_it.c:148:6:HardFault_Handler	4	static
stm32f4xx_it.c:163:6:MemManage_Handler	4	static
stm32f4xx_it.c:178:6:BusFault_Handler	4	static
stm32f4xx_it.c:193:6:UsageFault_Handler	4	static
stm32f4xx_it.c:208:6:SVC_Handler	4	static
stm32f4xx_it.c:221:6:DebugMon_Handler	4	static
stm32f4xx_it.c:234:6:PendSV_Handler	4	static
stm32f4xx_it.c:247:6:SysTick_Handler	8	static
stm32f4xx_it.c:268:6:DMA1_Stream0_IRQHandler	8	static
stm32f4xx_it.c:282:6:DMA1_Stream2_IRQHandler	8	static
stm32f4xx_it.c:296:6:DMA1_Stream5_IRQHandler	8	static
stm32f4xx_it.c:310:6:DMA1_Stream6_IRQHandler	8	static
stm32f4xx_it.c:324:6:TIM2_IRQHandler	8	static
stm32f4xx_it.c:338:6:TIM3_IRQHandler	8	static
stm32f4xx_it.c:377:6:TIM4_IRQHandler	8	static
stm32f4xx_it.c:424:6:USART1_IRQHandler	8	static
stm32f4xx_it.c:438:6:USART2_IRQHandler	8	static
stm32f4xx_it.c:452:6:DMA1_Stream7_IRQHandler	8	static
stm32f4xx_it.c:466:6:TIM6_DAC_IRQHandler	48	static
