stm32f4xx_it.c:92:6:NMI_Handler	8	static
stm32f4xx_it.c:108:6:HardFault_Handler	4	static
stm32f4xx_it.c:123:6:MemManage_Handler	4	static
stm32f4xx_it.c:138:6:BusFault_Handler	4	static
stm32f4xx_it.c:153:6:UsageFault_Handler	4	static
stm32f4xx_it.c:168:6:SVC_Handler	4	static
stm32f4xx_it.c:181:6:DebugMon_Handler	4	static
stm32f4xx_it.c:194:6:PendSV_Handler	4	static
stm32f4xx_it.c:207:6:SysTick_Handler	8	static
stm32f4xx_it.c:228:6:DMA1_Stream0_IRQHandler	8	static
stm32f4xx_it.c:242:6:DMA1_Stream5_IRQHandler	8	static
stm32f4xx_it.c:267:6:DMA1_Stream6_IRQHandler	8	static
stm32f4xx_it.c:281:6:TIM2_IRQHandler	8	static
stm32f4xx_it.c:303:6:TIM3_IRQHandler	8	static
stm32f4xx_it.c:317:6:TIM4_IRQHandler	8	static
stm32f4xx_it.c:331:6:USART1_IRQHandler	8	static
stm32f4xx_it.c:345:6:USART2_IRQHandler	8	static
stm32f4xx_it.c:359:6:TIM5_IRQHandler	8	static
stm32f4xx_it.c:373:6:DMA2_Stream7_IRQHandler	8	static
