lcd.c:17:6:IIC_Init	4	static
lcd.c:34:6:IIC_Start	8	static
lcd.c:45:6:IIC_Stop	8	static
lcd.c:58:4:IIC_Wait_Ack	16	static
lcd.c:77:6:IIC_Ack	8	static
lcd.c:88:6:IIC_NAck	8	static
lcd.c:102:6:IIC_Send_Byte	24	static
lcd.c:119:4:IIC_Read_Byte	24	static
lcd.c:143:6:AT24CXX_Init	8	static
lcd.c:150:4:AT24CXX_ReadOneByte	24	static
lcd.c:173:6:AT24CXX_WriteOneByte	16	static
lcd.c:196:6:AT24CXX_WriteLenByte	24	static
lcd.c:210:5:AT24CXX_ReadLenByte	24	static
lcd.c:226:4:AT24CXX_Check	16	static
lcd.c:244:6:AT24CXX_Read	24	static
lcd.c:256:6:AT24CXX_Write	16	static
lcd.c:292:6:TP_Write_Byte	24	static
lcd.c:311:5:TP_Read_AD	24	static
lcd.c:345:5:TP_Read_XOY	48	static
lcd.c:375:4:TP_Read_XY	24	static
lcd.c:391:4:TP_Read_XY2	32	static
lcd.c:418:6:TP_Drow_Touch_Point	16	static
lcd.c:432:6:TP_Draw_Big_Point	16	static
lcd.c:445:4:TP_Scan	16	static
lcd.c:483:6:TP_Save_Adjdata	16	static
lcd.c:503:4:TP_Get_Adjdata	16	static
lcd.c:536:6:TP_Adj_Info_Show	32	static
lcd.c:561:6:TP_Adjust	112	static
lcd.c:717:4:TP_Init	8	static
lcd.c:798:6:LCD_WR_REG	16	static
lcd.c:805:6:LCD_WR_DATA	16	static
lcd.c:812:10:LCD_RD_DATA	16	static
lcd.c:821:6:LCD_WriteReg	16	static
lcd.c:829:10:LCD_ReadReg	16	static
lcd.c:837:6:LCD_WriteRAM_Prepare	4	static
lcd.c:843:6:LCD_WriteRAM	16	static
lcd.c:851:10:LCD_BGR2RGB	24	static
lcd.c:862:6:opt_delay	16	static
lcd.c:869:10:LCD_ReadPoint	24	static
lcd.c:894:6:LCD_DisplayOn	8	static
lcd.c:901:6:LCD_DisplayOff	8	static
lcd.c:910:6:LCD_SetCursor	16	static
lcd.c:961:6:LCD_Scan_Dir	24	static
lcd.c:1090:6:LCD_DrawPoint	16	static
lcd.c:1099:6:LCD_Fast_DrawPoint	16	static
lcd.c:1140:6:LCD_SSD_BackLightSet	16	static
lcd.c:1153:6:LCD_Display_Dir	16	static
lcd.c:1237:6:LCD_Set_Window	40	static
lcd.c:1309:6:LCD_Init	8	static
lcd.c:3407:6:LCD_Clear	24	static
lcd.c:3431:6:LCD_Fill	40	static
lcd.c:3464:6:LCD_Color_Fill	32	static
lcd.c:3480:6:LCD_DrawLine	64	static
lcd.c:3516:6:LCD_DrawRectangle	24	static
lcd.c:3526:6:LCD_Draw_Circle	32	static
lcd.c:3557:6:LCD_ShowChar	32	static
lcd.c:3589:10:LCD_Pow	24	static
lcd.c:3601:6:LCD_ShowNum	48	static
lcd.c:3629:6:LCD_ShowxNum	48	static
lcd.c:3654:6:LCD_ShowString	40	static
