lcd.c:39:6:LCD_WR_REG	8	static
lcd.c:46:6:LCD_WR_DATA	8	static
lcd.c:53:5:LCD_RD_DATA	8	static
lcd.c:62:6:LCD_WriteReg	0	static
lcd.c:70:5:LCD_ReadReg	8	static
lcd.c:77:6:LCD_WriteRAM_Prepare	0	static
lcd.c:83:6:LCD_WriteRAM	0	static
lcd.c:91:5:LCD_BGR2RGB	0	static
lcd.c:102:6:opt_delay	0	static
lcd.c:128:6:LCD_DisplayOn	0	static
lcd.c:134:6:LCD_DisplayOff	0	static
lcd.c:142:6:LCD_SetCursor	24	static
lcd.c:109:5:LCD_ReadPoint	8	static
lcd.c:181:6:LCD_Scan_Dir	8	static
lcd.c:277:6:LCD_DrawPoint	8	static
lcd.c:286:6:LCD_Fast_DrawPoint	24	static
lcd.c:315:6:LCD_SSD_BackLightSet	8	static
lcd.c:328:6:LCD_Display_Dir	8	static
lcd.c:396:6:LCD_Set_Window	32	static
lcd.c:1808:6:LCD_Clear	16	static
lcd.c:446:6:LCD_Init	40	static
lcd.c:1823:6:LCD_Fill	32	static
lcd.c:1838:6:LCD_Color_Fill	40	static
lcd.c:1854:6:LCD_DrawLine	56	static
lcd.c:1890:6:LCD_DrawRectangle	24	static
lcd.c:1900:6:LCD_Draw_Circle	56	static
lcd.c:1931:6:LCD_ShowChar	64	static
lcd.c:1963:5:LCD_Pow	0	static
lcd.c:1975:6:LCD_ShowNum	56	static
lcd.c:2003:6:LCD_ShowxNum	64	static
lcd.c:2028:6:LCD_ShowString	48	static
