17:27:42 **** Incremental Build of configuration Debug for project BDS5_OSC ****
make -j8 all 
arm-none-eabi-gcc "../Core/Src/stm32f4xx_it.c" -mcpu=cortex-m4 -std=gnu11 -g3 -DDEBUG -DUSE_HAL_DRIVER -DSTM32F407xx -DARM_MATH_CM4 -D__TARGET_FPU_VFP -c -I../Core/Inc -I../Drivers/STM32F4xx_HAL_Driver/Inc -I../Drivers/STM32F4xx_HAL_Driver/Inc/Legacy -I../Drivers/CMSIS/Device/ST/STM32F4xx/Include -I../Drivers/CMSIS/Include -I../Drivers/DSP -I../Drivers/DSP/Include -I../Drivers/ADS8688/Inc -I../Drivers/TFT_Driver/Inc -I../Drivers/LCDandTOUCH/Inc -O0 -ffunction-sections -fdata-sections -Wall -fstack-usage -MMD -MP -MF"Core/Src/stm32f4xx_it.d" -MT"Core/Src/stm32f4xx_it.o" --specs=nano.specs -mfpu=fpv4-sp-d16 -mfloat-abi=hard -mthumb -o "Core/Src/stm32f4xx_it.o"
../Core/Src/stm32f4xx_it.c: In function 'TIM3_IRQHandler':
../Core/Src/stm32f4xx_it.c:341:4: warning: implicit declaration of function 'FinishCount' [-Wimplicit-function-declaration]
  341 |    FinishCount();
      |    ^~~~~~~~~~~
arm-none-eabi-gcc -o "BDS5_OSC.elf" @"objects.list"   -mcpu=cortex-m4 -T"D:\Work-Ele\A-KEIL\BDS5_OSC\STM32F407ZGTX_FLASH.ld" --specs=nosys.specs -Wl,-Map="BDS5_OSC.map" -Wl,--gc-sections -static "D:\Work-Ele\A-KEIL\BDS5_OSC\Drivers\DSP\libarm_cortexM4lf_math.a" --specs=nano.specs -mfpu=fpv4-sp-d16 -mfloat-abi=hard -mthumb -u _printf_float -u _scanf_float -Wl,--start-group -lc -lm -Wl,--end-group
гд???????????гд??????????? BDS5_OSC.elf
 
arm-none-eabi-objdump -h -S  BDS5_OSC.elf  > "BDS5_OSC.list"
arm-none-eabi-objcopy  -O binary  BDS5_OSC.elf  "BDS5_OSC.bin"
arm-none-eabi-size   BDS5_OSC.elf 
   text	   data	    bss	    dec	    hex	filename
  96580	   1992	  15120	 113692	  1bc1c	BDS5_OSC.elf
гд???????????гд????? default.size.stdout
 
гд???????????гд????? BDS5_OSC.bin
 
гд???????????гд????? BDS5_OSC.list
 

17:27:44 Build Finished. 0 errors, 1 warnings. (took 1s.575ms)

