10:32:38 **** Incremental Build of configuration Debug for project BDS7_AC ****
make -j8 all 
arm-none-eabi-size   BDS7_AC.elf 
   text	   data	    bss	    dec	    hex	filename
  44460	    512	   2792	  47764	   ba94	BDS7_AC.elf
гд???????????гд????? default.size.stdout
 
10:32:40 **** Incremental Build of configuration Debug for project BDS7_AC ****
make -j8 all 
arm-none-eabi-size   BDS7_AC.elf 
   text	   data	    bss	    dec	    hex	filename
  44460	    512	   2792	  47764	   ba94	BDS7_AC.elf
гд???????????гд????? default.size.stdout
 
