23:50:48 **** Incremental Build of configuration Debug for project BDS5_OSC ****
make -j8 all 
arm-none-eabi-gcc "../Drivers/STM32F4xx_HAL_Driver/Src/stm32f4xx_hal.c" -mcpu=cortex-m4 -std=gnu11 -g3 -DDEBUG -DUSE_HAL_DRIVER -DSTM32F407xx -DARM_MATH_CM4 -D__TARGET_FPU_VFP -c -I../Core/Inc -I../Drivers/STM32F4xx_HAL_Driver/Inc -I../Drivers/STM32F4xx_HAL_Driver/Inc/Legacy -I../Drivers/CMSIS/Device/ST/STM32F4xx/Include -I../Drivers/CMSIS/Include -I"D:/Work-Ele/A-KEIL/BDS5_OSC/Drivers/DSP" -I"D:/Work-Ele/A-KEIL/BDS5_OSC/Drivers/DSP/Include" -O0 -ffunction-sections -fdata-sections -Wall -fstack-usage -MMD -MP -MF"Drivers/STM32F4xx_HAL_Driver/Src/stm32f4xx_hal.d" -MT"Drivers/STM32F4xx_HAL_Driver/Src/stm32f4xx_hal.o" --specs=nano.specs -mfpu=fpv4-sp-d16 -mfloat-abi=hard -mthumb -o "Drivers/STM32F4xx_HAL_Driver/Src/stm32f4xx_hal.o"
arm-none-eabi-gcc "../Drivers/STM32F4xx_HAL_Driver/Src/stm32f4xx_hal_cortex.c" -mcpu=cortex-m4 -std=gnu11 -g3 -DDEBUG -DUSE_HAL_DRIVER -DSTM32F407xx -DARM_MATH_CM4 -D__TARGET_FPU_VFP -c -I../Core/Inc -I../Drivers/STM32F4xx_HAL_Driver/Inc -I../Drivers/STM32F4xx_HAL_Driver/Inc/Legacy -I../Drivers/CMSIS/Device/ST/STM32F4xx/Include -I../Drivers/CMSIS/Include -I"D:/Work-Ele/A-KEIL/BDS5_OSC/Drivers/DSP" -I"D:/Work-Ele/A-KEIL/BDS5_OSC/Drivers/DSP/Include" -O0 -ffunction-sections -fdata-sections -Wall -fstack-usage -MMD -MP -MF"Drivers/STM32F4xx_HAL_Driver/Src/stm32f4xx_hal_cortex.d" -MT"Drivers/STM32F4xx_HAL_Driver/Src/stm32f4xx_hal_cortex.o" --specs=nano.specs -mfpu=fpv4-sp-d16 -mfloat-abi=hard -mthumb -o "Drivers/STM32F4xx_HAL_Driver/Src/stm32f4xx_hal_cortex.o"
arm-none-eabi-gcc "../Drivers/STM32F4xx_HAL_Driver/Src/stm32f4xx_hal_dma.c" -mcpu=cortex-m4 -std=gnu11 -g3 -DDEBUG -DUSE_HAL_DRIVER -DSTM32F407xx -DARM_MATH_CM4 -D__TARGET_FPU_VFP -c -I../Core/Inc -I../Drivers/STM32F4xx_HAL_Driver/Inc -I../Drivers/STM32F4xx_HAL_Driver/Inc/Legacy -I../Drivers/CMSIS/Device/ST/STM32F4xx/Include -I../Drivers/CMSIS/Include -I"D:/Work-Ele/A-KEIL/BDS5_OSC/Drivers/DSP" -I"D:/Work-Ele/A-KEIL/BDS5_OSC/Drivers/DSP/Include" -O0 -ffunction-sections -fdata-sections -Wall -fstack-usage -MMD -MP -MF"Drivers/STM32F4xx_HAL_Driver/Src/stm32f4xx_hal_dma.d" -MT"Drivers/STM32F4xx_HAL_Driver/Src/stm32f4xx_hal_dma.o" --specs=nano.specs -mfpu=fpv4-sp-d16 -mfloat-abi=hard -mthumb -o "Drivers/STM32F4xx_HAL_Driver/Src/stm32f4xx_hal_dma.o"
arm-none-eabi-gcc "../Drivers/STM32F4xx_HAL_Driver/Src/stm32f4xx_hal_dma_ex.c" -mcpu=cortex-m4 -std=gnu11 -g3 -DDEBUG -DUSE_HAL_DRIVER -DSTM32F407xx -DARM_MATH_CM4 -D__TARGET_FPU_VFP -c -I../Core/Inc -I../Drivers/STM32F4xx_HAL_Driver/Inc -I../Drivers/STM32F4xx_HAL_Driver/Inc/Legacy -I../Drivers/CMSIS/Device/ST/STM32F4xx/Include -I../Drivers/CMSIS/Include -I"D:/Work-Ele/A-KEIL/BDS5_OSC/Drivers/DSP" -I"D:/Work-Ele/A-KEIL/BDS5_OSC/Drivers/DSP/Include" -O0 -ffunction-sections -fdata-sections -Wall -fstack-usage -MMD -MP -MF"Drivers/STM32F4xx_HAL_Driver/Src/stm32f4xx_hal_dma_ex.d" -MT"Drivers/STM32F4xx_HAL_Driver/Src/stm32f4xx_hal_dma_ex.o" --specs=nano.specs -mfpu=fpv4-sp-d16 -mfloat-abi=hard -mthumb -o "Drivers/STM32F4xx_HAL_Driver/Src/stm32f4xx_hal_dma_ex.o"
arm-none-eabi-gcc "../Drivers/STM32F4xx_HAL_Driver/Src/stm32f4xx_hal_exti.c" -mcpu=cortex-m4 -std=gnu11 -g3 -DDEBUG -DUSE_HAL_DRIVER -DSTM32F407xx -DARM_MATH_CM4 -D__TARGET_FPU_VFP -c -I../Core/Inc -I../Drivers/STM32F4xx_HAL_Driver/Inc -I../Drivers/STM32F4xx_HAL_Driver/Inc/Legacy -I../Drivers/CMSIS/Device/ST/STM32F4xx/Include -I../Drivers/CMSIS/Include -I"D:/Work-Ele/A-KEIL/BDS5_OSC/Drivers/DSP" -I"D:/Work-Ele/A-KEIL/BDS5_OSC/Drivers/DSP/Include" -O0 -ffunction-sections -fdata-sections -Wall -fstack-usage -MMD -MP -MF"Drivers/STM32F4xx_HAL_Driver/Src/stm32f4xx_hal_exti.d" -MT"Drivers/STM32F4xx_HAL_Driver/Src/stm32f4xx_hal_exti.o" --specs=nano.specs -mfpu=fpv4-sp-d16 -mfloat-abi=hard -mthumb -o "Drivers/STM32F4xx_HAL_Driver/Src/stm32f4xx_hal_exti.o"
arm-none-eabi-gcc "../Drivers/STM32F4xx_HAL_Driver/Src/stm32f4xx_hal_flash.c" -mcpu=cortex-m4 -std=gnu11 -g3 -DDEBUG -DUSE_HAL_DRIVER -DSTM32F407xx -DARM_MATH_CM4 -D__TARGET_FPU_VFP -c -I../Core/Inc -I../Drivers/STM32F4xx_HAL_Driver/Inc -I../Drivers/STM32F4xx_HAL_Driver/Inc/Legacy -I../Drivers/CMSIS/Device/ST/STM32F4xx/Include -I../Drivers/CMSIS/Include -I"D:/Work-Ele/A-KEIL/BDS5_OSC/Drivers/DSP" -I"D:/Work-Ele/A-KEIL/BDS5_OSC/Drivers/DSP/Include" -O0 -ffunction-sections -fdata-sections -Wall -fstack-usage -MMD -MP -MF"Drivers/STM32F4xx_HAL_Driver/Src/stm32f4xx_hal_flash.d" -MT"Drivers/STM32F4xx_HAL_Driver/Src/stm32f4xx_hal_flash.o" --specs=nano.specs -mfpu=fpv4-sp-d16 -mfloat-abi=hard -mthumb -o "Drivers/STM32F4xx_HAL_Driver/Src/stm32f4xx_hal_flash.o"
arm-none-eabi-gcc "../Drivers/STM32F4xx_HAL_Driver/Src/stm32f4xx_hal_flash_ex.c" -mcpu=cortex-m4 -std=gnu11 -g3 -DDEBUG -DUSE_HAL_DRIVER -DSTM32F407xx -DARM_MATH_CM4 -D__TARGET_FPU_VFP -c -I../Core/Inc -I../Drivers/STM32F4xx_HAL_Driver/Inc -I../Drivers/STM32F4xx_HAL_Driver/Inc/Legacy -I../Drivers/CMSIS/Device/ST/STM32F4xx/Include -I../Drivers/CMSIS/Include -I"D:/Work-Ele/A-KEIL/BDS5_OSC/Drivers/DSP" -I"D:/Work-Ele/A-KEIL/BDS5_OSC/Drivers/DSP/Include" -O0 -ffunction-sections -fdata-sections -Wall -fstack-usage -MMD -MP -MF"Drivers/STM32F4xx_HAL_Driver/Src/stm32f4xx_hal_flash_ex.d" -MT"Drivers/STM32F4xx_HAL_Driver/Src/stm32f4xx_hal_flash_ex.o" --specs=nano.specs -mfpu=fpv4-sp-d16 -mfloat-abi=hard -mthumb -o "Drivers/STM32F4xx_HAL_Driver/Src/stm32f4xx_hal_flash_ex.o"
arm-none-eabi-gcc "../Drivers/STM32F4xx_HAL_Driver/Src/stm32f4xx_hal_flash_ramfunc.c" -mcpu=cortex-m4 -std=gnu11 -g3 -DDEBUG -DUSE_HAL_DRIVER -DSTM32F407xx -DARM_MATH_CM4 -D__TARGET_FPU_VFP -c -I../Core/Inc -I../Drivers/STM32F4xx_HAL_Driver/Inc -I../Drivers/STM32F4xx_HAL_Driver/Inc/Legacy -I../Drivers/CMSIS/Device/ST/STM32F4xx/Include -I../Drivers/CMSIS/Include -I"D:/Work-Ele/A-KEIL/BDS5_OSC/Drivers/DSP" -I"D:/Work-Ele/A-KEIL/BDS5_OSC/Drivers/DSP/Include" -O0 -ffunction-sections -fdata-sections -Wall -fstack-usage -MMD -MP -MF"Drivers/STM32F4xx_HAL_Driver/Src/stm32f4xx_hal_flash_ramfunc.d" -MT"Drivers/STM32F4xx_HAL_Driver/Src/stm32f4xx_hal_flash_ramfunc.o" --specs=nano.specs -mfpu=fpv4-sp-d16 -mfloat-abi=hard -mthumb -o "Drivers/STM32F4xx_HAL_Driver/Src/stm32f4xx_hal_flash_ramfunc.o"
arm-none-eabi-gcc "../Drivers/STM32F4xx_HAL_Driver/Src/stm32f4xx_hal_gpio.c" -mcpu=cortex-m4 -std=gnu11 -g3 -DDEBUG -DUSE_HAL_DRIVER -DSTM32F407xx -DARM_MATH_CM4 -D__TARGET_FPU_VFP -c -I../Core/Inc -I../Drivers/STM32F4xx_HAL_Driver/Inc -I../Drivers/STM32F4xx_HAL_Driver/Inc/Legacy -I../Drivers/CMSIS/Device/ST/STM32F4xx/Include -I../Drivers/CMSIS/Include -I"D:/Work-Ele/A-KEIL/BDS5_OSC/Drivers/DSP" -I"D:/Work-Ele/A-KEIL/BDS5_OSC/Drivers/DSP/Include" -O0 -ffunction-sections -fdata-sections -Wall -fstack-usage -MMD -MP -MF"Drivers/STM32F4xx_HAL_Driver/Src/stm32f4xx_hal_gpio.d" -MT"Drivers/STM32F4xx_HAL_Driver/Src/stm32f4xx_hal_gpio.o" --specs=nano.specs -mfpu=fpv4-sp-d16 -mfloat-abi=hard -mthumb -o "Drivers/STM32F4xx_HAL_Driver/Src/stm32f4xx_hal_gpio.o"
arm-none-eabi-gcc "../Drivers/STM32F4xx_HAL_Driver/Src/stm32f4xx_hal_pwr.c" -mcpu=cortex-m4 -std=gnu11 -g3 -DDEBUG -DUSE_HAL_DRIVER -DSTM32F407xx -DARM_MATH_CM4 -D__TARGET_FPU_VFP -c -I../Core/Inc -I../Drivers/STM32F4xx_HAL_Driver/Inc -I../Drivers/STM32F4xx_HAL_Driver/Inc/Legacy -I../Drivers/CMSIS/Device/ST/STM32F4xx/Include -I../Drivers/CMSIS/Include -I"D:/Work-Ele/A-KEIL/BDS5_OSC/Drivers/DSP" -I"D:/Work-Ele/A-KEIL/BDS5_OSC/Drivers/DSP/Include" -O0 -ffunction-sections -fdata-sections -Wall -fstack-usage -MMD -MP -MF"Drivers/STM32F4xx_HAL_Driver/Src/stm32f4xx_hal_pwr.d" -MT"Drivers/STM32F4xx_HAL_Driver/Src/stm32f4xx_hal_pwr.o" --specs=nano.specs -mfpu=fpv4-sp-d16 -mfloat-abi=hard -mthumb -o "Drivers/STM32F4xx_HAL_Driver/Src/stm32f4xx_hal_pwr.o"
arm-none-eabi-gcc "../Drivers/STM32F4xx_HAL_Driver/Src/stm32f4xx_hal_pwr_ex.c" -mcpu=cortex-m4 -std=gnu11 -g3 -DDEBUG -DUSE_HAL_DRIVER -DSTM32F407xx -DARM_MATH_CM4 -D__TARGET_FPU_VFP -c -I../Core/Inc -I../Drivers/STM32F4xx_HAL_Driver/Inc -I../Drivers/STM32F4xx_HAL_Driver/Inc/Legacy -I../Drivers/CMSIS/Device/ST/STM32F4xx/Include -I../Drivers/CMSIS/Include -I"D:/Work-Ele/A-KEIL/BDS5_OSC/Drivers/DSP" -I"D:/Work-Ele/A-KEIL/BDS5_OSC/Drivers/DSP/Include" -O0 -ffunction-sections -fdata-sections -Wall -fstack-usage -MMD -MP -MF"Drivers/STM32F4xx_HAL_Driver/Src/stm32f4xx_hal_pwr_ex.d" -MT"Drivers/STM32F4xx_HAL_Driver/Src/stm32f4xx_hal_pwr_ex.o" --specs=nano.specs -mfpu=fpv4-sp-d16 -mfloat-abi=hard -mthumb -o "Drivers/STM32F4xx_HAL_Driver/Src/stm32f4xx_hal_pwr_ex.o"
arm-none-eabi-gcc "../Drivers/STM32F4xx_HAL_Driver/Src/stm32f4xx_hal_rcc.c" -mcpu=cortex-m4 -std=gnu11 -g3 -DDEBUG -DUSE_HAL_DRIVER -DSTM32F407xx -DARM_MATH_CM4 -D__TARGET_FPU_VFP -c -I../Core/Inc -I../Drivers/STM32F4xx_HAL_Driver/Inc -I../Drivers/STM32F4xx_HAL_Driver/Inc/Legacy -I../Drivers/CMSIS/Device/ST/STM32F4xx/Include -I../Drivers/CMSIS/Include -I"D:/Work-Ele/A-KEIL/BDS5_OSC/Drivers/DSP" -I"D:/Work-Ele/A-KEIL/BDS5_OSC/Drivers/DSP/Include" -O0 -ffunction-sections -fdata-sections -Wall -fstack-usage -MMD -MP -MF"Drivers/STM32F4xx_HAL_Driver/Src/stm32f4xx_hal_rcc.d" -MT"Drivers/STM32F4xx_HAL_Driver/Src/stm32f4xx_hal_rcc.o" --specs=nano.specs -mfpu=fpv4-sp-d16 -mfloat-abi=hard -mthumb -o "Drivers/STM32F4xx_HAL_Driver/Src/stm32f4xx_hal_rcc.o"
arm-none-eabi-gcc "../Drivers/STM32F4xx_HAL_Driver/Src/stm32f4xx_hal_rcc_ex.c" -mcpu=cortex-m4 -std=gnu11 -g3 -DDEBUG -DUSE_HAL_DRIVER -DSTM32F407xx -DARM_MATH_CM4 -D__TARGET_FPU_VFP -c -I../Core/Inc -I../Drivers/STM32F4xx_HAL_Driver/Inc -I../Drivers/STM32F4xx_HAL_Driver/Inc/Legacy -I../Drivers/CMSIS/Device/ST/STM32F4xx/Include -I../Drivers/CMSIS/Include -I"D:/Work-Ele/A-KEIL/BDS5_OSC/Drivers/DSP" -I"D:/Work-Ele/A-KEIL/BDS5_OSC/Drivers/DSP/Include" -O0 -ffunction-sections -fdata-sections -Wall -fstack-usage -MMD -MP -MF"Drivers/STM32F4xx_HAL_Driver/Src/stm32f4xx_hal_rcc_ex.d" -MT"Drivers/STM32F4xx_HAL_Driver/Src/stm32f4xx_hal_rcc_ex.o" --specs=nano.specs -mfpu=fpv4-sp-d16 -mfloat-abi=hard -mthumb -o "Drivers/STM32F4xx_HAL_Driver/Src/stm32f4xx_hal_rcc_ex.o"
arm-none-eabi-gcc "../Drivers/STM32F4xx_HAL_Driver/Src/stm32f4xx_hal_spi.c" -mcpu=cortex-m4 -std=gnu11 -g3 -DDEBUG -DUSE_HAL_DRIVER -DSTM32F407xx -DARM_MATH_CM4 -D__TARGET_FPU_VFP -c -I../Core/Inc -I../Drivers/STM32F4xx_HAL_Driver/Inc -I../Drivers/STM32F4xx_HAL_Driver/Inc/Legacy -I../Drivers/CMSIS/Device/ST/STM32F4xx/Include -I../Drivers/CMSIS/Include -I"D:/Work-Ele/A-KEIL/BDS5_OSC/Drivers/DSP" -I"D:/Work-Ele/A-KEIL/BDS5_OSC/Drivers/DSP/Include" -O0 -ffunction-sections -fdata-sections -Wall -fstack-usage -MMD -MP -MF"Drivers/STM32F4xx_HAL_Driver/Src/stm32f4xx_hal_spi.d" -MT"Drivers/STM32F4xx_HAL_Driver/Src/stm32f4xx_hal_spi.o" --specs=nano.specs -mfpu=fpv4-sp-d16 -mfloat-abi=hard -mthumb -o "Drivers/STM32F4xx_HAL_Driver/Src/stm32f4xx_hal_spi.o"
arm-none-eabi-gcc "../Drivers/STM32F4xx_HAL_Driver/Src/stm32f4xx_hal_sram.c" -mcpu=cortex-m4 -std=gnu11 -g3 -DDEBUG -DUSE_HAL_DRIVER -DSTM32F407xx -DARM_MATH_CM4 -D__TARGET_FPU_VFP -c -I../Core/Inc -I../Drivers/STM32F4xx_HAL_Driver/Inc -I../Drivers/STM32F4xx_HAL_Driver/Inc/Legacy -I../Drivers/CMSIS/Device/ST/STM32F4xx/Include -I../Drivers/CMSIS/Include -I"D:/Work-Ele/A-KEIL/BDS5_OSC/Drivers/DSP" -I"D:/Work-Ele/A-KEIL/BDS5_OSC/Drivers/DSP/Include" -O0 -ffunction-sections -fdata-sections -Wall -fstack-usage -MMD -MP -MF"Drivers/STM32F4xx_HAL_Driver/Src/stm32f4xx_hal_sram.d" -MT"Drivers/STM32F4xx_HAL_Driver/Src/stm32f4xx_hal_sram.o" --specs=nano.specs -mfpu=fpv4-sp-d16 -mfloat-abi=hard -mthumb -o "Drivers/STM32F4xx_HAL_Driver/Src/stm32f4xx_hal_sram.o"
arm-none-eabi-gcc "../Drivers/STM32F4xx_HAL_Driver/Src/stm32f4xx_hal_tim.c" -mcpu=cortex-m4 -std=gnu11 -g3 -DDEBUG -DUSE_HAL_DRIVER -DSTM32F407xx -DARM_MATH_CM4 -D__TARGET_FPU_VFP -c -I../Core/Inc -I../Drivers/STM32F4xx_HAL_Driver/Inc -I../Drivers/STM32F4xx_HAL_Driver/Inc/Legacy -I../Drivers/CMSIS/Device/ST/STM32F4xx/Include -I../Drivers/CMSIS/Include -I"D:/Work-Ele/A-KEIL/BDS5_OSC/Drivers/DSP" -I"D:/Work-Ele/A-KEIL/BDS5_OSC/Drivers/DSP/Include" -O0 -ffunction-sections -fdata-sections -Wall -fstack-usage -MMD -MP -MF"Drivers/STM32F4xx_HAL_Driver/Src/stm32f4xx_hal_tim.d" -MT"Drivers/STM32F4xx_HAL_Driver/Src/stm32f4xx_hal_tim.o" --specs=nano.specs -mfpu=fpv4-sp-d16 -mfloat-abi=hard -mthumb -o "Drivers/STM32F4xx_HAL_Driver/Src/stm32f4xx_hal_tim.o"
arm-none-eabi-gcc "../Drivers/STM32F4xx_HAL_Driver/Src/stm32f4xx_hal_tim_ex.c" -mcpu=cortex-m4 -std=gnu11 -g3 -DDEBUG -DUSE_HAL_DRIVER -DSTM32F407xx -DARM_MATH_CM4 -D__TARGET_FPU_VFP -c -I../Core/Inc -I../Drivers/STM32F4xx_HAL_Driver/Inc -I../Drivers/STM32F4xx_HAL_Driver/Inc/Legacy -I../Drivers/CMSIS/Device/ST/STM32F4xx/Include -I../Drivers/CMSIS/Include -I"D:/Work-Ele/A-KEIL/BDS5_OSC/Drivers/DSP" -I"D:/Work-Ele/A-KEIL/BDS5_OSC/Drivers/DSP/Include" -O0 -ffunction-sections -fdata-sections -Wall -fstack-usage -MMD -MP -MF"Drivers/STM32F4xx_HAL_Driver/Src/stm32f4xx_hal_tim_ex.d" -MT"Drivers/STM32F4xx_HAL_Driver/Src/stm32f4xx_hal_tim_ex.o" --specs=nano.specs -mfpu=fpv4-sp-d16 -mfloat-abi=hard -mthumb -o "Drivers/STM32F4xx_HAL_Driver/Src/stm32f4xx_hal_tim_ex.o"
arm-none-eabi-gcc "../Drivers/STM32F4xx_HAL_Driver/Src/stm32f4xx_hal_uart.c" -mcpu=cortex-m4 -std=gnu11 -g3 -DDEBUG -DUSE_HAL_DRIVER -DSTM32F407xx -DARM_MATH_CM4 -D__TARGET_FPU_VFP -c -I../Core/Inc -I../Drivers/STM32F4xx_HAL_Driver/Inc -I../Drivers/STM32F4xx_HAL_Driver/Inc/Legacy -I../Drivers/CMSIS/Device/ST/STM32F4xx/Include -I../Drivers/CMSIS/Include -I"D:/Work-Ele/A-KEIL/BDS5_OSC/Drivers/DSP" -I"D:/Work-Ele/A-KEIL/BDS5_OSC/Drivers/DSP/Include" -O0 -ffunction-sections -fdata-sections -Wall -fstack-usage -MMD -MP -MF"Drivers/STM32F4xx_HAL_Driver/Src/stm32f4xx_hal_uart.d" -MT"Drivers/STM32F4xx_HAL_Driver/Src/stm32f4xx_hal_uart.o" --specs=nano.specs -mfpu=fpv4-sp-d16 -mfloat-abi=hard -mthumb -o "Drivers/STM32F4xx_HAL_Driver/Src/stm32f4xx_hal_uart.o"
arm-none-eabi-gcc "../Drivers/STM32F4xx_HAL_Driver/Src/stm32f4xx_ll_fsmc.c" -mcpu=cortex-m4 -std=gnu11 -g3 -DDEBUG -DUSE_HAL_DRIVER -DSTM32F407xx -DARM_MATH_CM4 -D__TARGET_FPU_VFP -c -I../Core/Inc -I../Drivers/STM32F4xx_HAL_Driver/Inc -I../Drivers/STM32F4xx_HAL_Driver/Inc/Legacy -I../Drivers/CMSIS/Device/ST/STM32F4xx/Include -I../Drivers/CMSIS/Include -I"D:/Work-Ele/A-KEIL/BDS5_OSC/Drivers/DSP" -I"D:/Work-Ele/A-KEIL/BDS5_OSC/Drivers/DSP/Include" -O0 -ffunction-sections -fdata-sections -Wall -fstack-usage -MMD -MP -MF"Drivers/STM32F4xx_HAL_Driver/Src/stm32f4xx_ll_fsmc.d" -MT"Drivers/STM32F4xx_HAL_Driver/Src/stm32f4xx_ll_fsmc.o" --specs=nano.specs -mfpu=fpv4-sp-d16 -mfloat-abi=hard -mthumb -o "Drivers/STM32F4xx_HAL_Driver/Src/stm32f4xx_ll_fsmc.o"
arm-none-eabi-gcc "../Core/Src/ADS8688.c" -mcpu=cortex-m4 -std=gnu11 -g3 -DDEBUG -DUSE_HAL_DRIVER -DSTM32F407xx -DARM_MATH_CM4 -D__TARGET_FPU_VFP -c -I../Core/Inc -I../Drivers/STM32F4xx_HAL_Driver/Inc -I../Drivers/STM32F4xx_HAL_Driver/Inc/Legacy -I../Drivers/CMSIS/Device/ST/STM32F4xx/Include -I../Drivers/CMSIS/Include -I"D:/Work-Ele/A-KEIL/BDS5_OSC/Drivers/DSP" -I"D:/Work-Ele/A-KEIL/BDS5_OSC/Drivers/DSP/Include" -O0 -ffunction-sections -fdata-sections -Wall -fstack-usage -MMD -MP -MF"Core/Src/ADS8688.d" -MT"Core/Src/ADS8688.o" --specs=nano.specs -mfpu=fpv4-sp-d16 -mfloat-abi=hard -mthumb -o "Core/Src/ADS8688.o"
arm-none-eabi-gcc "../Core/Src/fsmc.c" -mcpu=cortex-m4 -std=gnu11 -g3 -DDEBUG -DUSE_HAL_DRIVER -DSTM32F407xx -DARM_MATH_CM4 -D__TARGET_FPU_VFP -c -I../Core/Inc -I../Drivers/STM32F4xx_HAL_Driver/Inc -I../Drivers/STM32F4xx_HAL_Driver/Inc/Legacy -I../Drivers/CMSIS/Device/ST/STM32F4xx/Include -I../Drivers/CMSIS/Include -I"D:/Work-Ele/A-KEIL/BDS5_OSC/Drivers/DSP" -I"D:/Work-Ele/A-KEIL/BDS5_OSC/Drivers/DSP/Include" -O0 -ffunction-sections -fdata-sections -Wall -fstack-usage -MMD -MP -MF"Core/Src/fsmc.d" -MT"Core/Src/fsmc.o" --specs=nano.specs -mfpu=fpv4-sp-d16 -mfloat-abi=hard -mthumb -o "Core/Src/fsmc.o"
arm-none-eabi-gcc "../Core/Src/gpio.c" -mcpu=cortex-m4 -std=gnu11 -g3 -DDEBUG -DUSE_HAL_DRIVER -DSTM32F407xx -DARM_MATH_CM4 -D__TARGET_FPU_VFP -c -I../Core/Inc -I../Drivers/STM32F4xx_HAL_Driver/Inc -I../Drivers/STM32F4xx_HAL_Driver/Inc/Legacy -I../Drivers/CMSIS/Device/ST/STM32F4xx/Include -I../Drivers/CMSIS/Include -I"D:/Work-Ele/A-KEIL/BDS5_OSC/Drivers/DSP" -I"D:/Work-Ele/A-KEIL/BDS5_OSC/Drivers/DSP/Include" -O0 -ffunction-sections -fdata-sections -Wall -fstack-usage -MMD -MP -MF"Core/Src/gpio.d" -MT"Core/Src/gpio.o" --specs=nano.specs -mfpu=fpv4-sp-d16 -mfloat-abi=hard -mthumb -o "Core/Src/gpio.o"
arm-none-eabi-gcc "../Core/Src/lcd.c" -mcpu=cortex-m4 -std=gnu11 -g3 -DDEBUG -DUSE_HAL_DRIVER -DSTM32F407xx -DARM_MATH_CM4 -D__TARGET_FPU_VFP -c -I../Core/Inc -I../Drivers/STM32F4xx_HAL_Driver/Inc -I../Drivers/STM32F4xx_HAL_Driver/Inc/Legacy -I../Drivers/CMSIS/Device/ST/STM32F4xx/Include -I../Drivers/CMSIS/Include -I"D:/Work-Ele/A-KEIL/BDS5_OSC/Drivers/DSP" -I"D:/Work-Ele/A-KEIL/BDS5_OSC/Drivers/DSP/Include" -O0 -ffunction-sections -fdata-sections -Wall -fstack-usage -MMD -MP -MF"Core/Src/lcd.d" -MT"Core/Src/lcd.o" --specs=nano.specs -mfpu=fpv4-sp-d16 -mfloat-abi=hard -mthumb -o "Core/Src/lcd.o"
arm-none-eabi-gcc "../Core/Src/main.c" -mcpu=cortex-m4 -std=gnu11 -g3 -DDEBUG -DUSE_HAL_DRIVER -DSTM32F407xx -DARM_MATH_CM4 -D__TARGET_FPU_VFP -c -I../Core/Inc -I../Drivers/STM32F4xx_HAL_Driver/Inc -I../Drivers/STM32F4xx_HAL_Driver/Inc/Legacy -I../Drivers/CMSIS/Device/ST/STM32F4xx/Include -I../Drivers/CMSIS/Include -I"D:/Work-Ele/A-KEIL/BDS5_OSC/Drivers/DSP" -I"D:/Work-Ele/A-KEIL/BDS5_OSC/Drivers/DSP/Include" -O0 -ffunction-sections -fdata-sections -Wall -fstack-usage -MMD -MP -MF"Core/Src/main.d" -MT"Core/Src/main.o" --specs=nano.specs -mfpu=fpv4-sp-d16 -mfloat-abi=hard -mthumb -o "Core/Src/main.o"
arm-none-eabi-gcc "../Core/Src/spi.c" -mcpu=cortex-m4 -std=gnu11 -g3 -DDEBUG -DUSE_HAL_DRIVER -DSTM32F407xx -DARM_MATH_CM4 -D__TARGET_FPU_VFP -c -I../Core/Inc -I../Drivers/STM32F4xx_HAL_Driver/Inc -I../Drivers/STM32F4xx_HAL_Driver/Inc/Legacy -I../Drivers/CMSIS/Device/ST/STM32F4xx/Include -I../Drivers/CMSIS/Include -I"D:/Work-Ele/A-KEIL/BDS5_OSC/Drivers/DSP" -I"D:/Work-Ele/A-KEIL/BDS5_OSC/Drivers/DSP/Include" -O0 -ffunction-sections -fdata-sections -Wall -fstack-usage -MMD -MP -MF"Core/Src/spi.d" -MT"Core/Src/spi.o" --specs=nano.specs -mfpu=fpv4-sp-d16 -mfloat-abi=hard -mthumb -o "Core/Src/spi.o"
arm-none-eabi-gcc "../Core/Src/stm32f4xx_hal_msp.c" -mcpu=cortex-m4 -std=gnu11 -g3 -DDEBUG -DUSE_HAL_DRIVER -DSTM32F407xx -DARM_MATH_CM4 -D__TARGET_FPU_VFP -c -I../Core/Inc -I../Drivers/STM32F4xx_HAL_Driver/Inc -I../Drivers/STM32F4xx_HAL_Driver/Inc/Legacy -I../Drivers/CMSIS/Device/ST/STM32F4xx/Include -I../Drivers/CMSIS/Include -I"D:/Work-Ele/A-KEIL/BDS5_OSC/Drivers/DSP" -I"D:/Work-Ele/A-KEIL/BDS5_OSC/Drivers/DSP/Include" -O0 -ffunction-sections -fdata-sections -Wall -fstack-usage -MMD -MP -MF"Core/Src/stm32f4xx_hal_msp.d" -MT"Core/Src/stm32f4xx_hal_msp.o" --specs=nano.specs -mfpu=fpv4-sp-d16 -mfloat-abi=hard -mthumb -o "Core/Src/stm32f4xx_hal_msp.o"
arm-none-eabi-gcc "../Core/Src/stm32f4xx_it.c" -mcpu=cortex-m4 -std=gnu11 -g3 -DDEBUG -DUSE_HAL_DRIVER -DSTM32F407xx -DARM_MATH_CM4 -D__TARGET_FPU_VFP -c -I../Core/Inc -I../Drivers/STM32F4xx_HAL_Driver/Inc -I../Drivers/STM32F4xx_HAL_Driver/Inc/Legacy -I../Drivers/CMSIS/Device/ST/STM32F4xx/Include -I../Drivers/CMSIS/Include -I"D:/Work-Ele/A-KEIL/BDS5_OSC/Drivers/DSP" -I"D:/Work-Ele/A-KEIL/BDS5_OSC/Drivers/DSP/Include" -O0 -ffunction-sections -fdata-sections -Wall -fstack-usage -MMD -MP -MF"Core/Src/stm32f4xx_it.d" -MT"Core/Src/stm32f4xx_it.o" --specs=nano.specs -mfpu=fpv4-sp-d16 -mfloat-abi=hard -mthumb -o "Core/Src/stm32f4xx_it.o"
../Core/Src/lcd.c: In function 'IIC_Start':
../Core/Src/lcd.c:39:2: warning: implicit declaration of function 'delay_us' [-Wimplicit-function-declaration]
arm-none-eabi-gcc "../Core/Src/system_stm32f4xx.c" -mcpu=cortex-m4 -std=gnu11 -g3 -DDEBUG -DUSE_HAL_DRIVER -DSTM32F407xx -DARM_MATH_CM4 -D__TARGET_FPU_VFP -c -I../Core/Inc -I../Drivers/STM32F4xx_HAL_Driver/Inc -I../Drivers/STM32F4xx_HAL_Driver/Inc/Legacy -I../Drivers/CMSIS/Device/ST/STM32F4xx/Include -I../Drivers/CMSIS/Include -I"D:/Work-Ele/A-KEIL/BDS5_OSC/Drivers/DSP" -I"D:/Work-Ele/A-KEIL/BDS5_OSC/Drivers/DSP/Include" -O0 -ffunction-sections -fdata-sections -Wall -fstack-usage -MMD -MP -MF"Core/Src/system_stm32f4xx.d" -MT"Core/Src/system_stm32f4xx.o" --specs=nano.specs -mfpu=fpv4-sp-d16 -mfloat-abi=hard -mthumb -o "Core/Src/system_stm32f4xx.o"
   39 |  delay_us(4);
      |  ^~~~~~~~
../Core/Src/lcd.c: At top level:
../Core/Src/lcd.c:272:2: warning: missing braces around initializer [-Wmissing-braces]
  272 |  {
      |  ^
......
  276 |   0,
      |   {
......
  280 |   0,
      |    }
  281 |   0,
      |   {
......
  284 | };
      | }
../Core/Src/lcd.c:533:31: warning: pointer targets in initialization of 'u8 * const' {aka 'unsigned char * const'} from 'char *' differ in signedness [-Wpointer-sign]
  533 | u8 *const TP_REMIND_MSG_TBL = "Please use the stylus click the cross on the screen.The cross will always move until the screen adjustment is completed.";
      |                               ^~~~~~~~~~~~~~~~~~~~~~~~~~~~~~~~~~~~~~~~~~~~~~~~~~~~~~~~~~~~~~~~~~~~~~~~~~~~~~~~~~~~~~~~~~~~~~~~~~~~~~~~~~~~~~~~~~~~~~~~~~
../Core/Src/lcd.c: In function 'TP_Adj_Info_Show':
../Core/Src/lcd.c:539:59: warning: pointer targets in passing argument 6 of 'LCD_ShowString' differ in signedness [-Wpointer-sign]
  539 |  LCD_ShowString(40, 160, lcddev.width, lcddev.height, 16, "x1:");
      |                                                           ^~~~~
      |                                                           |
      |                                                           char *
In file included from ../Core/Src/lcd.c:9:
../Core/Inc/lcd.h:212:96: note: expected 'uint8_t *' {aka 'unsigned char *'} but argument is of type 'char *'
arm-none-eabi-gcc "../Core/Src/tim.c" -mcpu=cortex-m4 -std=gnu11 -g3 -DDEBUG -DUSE_HAL_DRIVER -DSTM32F407xx -DARM_MATH_CM4 -D__TARGET_FPU_VFP -c -I../Core/Inc -I../Drivers/STM32F4xx_HAL_Driver/Inc -I../Drivers/STM32F4xx_HAL_Driver/Inc/Legacy -I../Drivers/CMSIS/Device/ST/STM32F4xx/Include -I../Drivers/CMSIS/Include -I"D:/Work-Ele/A-KEIL/BDS5_OSC/Drivers/DSP" -I"D:/Work-Ele/A-KEIL/BDS5_OSC/Drivers/DSP/Include" -O0 -ffunction-sections -fdata-sections -Wall -fstack-usage -MMD -MP -MF"Core/Src/tim.d" -MT"Core/Src/tim.o" --specs=nano.specs -mfpu=fpv4-sp-d16 -mfloat-abi=hard -mthumb -o "Core/Src/tim.o"
  212 | void LCD_ShowString(uint16_t x,uint16_t y,uint16_t width,uint16_t height,uint8_t size,uint8_t *p);  //æ˜¾ç¤ºä¸?ä¸ªå­—ç¬¦ä¸²,12/16å­—ä½“
      |                                                                                       ~~~~~~~~~^
../Core/Src/lcd.c:540:64: warning: pointer targets in passing argument 6 of 'LCD_ShowString' differ in signedness [-Wpointer-sign]
  540 |  LCD_ShowString(40 + 80, 160, lcddev.width, lcddev.height, 16, "y1:");
      |                                                                ^~~~~
      |                                                                |
      |                                                                char *
In file included from ../Core/Src/lcd.c:9:
../Core/Inc/lcd.h:212:96: note: expected 'uint8_t *' {aka 'unsigned char *'} but argument is of type 'char *'
  212 | void LCD_ShowString(uint16_t x,uint16_t y,uint16_t width,uint16_t height,uint8_t size,uint8_t *p);  //æ˜¾ç¤ºä¸?ä¸ªå­—ç¬¦ä¸²,12/16å­—ä½“
      |                                                                                       ~~~~~~~~~^
../Core/Src/lcd.c:541:59: warning: pointer targets in passing argument 6 of 'LCD_ShowString' differ in signedness [-Wpointer-sign]
  541 |  LCD_ShowString(40, 180, lcddev.width, lcddev.height, 16, "x2:");
      |                                                           ^~~~~
      |                                                           |
      |                                                           char *
In file included from ../Core/Src/lcd.c:9:
../Core/Inc/lcd.h:212:96: note: expected 'uint8_t *' {aka 'unsigned char *'} but argument is of type 'char *'
  212 | void LCD_ShowString(uint16_t x,uint16_t y,uint16_t width,uint16_t height,uint8_t size,uint8_t *p);  //æ˜¾ç¤ºä¸?ä¸ªå­—ç¬¦ä¸²,12/16å­—ä½“
      |                                                                                       ~~~~~~~~~^
../Core/Src/lcd.c:542:64: warning: pointer targets in passing argument 6 of 'LCD_ShowString' differ in signedness [-Wpointer-sign]
  542 |  LCD_ShowString(40 + 80, 180, lcddev.width, lcddev.height, 16, "y2:");
      |                                                                ^~~~~
      |                                                                |
      |                                                                char *
In file included from ../Core/Src/lcd.c:9:
../Core/Inc/lcd.h:212:96: note: expected 'uint8_t *' {aka 'unsigned char *'} but argument is of type 'char *'
  212 | void LCD_ShowString(uint16_t x,uint16_t y,uint16_t width,uint16_t height,uint8_t size,uint8_t *p);  //æ˜¾ç¤ºä¸?ä¸ªå­—ç¬¦ä¸²,12/16å­—ä½“
      |                                                                                       ~~~~~~~~~^
../Core/Src/lcd.c:543:59: warning: pointer targets in passing argument 6 of 'LCD_ShowString' differ in signedness [-Wpointer-sign]
  543 |  LCD_ShowString(40, 200, lcddev.width, lcddev.height, 16, "x3:");
      |                                                           ^~~~~
      |                                                           |
      |                                                           char *
In file included from ../Core/Src/lcd.c:9:
../Core/Inc/lcd.h:212:96: note: expected 'uint8_t *' {aka 'unsigned char *'} but argument is of type 'char *'
  212 | void LCD_ShowString(uint16_t x,uint16_t y,uint16_t width,uint16_t height,uint8_t size,uint8_t *p);  //æ˜¾ç¤ºä¸?ä¸ªå­—ç¬¦ä¸²,12/16å­—ä½“
      |                                                                                       ~~~~~~~~~^
../Core/Src/lcd.c:544:64: warning: pointer targets in passing argument 6 of 'LCD_ShowString' differ in signedness [-Wpointer-sign]
  544 |  LCD_ShowString(40 + 80, 200, lcddev.width, lcddev.height, 16, "y3:");
      |                                                                ^~~~~
      |                                                                |
      |                                                                char *
In file included from ../Core/Src/lcd.c:9:
../Core/Inc/lcd.h:212:96: note: expected 'uint8_t *' {aka 'unsigned char *'} but argument is of type 'char *'
  212 | void LCD_ShowString(uint16_t x,uint16_t y,uint16_t width,uint16_t height,uint8_t size,uint8_t *p);  //æ˜¾ç¤ºä¸?ä¸ªå­—ç¬¦ä¸²,12/16å­—ä½“
      |                                                                                       ~~~~~~~~~^
../Core/Src/lcd.c:545:59: warning: pointer targets in passing argument 6 of 'LCD_ShowString' differ in signedness [-Wpointer-sign]
  545 |  LCD_ShowString(40, 220, lcddev.width, lcddev.height, 16, "x4:");
      |                                                           ^~~~~
      |                                                           |
      |                                                           char *
In file included from ../Core/Src/lcd.c:9:
../Core/Inc/lcd.h:212:96: note: expected 'uint8_t *' {aka 'unsigned char *'} but argument is of type 'char *'
  212 | void LCD_ShowString(uint16_t x,uint16_t y,uint16_t width,uint16_t height,uint8_t size,uint8_t *p);  //æ˜¾ç¤ºä¸?ä¸ªå­—ç¬¦ä¸²,12/16å­—ä½“
      |                                                                                       ~~~~~~~~~^
../Core/Src/lcd.c:546:64: warning: pointer targets in passing argument 6 of 'LCD_ShowString' differ in signedness [-Wpointer-sign]
  546 |  LCD_ShowString(40 + 80, 220, lcddev.width, lcddev.height, 16, "y4:");
      |                                                                ^~~~~
      |                                                                |
      |                                                                char *
In file included from ../Core/Src/lcd.c:9:
../Core/Inc/lcd.h:212:96: note: expected 'uint8_t *' {aka 'unsigned char *'} but argument is of type 'char *'
  212 | void LCD_ShowString(uint16_t x,uint16_t y,uint16_t width,uint16_t height,uint8_t size,uint8_t *p);  //æ˜¾ç¤ºä¸?ä¸ªå­—ç¬¦ä¸²,12/16å­—ä½“
      |                                                                                       ~~~~~~~~~^
../Core/Src/lcd.c:547:59: warning: pointer targets in passing argument 6 of 'LCD_ShowString' differ in signedness [-Wpointer-sign]
  547 |  LCD_ShowString(40, 240, lcddev.width, lcddev.height, 16, "fac is:");
      |                                                           ^~~~~~~~~
      |                                                           |
      |                                                           char *
In file included from ../Core/Src/lcd.c:9:
../Core/Inc/lcd.h:212:96: note: expected 'uint8_t *' {aka 'unsigned char *'} but argument is of type 'char *'
  212 | void LCD_ShowString(uint16_t x,uint16_t y,uint16_t width,uint16_t height,uint8_t size,uint8_t *p);  //æ˜¾ç¤ºä¸?ä¸ªå­—ç¬¦ä¸²,12/16å­—ä½“
      |                                                                                       ~~~~~~~~~^
../Core/Src/lcd.c: In function 'TP_Adjust':
../Core/Src/lcd.c:680:62: warning: pointer targets in passing argument 6 of 'LCD_ShowString' differ in signedness [-Wpointer-sign]
  680 |      LCD_ShowString(40, 26, lcddev.width, lcddev.height, 16, "TP Need readjust!");
      |                                                              ^~~~~~~~~~~~~~~~~~~
      |                                                              |
      |                                                              char *
In file included from ../Core/Src/lcd.c:9:
../Core/Inc/lcd.h:212:96: note: expected 'uint8_t *' {aka 'unsigned char *'} but argument is of type 'char *'
  212 | void LCD_ShowString(uint16_t x,uint16_t y,uint16_t width,uint16_t height,uint8_t size,uint8_t *p);  //æ˜¾ç¤ºä¸?ä¸ªå­—ç¬¦ä¸²,12/16å­—ä½“
      |                                                                                       ~~~~~~~~~^
../Core/Src/lcd.c:696:62: warning: pointer targets in passing argument 6 of 'LCD_ShowString' differ in signedness [-Wpointer-sign]
  696 |     LCD_ShowString(35, 110, lcddev.width, lcddev.height, 16, "Touch Screen Adjust OK!"); //æ ¡æ­£å®Œæˆ
      |                                                              ^~~~~~~~~~~~~~~~~~~~~~~~~
      |                                                              |
      |                                                              char *
In file included from ../Core/Src/lcd.c:9:
../Core/Inc/lcd.h:212:96: note: expected 'uint8_t *' {aka 'unsigned char *'} but argument is of type 'char *'
  212 | void LCD_ShowString(uint16_t x,uint16_t y,uint16_t width,uint16_t height,uint8_t size,uint8_t *p);  //æ˜¾ç¤ºä¸?ä¸ªå­—ç¬¦ä¸²,12/16å­—ä½“
      |                                                                                       ~~~~~~~~~^
arm-none-eabi-gcc "../Core/Src/usart.c" -mcpu=cortex-m4 -std=gnu11 -g3 -DDEBUG -DUSE_HAL_DRIVER -DSTM32F407xx -DARM_MATH_CM4 -D__TARGET_FPU_VFP -c -I../Core/Inc -I../Drivers/STM32F4xx_HAL_Driver/Inc -I../Drivers/STM32F4xx_HAL_Driver/Inc/Legacy -I../Drivers/CMSIS/Device/ST/STM32F4xx/Include -I../Drivers/CMSIS/Include -I"D:/Work-Ele/A-KEIL/BDS5_OSC/Drivers/DSP" -I"D:/Work-Ele/A-KEIL/BDS5_OSC/Drivers/DSP/Include" -O0 -ffunction-sections -fdata-sections -Wall -fstack-usage -MMD -MP -MF"Core/Src/usart.d" -MT"Core/Src/usart.o" --specs=nano.specs -mfpu=fpv4-sp-d16 -mfloat-abi=hard -mthumb -o "Core/Src/usart.o"
arm-none-eabi-gcc "../Core/Inc/obase.c" -mcpu=cortex-m4 -std=gnu11 -g3 -DDEBUG -DUSE_HAL_DRIVER -DSTM32F407xx -DARM_MATH_CM4 -D__TARGET_FPU_VFP -c -I../Core/Inc -I../Drivers/STM32F4xx_HAL_Driver/Inc -I../Drivers/STM32F4xx_HAL_Driver/Inc/Legacy -I../Drivers/CMSIS/Device/ST/STM32F4xx/Include -I../Drivers/CMSIS/Include -I"D:/Work-Ele/A-KEIL/BDS5_OSC/Drivers/DSP" -I"D:/Work-Ele/A-KEIL/BDS5_OSC/Drivers/DSP/Include" -O0 -ffunction-sections -fdata-sections -Wall -fstack-usage -MMD -MP -MF"Core/Inc/obase.d" -MT"Core/Inc/obase.o" --specs=nano.specs -mfpu=fpv4-sp-d16 -mfloat-abi=hard -mthumb -o "Core/Inc/obase.o"
arm-none-eabi-gcc -o "BDS5_OSC.elf" @"objects.list"   -mcpu=cortex-m4 -T"D:\Work-Ele\A-KEIL\BDS5_OSC\STM32F407ZGTX_FLASH.ld" --specs=nosys.specs -Wl,-Map="BDS5_OSC.map" -Wl,--gc-sections -static "D:\Work-Ele\A-KEIL\BDS5_OSC\Drivers\DSP\libarm_cortexM4lf_math.a" --specs=nano.specs -mfpu=fpv4-sp-d16 -mfloat-abi=hard -mthumb -u _printf_float -u _scanf_float -Wl,--start-group -lc -lm -Wl,--end-group
£¤???????????£¤??????????? BDS5_OSC.elf
 
arm-none-eabi-objdump -h -S  BDS5_OSC.elf  > "BDS5_OSC.list"
arm-none-eabi-objcopy  -O binary  BDS5_OSC.elf  "BDS5_OSC.bin"
arm-none-eabi-size   BDS5_OSC.elf 
   text	   data	    bss	    dec	    hex	filename
  39112	    492	   2084	  41688	   a2d8	BDS5_OSC.elf
£¤???????????£¤????? default.size.stdout
 
£¤???????????£¤????? BDS5_OSC.bin
 
£¤???????????£¤????? BDS5_OSC.list
 
23:53:56 **** Incremental Build of configuration Debug for project BDS5_OSC ****
make -j8 all 
arm-none-eabi-size   BDS5_OSC.elf 
   text	   data	    bss	    dec	    hex	filename
  39112	    492	   2084	  41688	   a2d8	BDS5_OSC.elf
£¤???????????£¤????? default.size.stdout
 
00:06:01 **** Incremental Build of configuration Debug for project BDS5_OSC ****
make -j8 all 
arm-none-eabi-gcc "../Core/Src/main.c" -mcpu=cortex-m4 -std=gnu11 -g3 -DDEBUG -DUSE_HAL_DRIVER -DSTM32F407xx -DARM_MATH_CM4 -D__TARGET_FPU_VFP -c -I../Core/Inc -I../Drivers/STM32F4xx_HAL_Driver/Inc -I../Drivers/STM32F4xx_HAL_Driver/Inc/Legacy -I../Drivers/CMSIS/Device/ST/STM32F4xx/Include -I../Drivers/CMSIS/Include -I"D:/Work-Ele/A-KEIL/BDS5_OSC/Drivers/DSP" -I"D:/Work-Ele/A-KEIL/BDS5_OSC/Drivers/DSP/Include" -O0 -ffunction-sections -fdata-sections -Wall -fstack-usage -MMD -MP -MF"Core/Src/main.d" -MT"Core/Src/main.o" --specs=nano.specs -mfpu=fpv4-sp-d16 -mfloat-abi=hard -mthumb -o "Core/Src/main.o"
arm-none-eabi-gcc -o "BDS5_OSC.elf" @"objects.list"   -mcpu=cortex-m4 -T"D:\Work-Ele\A-KEIL\BDS5_OSC\STM32F407ZGTX_FLASH.ld" --specs=nosys.specs -Wl,-Map="BDS5_OSC.map" -Wl,--gc-sections -static "D:\Work-Ele\A-KEIL\BDS5_OSC\Drivers\DSP\libarm_cortexM4lf_math.a" --specs=nano.specs -mfpu=fpv4-sp-d16 -mfloat-abi=hard -mthumb -u _printf_float -u _scanf_float -Wl,--start-group -lc -lm -Wl,--end-group
£¤???????????£¤??????????? BDS5_OSC.elf
 
arm-none-eabi-objdump -h -S  BDS5_OSC.elf  > "BDS5_OSC.list"
arm-none-eabi-objcopy  -O binary  BDS5_OSC.elf  "BDS5_OSC.bin"
arm-none-eabi-size   BDS5_OSC.elf 
   text	   data	    bss	    dec	    hex	filename
  39136	    492	   2084	  41712	   a2f0	BDS5_OSC.elf
£¤???????????£¤????? default.size.stdout
 
£¤???????????£¤????? BDS5_OSC.bin
 
£¤???????????£¤????? BDS5_OSC.list
 
00:08:56 **** Incremental Build of configuration Debug for project BDS5_OSC ****
make -j8 all 
arm-none-eabi-gcc "../Core/Src/main.c" -mcpu=cortex-m4 -std=gnu11 -g3 -DDEBUG -DUSE_HAL_DRIVER -DSTM32F407xx -DARM_MATH_CM4 -D__TARGET_FPU_VFP -c -I../Core/Inc -I../Drivers/STM32F4xx_HAL_Driver/Inc -I../Drivers/STM32F4xx_HAL_Driver/Inc/Legacy -I../Drivers/CMSIS/Device/ST/STM32F4xx/Include -I../Drivers/CMSIS/Include -I"D:/Work-Ele/A-KEIL/BDS5_OSC/Drivers/DSP" -I"D:/Work-Ele/A-KEIL/BDS5_OSC/Drivers/DSP/Include" -O0 -ffunction-sections -fdata-sections -Wall -fstack-usage -MMD -MP -MF"Core/Src/main.d" -MT"Core/Src/main.o" --specs=nano.specs -mfpu=fpv4-sp-d16 -mfloat-abi=hard -mthumb -o "Core/Src/main.o"
../Core/Src/main.c: In function 'main':
../Core/Src/main.c:143:13: warning: format '%d' expects argument of type 'int', but argument 21 has type 'double' [-Wformat=]
  143 |      printf("CHN_%d: %u    "BYTE_TO_BIN_PAT" "BYTE_TO_BIN_PAT"  %d.%d\n", i, (uint16_t)(ads_data[1]<<8 | ads_data[0]), BYTE_TO_BIN(ads_data[1]), BYTE_TO_BIN(ads_data[0]), volt[i]/100000000, fabs(volt[i]%100000000));
      |             ^~~~~~~~~~~~~~~~                                                                                                                                                                  ~~~~~~~~~~~~~~~~~~~~~~~
      |                                                                                                                                                                                               |
      |                                                                                                                                                                                               double
../Core/Src/main.c:143:69: note: format string is defined here
  143 |      printf("CHN_%d: %u    "BYTE_TO_BIN_PAT" "BYTE_TO_BIN_PAT"  %d.%d\n", i, (uint16_t)(ads_data[1]<<8 | ads_data[0]), BYTE_TO_BIN(ads_data[1]), BYTE_TO_BIN(ads_data[0]), volt[i]/100000000, fabs(volt[i]%100000000));
      |                                                                    ~^
      |                                                                     |
      |                                                                     int
      |                                                                    %f
arm-none-eabi-gcc -o "BDS5_OSC.elf" @"objects.list"   -mcpu=cortex-m4 -T"D:\Work-Ele\A-KEIL\BDS5_OSC\STM32F407ZGTX_FLASH.ld" --specs=nosys.specs -Wl,-Map="BDS5_OSC.map" -Wl,--gc-sections -static "D:\Work-Ele\A-KEIL\BDS5_OSC\Drivers\DSP\libarm_cortexM4lf_math.a" --specs=nano.specs -mfpu=fpv4-sp-d16 -mfloat-abi=hard -mthumb -u _printf_float -u _scanf_float -Wl,--start-group -lc -lm -Wl,--end-group
£¤???????????£¤??????????? BDS5_OSC.elf
 
arm-none-eabi-objdump -h -S  BDS5_OSC.elf  > "BDS5_OSC.list"
arm-none-eabi-objcopy  -O binary  BDS5_OSC.elf  "BDS5_OSC.bin"
arm-none-eabi-size   BDS5_OSC.elf 
   text	   data	    bss	    dec	    hex	filename
  39168	    492	   2084	  41744	   a310	BDS5_OSC.elf
£¤???????????£¤????? default.size.stdout
 
£¤???????????£¤????? BDS5_OSC.bin
 
£¤???????????£¤????? BDS5_OSC.list
 
00:09:33 **** Incremental Build of configuration Debug for project BDS5_OSC ****
make -j8 all 
arm-none-eabi-gcc "../Core/Src/main.c" -mcpu=cortex-m4 -std=gnu11 -g3 -DDEBUG -DUSE_HAL_DRIVER -DSTM32F407xx -DARM_MATH_CM4 -D__TARGET_FPU_VFP -c -I../Core/Inc -I../Drivers/STM32F4xx_HAL_Driver/Inc -I../Drivers/STM32F4xx_HAL_Driver/Inc/Legacy -I../Drivers/CMSIS/Device/ST/STM32F4xx/Include -I../Drivers/CMSIS/Include -I"D:/Work-Ele/A-KEIL/BDS5_OSC/Drivers/DSP" -I"D:/Work-Ele/A-KEIL/BDS5_OSC/Drivers/DSP/Include" -O0 -ffunction-sections -fdata-sections -Wall -fstack-usage -MMD -MP -MF"Core/Src/main.d" -MT"Core/Src/main.o" --specs=nano.specs -mfpu=fpv4-sp-d16 -mfloat-abi=hard -mthumb -o "Core/Src/main.o"
../Core/Src/main.c: In function 'main':
../Core/Src/main.c:143:13: warning: format '%d' expects argument of type 'int', but argument 20 has type 'double' [-Wformat=]
  143 |      printf("CHN_%d: %u    "BYTE_TO_BIN_PAT" "BYTE_TO_BIN_PAT"  %d.%d\n", i, (uint16_t)(ads_data[1]<<8 | ads_data[0]), BYTE_TO_BIN(ads_data[1]), BYTE_TO_BIN(ads_data[0]), fabs(volt[i]/100000000), volt[i]%100000000);
      |             ^~~~~~~~~~~~~~~~                                                                                                                                               ~~~~~~~~~~~~~~~~~~~~~~~
      |                                                                                                                                                                            |
      |                                                                                                                                                                            double
../Core/Src/main.c:143:66: note: format string is defined here
  143 |      printf("CHN_%d: %u    "BYTE_TO_BIN_PAT" "BYTE_TO_BIN_PAT"  %d.%d\n", i, (uint16_t)(ads_data[1]<<8 | ads_data[0]), BYTE_TO_BIN(ads_data[1]), BYTE_TO_BIN(ads_data[0]), fabs(volt[i]/100000000), volt[i]%100000000);
      |                                                                 ~^
      |                                                                  |
      |                                                                  int
      |                                                                 %f
arm-none-eabi-gcc -o "BDS5_OSC.elf" @"objects.list"   -mcpu=cortex-m4 -T"D:\Work-Ele\A-KEIL\BDS5_OSC\STM32F407ZGTX_FLASH.ld" --specs=nosys.specs -Wl,-Map="BDS5_OSC.map" -Wl,--gc-sections -static "D:\Work-Ele\A-KEIL\BDS5_OSC\Drivers\DSP\libarm_cortexM4lf_math.a" --specs=nano.specs -mfpu=fpv4-sp-d16 -mfloat-abi=hard -mthumb -u _printf_float -u _scanf_float -Wl,--start-group -lc -lm -Wl,--end-group
£¤???????????£¤??????????? BDS5_OSC.elf
 
arm-none-eabi-objdump -h -S  BDS5_OSC.elf  > "BDS5_OSC.list"
arm-none-eabi-objcopy  -O binary  BDS5_OSC.elf  "BDS5_OSC.bin"
arm-none-eabi-size   BDS5_OSC.elf 
   text	   data	    bss	    dec	    hex	filename
  39160	    492	   2084	  41736	   a308	BDS5_OSC.elf
£¤???????????£¤????? default.size.stdout
 
£¤???????????£¤????? BDS5_OSC.bin
 
£¤???????????£¤????? BDS5_OSC.list
 
00:11:43 **** Incremental Build of configuration Debug for project BDS5_OSC ****
make -j8 all 
arm-none-eabi-gcc "../Core/Src/main.c" -mcpu=cortex-m4 -std=gnu11 -g3 -DDEBUG -DUSE_HAL_DRIVER -DSTM32F407xx -DARM_MATH_CM4 -D__TARGET_FPU_VFP -c -I../Core/Inc -I../Drivers/STM32F4xx_HAL_Driver/Inc -I../Drivers/STM32F4xx_HAL_Driver/Inc/Legacy -I../Drivers/CMSIS/Device/ST/STM32F4xx/Include -I../Drivers/CMSIS/Include -I"D:/Work-Ele/A-KEIL/BDS5_OSC/Drivers/DSP" -I"D:/Work-Ele/A-KEIL/BDS5_OSC/Drivers/DSP/Include" -O0 -ffunction-sections -fdata-sections -Wall -fstack-usage -MMD -MP -MF"Core/Src/main.d" -MT"Core/Src/main.o" --specs=nano.specs -mfpu=fpv4-sp-d16 -mfloat-abi=hard -mthumb -o "Core/Src/main.o"
arm-none-eabi-gcc -o "BDS5_OSC.elf" @"objects.list"   -mcpu=cortex-m4 -T"D:\Work-Ele\A-KEIL\BDS5_OSC\STM32F407ZGTX_FLASH.ld" --specs=nosys.specs -Wl,-Map="BDS5_OSC.map" -Wl,--gc-sections -static "D:\Work-Ele\A-KEIL\BDS5_OSC\Drivers\DSP\libarm_cortexM4lf_math.a" --specs=nano.specs -mfpu=fpv4-sp-d16 -mfloat-abi=hard -mthumb -u _printf_float -u _scanf_float -Wl,--start-group -lc -lm -Wl,--end-group
£¤???????????£¤??????????? BDS5_OSC.elf
 
arm-none-eabi-objdump -h -S  BDS5_OSC.elf  > "BDS5_OSC.list"
arm-none-eabi-objcopy  -O binary  BDS5_OSC.elf  "BDS5_OSC.bin"
arm-none-eabi-size   BDS5_OSC.elf 
   text	   data	    bss	    dec	    hex	filename
  39136	    492	   2084	  41712	   a2f0	BDS5_OSC.elf
£¤???????????£¤????? default.size.stdout
 
£¤???????????£¤????? BDS5_OSC.bin
 
£¤???????????£¤????? BDS5_OSC.list
 
00:14:33 **** Incremental Build of configuration Debug for project BDS5_OSC ****
make -j8 all 
arm-none-eabi-gcc "../Core/Src/main.c" -mcpu=cortex-m4 -std=gnu11 -g3 -DDEBUG -DUSE_HAL_DRIVER -DSTM32F407xx -DARM_MATH_CM4 -D__TARGET_FPU_VFP -c -I../Core/Inc -I../Drivers/STM32F4xx_HAL_Driver/Inc -I../Drivers/STM32F4xx_HAL_Driver/Inc/Legacy -I../Drivers/CMSIS/Device/ST/STM32F4xx/Include -I../Drivers/CMSIS/Include -I"D:/Work-Ele/A-KEIL/BDS5_OSC/Drivers/DSP" -I"D:/Work-Ele/A-KEIL/BDS5_OSC/Drivers/DSP/Include" -O0 -ffunction-sections -fdata-sections -Wall -fstack-usage -MMD -MP -MF"Core/Src/main.d" -MT"Core/Src/main.o" --specs=nano.specs -mfpu=fpv4-sp-d16 -mfloat-abi=hard -mthumb -o "Core/Src/main.o"
../Core/Src/main.c: In function 'main':
../Core/Src/main.c:143:13: warning: format '%f' expects argument of type 'double', but argument 20 has type 'int' [-Wformat=]
  143 |      printf("CHN_%d: %u    "BYTE_TO_BIN_PAT" "BYTE_TO_BIN_PAT"  %f\n", i, (uint16_t)(ads_data[1]<<8 | ads_data[0]), BYTE_TO_BIN(ads_data[1]), BYTE_TO_BIN(ads_data[0]), volt[i]/100000000);
      |             ^~~~~~~~~~~~~~~~                                                                                                                                            ~~~~~~~~~~~~~~~~~
      |                                                                                                                                                                                |
      |                                                                                                                                                                                int
../Core/Src/main.c:143:66: note: format string is defined here
  143 |      printf("CHN_%d: %u    "BYTE_TO_BIN_PAT" "BYTE_TO_BIN_PAT"  %f\n", i, (uint16_t)(ads_data[1]<<8 | ads_data[0]), BYTE_TO_BIN(ads_data[1]), BYTE_TO_BIN(ads_data[0]), volt[i]/100000000);
      |                                                                 ~^
      |                                                                  |
      |                                                                  double
      |                                                                 %d
arm-none-eabi-gcc -o "BDS5_OSC.elf" @"objects.list"   -mcpu=cortex-m4 -T"D:\Work-Ele\A-KEIL\BDS5_OSC\STM32F407ZGTX_FLASH.ld" --specs=nosys.specs -Wl,-Map="BDS5_OSC.map" -Wl,--gc-sections -static "D:\Work-Ele\A-KEIL\BDS5_OSC\Drivers\DSP\libarm_cortexM4lf_math.a" --specs=nano.specs -mfpu=fpv4-sp-d16 -mfloat-abi=hard -mthumb -u _printf_float -u _scanf_float -Wl,--start-group -lc -lm -Wl,--end-group
£¤???????????£¤??????????? BDS5_OSC.elf
 
arm-none-eabi-objdump -h -S  BDS5_OSC.elf  > "BDS5_OSC.list"
arm-none-eabi-objcopy  -O binary  BDS5_OSC.elf  "BDS5_OSC.bin"
arm-none-eabi-size   BDS5_OSC.elf 
   text	   data	    bss	    dec	    hex	filename
  39104	    492	   2084	  41680	   a2d0	BDS5_OSC.elf
£¤???????????£¤????? default.size.stdout
 
£¤???????????£¤????? BDS5_OSC.bin
 
£¤???????????£¤????? BDS5_OSC.list
 
00:28:31 **** Incremental Build of configuration Debug for project BDS5_OSC ****
make -j8 all 
arm-none-eabi-size   BDS5_OSC.elf 
   text	   data	    bss	    dec	    hex	filename
  39104	    492	   2084	  41680	   a2d0	BDS5_OSC.elf
£¤???????????£¤????? default.size.stdout
 
00:43:59 **** Incremental Build of configuration Debug for project BDS5_OSC ****
make -j8 all 
arm-none-eabi-gcc "../Core/Src/ADS8688.c" -mcpu=cortex-m4 -std=gnu11 -g3 -DDEBUG -DUSE_HAL_DRIVER -DSTM32F407xx -DARM_MATH_CM4 -D__TARGET_FPU_VFP -c -I../Core/Inc -I../Drivers/STM32F4xx_HAL_Driver/Inc -I../Drivers/STM32F4xx_HAL_Driver/Inc/Legacy -I../Drivers/CMSIS/Device/ST/STM32F4xx/Include -I../Drivers/CMSIS/Include -I"D:/Work-Ele/A-KEIL/BDS5_OSC/Drivers/DSP" -I"D:/Work-Ele/A-KEIL/BDS5_OSC/Drivers/DSP/Include" -O0 -ffunction-sections -fdata-sections -Wall -fstack-usage -MMD -MP -MF"Core/Src/ADS8688.d" -MT"Core/Src/ADS8688.o" --specs=nano.specs -mfpu=fpv4-sp-d16 -mfloat-abi=hard -mthumb -o "Core/Src/ADS8688.o"
arm-none-eabi-gcc -o "BDS5_OSC.elf" @"objects.list"   -mcpu=cortex-m4 -T"D:\Work-Ele\A-KEIL\BDS5_OSC\STM32F407ZGTX_FLASH.ld" --specs=nosys.specs -Wl,-Map="BDS5_OSC.map" -Wl,--gc-sections -static "D:\Work-Ele\A-KEIL\BDS5_OSC\Drivers\DSP\libarm_cortexM4lf_math.a" --specs=nano.specs -mfpu=fpv4-sp-d16 -mfloat-abi=hard -mthumb -u _printf_float -u _scanf_float -Wl,--start-group -lc -lm -Wl,--end-group
£¤???????????£¤??????????? BDS5_OSC.elf
 
arm-none-eabi-objdump -h -S  BDS5_OSC.elf  > "BDS5_OSC.list"
arm-none-eabi-objcopy  -O binary  BDS5_OSC.elf  "BDS5_OSC.bin"
arm-none-eabi-size   BDS5_OSC.elf 
   text	   data	    bss	    dec	    hex	filename
  39104	    492	   2084	  41680	   a2d0	BDS5_OSC.elf
£¤???????????£¤????? default.size.stdout
 
£¤???????????£¤????? BDS5_OSC.bin
 
£¤???????????£¤????? BDS5_OSC.list
 
00:44:14 **** Incremental Build of configuration Debug for project BDS5_OSC ****
make -j8 all 
arm-none-eabi-size   BDS5_OSC.elf 
   text	   data	    bss	    dec	    hex	filename
  39104	    492	   2084	  41680	   a2d0	BDS5_OSC.elf
£¤???????????£¤????? default.size.stdout
 
00:47:41 **** Incremental Build of configuration Debug for project BDS5_OSC ****
make -j8 all 
arm-none-eabi-gcc "../Core/Src/ADS8688.c" -mcpu=cortex-m4 -std=gnu11 -g3 -DDEBUG -DUSE_HAL_DRIVER -DSTM32F407xx -DARM_MATH_CM4 -D__TARGET_FPU_VFP -c -I../Core/Inc -I../Drivers/STM32F4xx_HAL_Driver/Inc -I../Drivers/STM32F4xx_HAL_Driver/Inc/Legacy -I../Drivers/CMSIS/Device/ST/STM32F4xx/Include -I../Drivers/CMSIS/Include -I"D:/Work-Ele/A-KEIL/BDS5_OSC/Drivers/DSP" -I"D:/Work-Ele/A-KEIL/BDS5_OSC/Drivers/DSP/Include" -O0 -ffunction-sections -fdata-sections -Wall -fstack-usage -MMD -MP -MF"Core/Src/ADS8688.d" -MT"Core/Src/ADS8688.o" --specs=nano.specs -mfpu=fpv4-sp-d16 -mfloat-abi=hard -mthumb -o "Core/Src/ADS8688.o"
arm-none-eabi-gcc -o "BDS5_OSC.elf" @"objects.list"   -mcpu=cortex-m4 -T"D:\Work-Ele\A-KEIL\BDS5_OSC\STM32F407ZGTX_FLASH.ld" --specs=nosys.specs -Wl,-Map="BDS5_OSC.map" -Wl,--gc-sections -static "D:\Work-Ele\A-KEIL\BDS5_OSC\Drivers\DSP\libarm_cortexM4lf_math.a" --specs=nano.specs -mfpu=fpv4-sp-d16 -mfloat-abi=hard -mthumb -u _printf_float -u _scanf_float -Wl,--start-group -lc -lm -Wl,--end-group
£¤???????????£¤??????????? BDS5_OSC.elf
 
arm-none-eabi-objdump -h -S  BDS5_OSC.elf  > "BDS5_OSC.list"
arm-none-eabi-objcopy  -O binary  BDS5_OSC.elf  "BDS5_OSC.bin"
arm-none-eabi-size   BDS5_OSC.elf 
   text	   data	    bss	    dec	    hex	filename
  39104	    492	   2084	  41680	   a2d0	BDS5_OSC.elf
£¤???????????£¤????? default.size.stdout
 
£¤???????????£¤????? BDS5_OSC.bin
 
£¤???????????£¤????? BDS5_OSC.list
 
00:53:03 **** Incremental Build of configuration Debug for project BDS5_OSC ****
make -j8 all 
arm-none-eabi-gcc "../Core/Src/ADS8688.c" -mcpu=cortex-m4 -std=gnu11 -g3 -DDEBUG -DUSE_HAL_DRIVER -DSTM32F407xx -DARM_MATH_CM4 -D__TARGET_FPU_VFP -c -I../Core/Inc -I../Drivers/STM32F4xx_HAL_Driver/Inc -I../Drivers/STM32F4xx_HAL_Driver/Inc/Legacy -I../Drivers/CMSIS/Device/ST/STM32F4xx/Include -I../Drivers/CMSIS/Include -I"D:/Work-Ele/A-KEIL/BDS5_OSC/Drivers/DSP" -I"D:/Work-Ele/A-KEIL/BDS5_OSC/Drivers/DSP/Include" -O0 -ffunction-sections -fdata-sections -Wall -fstack-usage -MMD -MP -MF"Core/Src/ADS8688.d" -MT"Core/Src/ADS8688.o" --specs=nano.specs -mfpu=fpv4-sp-d16 -mfloat-abi=hard -mthumb -o "Core/Src/ADS8688.o"
arm-none-eabi-gcc -o "BDS5_OSC.elf" @"objects.list"   -mcpu=cortex-m4 -T"D:\Work-Ele\A-KEIL\BDS5_OSC\STM32F407ZGTX_FLASH.ld" --specs=nosys.specs -Wl,-Map="BDS5_OSC.map" -Wl,--gc-sections -static "D:\Work-Ele\A-KEIL\BDS5_OSC\Drivers\DSP\libarm_cortexM4lf_math.a" --specs=nano.specs -mfpu=fpv4-sp-d16 -mfloat-abi=hard -mthumb -u _printf_float -u _scanf_float -Wl,--start-group -lc -lm -Wl,--end-group
£¤???????????£¤??????????? BDS5_OSC.elf
 
arm-none-eabi-objdump -h -S  BDS5_OSC.elf  > "BDS5_OSC.list"
arm-none-eabi-objcopy  -O binary  BDS5_OSC.elf  "BDS5_OSC.bin"
arm-none-eabi-size   BDS5_OSC.elf 
   text	   data	    bss	    dec	    hex	filename
  39096	    492	   2084	  41672	   a2c8	BDS5_OSC.elf
£¤???????????£¤????? default.size.stdout
 
£¤???????????£¤????? BDS5_OSC.bin
 
£¤???????????£¤????? BDS5_OSC.list
 
01:01:49 **** Incremental Build of configuration Debug for project BDS5_OSC ****
make -j8 all 
arm-none-eabi-gcc "../Core/Src/main.c" -mcpu=cortex-m4 -std=gnu11 -g3 -DDEBUG -DUSE_HAL_DRIVER -DSTM32F407xx -DARM_MATH_CM4 -D__TARGET_FPU_VFP -c -I../Core/Inc -I../Drivers/STM32F4xx_HAL_Driver/Inc -I../Drivers/STM32F4xx_HAL_Driver/Inc/Legacy -I../Drivers/CMSIS/Device/ST/STM32F4xx/Include -I../Drivers/CMSIS/Include -I"D:/Work-Ele/A-KEIL/BDS5_OSC/Drivers/DSP" -I"D:/Work-Ele/A-KEIL/BDS5_OSC/Drivers/DSP/Include" -O0 -ffunction-sections -fdata-sections -Wall -fstack-usage -MMD -MP -MF"Core/Src/main.d" -MT"Core/Src/main.o" --specs=nano.specs -mfpu=fpv4-sp-d16 -mfloat-abi=hard -mthumb -o "Core/Src/main.o"
arm-none-eabi-gcc -o "BDS5_OSC.elf" @"objects.list"   -mcpu=cortex-m4 -T"D:\Work-Ele\A-KEIL\BDS5_OSC\STM32F407ZGTX_FLASH.ld" --specs=nosys.specs -Wl,-Map="BDS5_OSC.map" -Wl,--gc-sections -static "D:\Work-Ele\A-KEIL\BDS5_OSC\Drivers\DSP\libarm_cortexM4lf_math.a" --specs=nano.specs -mfpu=fpv4-sp-d16 -mfloat-abi=hard -mthumb -u _printf_float -u _scanf_float -Wl,--start-group -lc -lm -Wl,--end-group
£¤???????????£¤??????????? BDS5_OSC.elf
 
arm-none-eabi-objdump -h -S  BDS5_OSC.elf  > "BDS5_OSC.list"
arm-none-eabi-objcopy  -O binary  BDS5_OSC.elf  "BDS5_OSC.bin"
arm-none-eabi-size   BDS5_OSC.elf 
   text	   data	    bss	    dec	    hex	filename
  39176	    492	   2084	  41752	   a318	BDS5_OSC.elf
£¤???????????£¤????? default.size.stdout
 
£¤???????????£¤????? BDS5_OSC.bin
 
£¤???????????£¤????? BDS5_OSC.list
 
01:08:59 **** Incremental Build of configuration Debug for project BDS5_OSC ****
make -j8 all 
arm-none-eabi-gcc "../Drivers/STM32F4xx_HAL_Driver/Src/stm32f4xx_hal.c" -mcpu=cortex-m4 -std=gnu11 -g3 -DDEBUG -DUSE_HAL_DRIVER -DSTM32F407xx -DARM_MATH_CM4 -D__TARGET_FPU_VFP -c -I../Core/Inc -I../Drivers/STM32F4xx_HAL_Driver/Inc -I../Drivers/STM32F4xx_HAL_Driver/Inc/Legacy -I../Drivers/CMSIS/Device/ST/STM32F4xx/Include -I../Drivers/CMSIS/Include -I"D:/Work-Ele/A-KEIL/BDS5_OSC/Drivers/DSP" -I"D:/Work-Ele/A-KEIL/BDS5_OSC/Drivers/DSP/Include" -O0 -ffunction-sections -fdata-sections -Wall -fstack-usage -MMD -MP -MF"Drivers/STM32F4xx_HAL_Driver/Src/stm32f4xx_hal.d" -MT"Drivers/STM32F4xx_HAL_Driver/Src/stm32f4xx_hal.o" --specs=nano.specs -mfpu=fpv4-sp-d16 -mfloat-abi=hard -mthumb -o "Drivers/STM32F4xx_HAL_Driver/Src/stm32f4xx_hal.o"
arm-none-eabi-gcc "../Drivers/STM32F4xx_HAL_Driver/Src/stm32f4xx_hal_cortex.c" -mcpu=cortex-m4 -std=gnu11 -g3 -DDEBUG -DUSE_HAL_DRIVER -DSTM32F407xx -DARM_MATH_CM4 -D__TARGET_FPU_VFP -c -I../Core/Inc -I../Drivers/STM32F4xx_HAL_Driver/Inc -I../Drivers/STM32F4xx_HAL_Driver/Inc/Legacy -I../Drivers/CMSIS/Device/ST/STM32F4xx/Include -I../Drivers/CMSIS/Include -I"D:/Work-Ele/A-KEIL/BDS5_OSC/Drivers/DSP" -I"D:/Work-Ele/A-KEIL/BDS5_OSC/Drivers/DSP/Include" -O0 -ffunction-sections -fdata-sections -Wall -fstack-usage -MMD -MP -MF"Drivers/STM32F4xx_HAL_Driver/Src/stm32f4xx_hal_cortex.d" -MT"Drivers/STM32F4xx_HAL_Driver/Src/stm32f4xx_hal_cortex.o" --specs=nano.specs -mfpu=fpv4-sp-d16 -mfloat-abi=hard -mthumb -o "Drivers/STM32F4xx_HAL_Driver/Src/stm32f4xx_hal_cortex.o"
arm-none-eabi-gcc "../Drivers/STM32F4xx_HAL_Driver/Src/stm32f4xx_hal_dma.c" -mcpu=cortex-m4 -std=gnu11 -g3 -DDEBUG -DUSE_HAL_DRIVER -DSTM32F407xx -DARM_MATH_CM4 -D__TARGET_FPU_VFP -c -I../Core/Inc -I../Drivers/STM32F4xx_HAL_Driver/Inc -I../Drivers/STM32F4xx_HAL_Driver/Inc/Legacy -I../Drivers/CMSIS/Device/ST/STM32F4xx/Include -I../Drivers/CMSIS/Include -I"D:/Work-Ele/A-KEIL/BDS5_OSC/Drivers/DSP" -I"D:/Work-Ele/A-KEIL/BDS5_OSC/Drivers/DSP/Include" -O0 -ffunction-sections -fdata-sections -Wall -fstack-usage -MMD -MP -MF"Drivers/STM32F4xx_HAL_Driver/Src/stm32f4xx_hal_dma.d" -MT"Drivers/STM32F4xx_HAL_Driver/Src/stm32f4xx_hal_dma.o" --specs=nano.specs -mfpu=fpv4-sp-d16 -mfloat-abi=hard -mthumb -o "Drivers/STM32F4xx_HAL_Driver/Src/stm32f4xx_hal_dma.o"
arm-none-eabi-gcc "../Drivers/STM32F4xx_HAL_Driver/Src/stm32f4xx_hal_dma_ex.c" -mcpu=cortex-m4 -std=gnu11 -g3 -DDEBUG -DUSE_HAL_DRIVER -DSTM32F407xx -DARM_MATH_CM4 -D__TARGET_FPU_VFP -c -I../Core/Inc -I../Drivers/STM32F4xx_HAL_Driver/Inc -I../Drivers/STM32F4xx_HAL_Driver/Inc/Legacy -I../Drivers/CMSIS/Device/ST/STM32F4xx/Include -I../Drivers/CMSIS/Include -I"D:/Work-Ele/A-KEIL/BDS5_OSC/Drivers/DSP" -I"D:/Work-Ele/A-KEIL/BDS5_OSC/Drivers/DSP/Include" -O0 -ffunction-sections -fdata-sections -Wall -fstack-usage -MMD -MP -MF"Drivers/STM32F4xx_HAL_Driver/Src/stm32f4xx_hal_dma_ex.d" -MT"Drivers/STM32F4xx_HAL_Driver/Src/stm32f4xx_hal_dma_ex.o" --specs=nano.specs -mfpu=fpv4-sp-d16 -mfloat-abi=hard -mthumb -o "Drivers/STM32F4xx_HAL_Driver/Src/stm32f4xx_hal_dma_ex.o"
arm-none-eabi-gcc "../Drivers/STM32F4xx_HAL_Driver/Src/stm32f4xx_hal_exti.c" -mcpu=cortex-m4 -std=gnu11 -g3 -DDEBUG -DUSE_HAL_DRIVER -DSTM32F407xx -DARM_MATH_CM4 -D__TARGET_FPU_VFP -c -I../Core/Inc -I../Drivers/STM32F4xx_HAL_Driver/Inc -I../Drivers/STM32F4xx_HAL_Driver/Inc/Legacy -I../Drivers/CMSIS/Device/ST/STM32F4xx/Include -I../Drivers/CMSIS/Include -I"D:/Work-Ele/A-KEIL/BDS5_OSC/Drivers/DSP" -I"D:/Work-Ele/A-KEIL/BDS5_OSC/Drivers/DSP/Include" -O0 -ffunction-sections -fdata-sections -Wall -fstack-usage -MMD -MP -MF"Drivers/STM32F4xx_HAL_Driver/Src/stm32f4xx_hal_exti.d" -MT"Drivers/STM32F4xx_HAL_Driver/Src/stm32f4xx_hal_exti.o" --specs=nano.specs -mfpu=fpv4-sp-d16 -mfloat-abi=hard -mthumb -o "Drivers/STM32F4xx_HAL_Driver/Src/stm32f4xx_hal_exti.o"
arm-none-eabi-gcc "../Drivers/STM32F4xx_HAL_Driver/Src/stm32f4xx_hal_flash.c" -mcpu=cortex-m4 -std=gnu11 -g3 -DDEBUG -DUSE_HAL_DRIVER -DSTM32F407xx -DARM_MATH_CM4 -D__TARGET_FPU_VFP -c -I../Core/Inc -I../Drivers/STM32F4xx_HAL_Driver/Inc -I../Drivers/STM32F4xx_HAL_Driver/Inc/Legacy -I../Drivers/CMSIS/Device/ST/STM32F4xx/Include -I../Drivers/CMSIS/Include -I"D:/Work-Ele/A-KEIL/BDS5_OSC/Drivers/DSP" -I"D:/Work-Ele/A-KEIL/BDS5_OSC/Drivers/DSP/Include" -O0 -ffunction-sections -fdata-sections -Wall -fstack-usage -MMD -MP -MF"Drivers/STM32F4xx_HAL_Driver/Src/stm32f4xx_hal_flash.d" -MT"Drivers/STM32F4xx_HAL_Driver/Src/stm32f4xx_hal_flash.o" --specs=nano.specs -mfpu=fpv4-sp-d16 -mfloat-abi=hard -mthumb -o "Drivers/STM32F4xx_HAL_Driver/Src/stm32f4xx_hal_flash.o"
arm-none-eabi-gcc "../Drivers/STM32F4xx_HAL_Driver/Src/stm32f4xx_hal_flash_ex.c" -mcpu=cortex-m4 -std=gnu11 -g3 -DDEBUG -DUSE_HAL_DRIVER -DSTM32F407xx -DARM_MATH_CM4 -D__TARGET_FPU_VFP -c -I../Core/Inc -I../Drivers/STM32F4xx_HAL_Driver/Inc -I../Drivers/STM32F4xx_HAL_Driver/Inc/Legacy -I../Drivers/CMSIS/Device/ST/STM32F4xx/Include -I../Drivers/CMSIS/Include -I"D:/Work-Ele/A-KEIL/BDS5_OSC/Drivers/DSP" -I"D:/Work-Ele/A-KEIL/BDS5_OSC/Drivers/DSP/Include" -O0 -ffunction-sections -fdata-sections -Wall -fstack-usage -MMD -MP -MF"Drivers/STM32F4xx_HAL_Driver/Src/stm32f4xx_hal_flash_ex.d" -MT"Drivers/STM32F4xx_HAL_Driver/Src/stm32f4xx_hal_flash_ex.o" --specs=nano.specs -mfpu=fpv4-sp-d16 -mfloat-abi=hard -mthumb -o "Drivers/STM32F4xx_HAL_Driver/Src/stm32f4xx_hal_flash_ex.o"
arm-none-eabi-gcc "../Drivers/STM32F4xx_HAL_Driver/Src/stm32f4xx_hal_flash_ramfunc.c" -mcpu=cortex-m4 -std=gnu11 -g3 -DDEBUG -DUSE_HAL_DRIVER -DSTM32F407xx -DARM_MATH_CM4 -D__TARGET_FPU_VFP -c -I../Core/Inc -I../Drivers/STM32F4xx_HAL_Driver/Inc -I../Drivers/STM32F4xx_HAL_Driver/Inc/Legacy -I../Drivers/CMSIS/Device/ST/STM32F4xx/Include -I../Drivers/CMSIS/Include -I"D:/Work-Ele/A-KEIL/BDS5_OSC/Drivers/DSP" -I"D:/Work-Ele/A-KEIL/BDS5_OSC/Drivers/DSP/Include" -O0 -ffunction-sections -fdata-sections -Wall -fstack-usage -MMD -MP -MF"Drivers/STM32F4xx_HAL_Driver/Src/stm32f4xx_hal_flash_ramfunc.d" -MT"Drivers/STM32F4xx_HAL_Driver/Src/stm32f4xx_hal_flash_ramfunc.o" --specs=nano.specs -mfpu=fpv4-sp-d16 -mfloat-abi=hard -mthumb -o "Drivers/STM32F4xx_HAL_Driver/Src/stm32f4xx_hal_flash_ramfunc.o"
arm-none-eabi-gcc "../Drivers/STM32F4xx_HAL_Driver/Src/stm32f4xx_hal_gpio.c" -mcpu=cortex-m4 -std=gnu11 -g3 -DDEBUG -DUSE_HAL_DRIVER -DSTM32F407xx -DARM_MATH_CM4 -D__TARGET_FPU_VFP -c -I../Core/Inc -I../Drivers/STM32F4xx_HAL_Driver/Inc -I../Drivers/STM32F4xx_HAL_Driver/Inc/Legacy -I../Drivers/CMSIS/Device/ST/STM32F4xx/Include -I../Drivers/CMSIS/Include -I"D:/Work-Ele/A-KEIL/BDS5_OSC/Drivers/DSP" -I"D:/Work-Ele/A-KEIL/BDS5_OSC/Drivers/DSP/Include" -O0 -ffunction-sections -fdata-sections -Wall -fstack-usage -MMD -MP -MF"Drivers/STM32F4xx_HAL_Driver/Src/stm32f4xx_hal_gpio.d" -MT"Drivers/STM32F4xx_HAL_Driver/Src/stm32f4xx_hal_gpio.o" --specs=nano.specs -mfpu=fpv4-sp-d16 -mfloat-abi=hard -mthumb -o "Drivers/STM32F4xx_HAL_Driver/Src/stm32f4xx_hal_gpio.o"
arm-none-eabi-gcc "../Drivers/STM32F4xx_HAL_Driver/Src/stm32f4xx_hal_pwr.c" -mcpu=cortex-m4 -std=gnu11 -g3 -DDEBUG -DUSE_HAL_DRIVER -DSTM32F407xx -DARM_MATH_CM4 -D__TARGET_FPU_VFP -c -I../Core/Inc -I../Drivers/STM32F4xx_HAL_Driver/Inc -I../Drivers/STM32F4xx_HAL_Driver/Inc/Legacy -I../Drivers/CMSIS/Device/ST/STM32F4xx/Include -I../Drivers/CMSIS/Include -I"D:/Work-Ele/A-KEIL/BDS5_OSC/Drivers/DSP" -I"D:/Work-Ele/A-KEIL/BDS5_OSC/Drivers/DSP/Include" -O0 -ffunction-sections -fdata-sections -Wall -fstack-usage -MMD -MP -MF"Drivers/STM32F4xx_HAL_Driver/Src/stm32f4xx_hal_pwr.d" -MT"Drivers/STM32F4xx_HAL_Driver/Src/stm32f4xx_hal_pwr.o" --specs=nano.specs -mfpu=fpv4-sp-d16 -mfloat-abi=hard -mthumb -o "Drivers/STM32F4xx_HAL_Driver/Src/stm32f4xx_hal_pwr.o"
arm-none-eabi-gcc "../Drivers/STM32F4xx_HAL_Driver/Src/stm32f4xx_hal_pwr_ex.c" -mcpu=cortex-m4 -std=gnu11 -g3 -DDEBUG -DUSE_HAL_DRIVER -DSTM32F407xx -DARM_MATH_CM4 -D__TARGET_FPU_VFP -c -I../Core/Inc -I../Drivers/STM32F4xx_HAL_Driver/Inc -I../Drivers/STM32F4xx_HAL_Driver/Inc/Legacy -I../Drivers/CMSIS/Device/ST/STM32F4xx/Include -I../Drivers/CMSIS/Include -I"D:/Work-Ele/A-KEIL/BDS5_OSC/Drivers/DSP" -I"D:/Work-Ele/A-KEIL/BDS5_OSC/Drivers/DSP/Include" -O0 -ffunction-sections -fdata-sections -Wall -fstack-usage -MMD -MP -MF"Drivers/STM32F4xx_HAL_Driver/Src/stm32f4xx_hal_pwr_ex.d" -MT"Drivers/STM32F4xx_HAL_Driver/Src/stm32f4xx_hal_pwr_ex.o" --specs=nano.specs -mfpu=fpv4-sp-d16 -mfloat-abi=hard -mthumb -o "Drivers/STM32F4xx_HAL_Driver/Src/stm32f4xx_hal_pwr_ex.o"
arm-none-eabi-gcc "../Drivers/STM32F4xx_HAL_Driver/Src/stm32f4xx_hal_rcc.c" -mcpu=cortex-m4 -std=gnu11 -g3 -DDEBUG -DUSE_HAL_DRIVER -DSTM32F407xx -DARM_MATH_CM4 -D__TARGET_FPU_VFP -c -I../Core/Inc -I../Drivers/STM32F4xx_HAL_Driver/Inc -I../Drivers/STM32F4xx_HAL_Driver/Inc/Legacy -I../Drivers/CMSIS/Device/ST/STM32F4xx/Include -I../Drivers/CMSIS/Include -I"D:/Work-Ele/A-KEIL/BDS5_OSC/Drivers/DSP" -I"D:/Work-Ele/A-KEIL/BDS5_OSC/Drivers/DSP/Include" -O0 -ffunction-sections -fdata-sections -Wall -fstack-usage -MMD -MP -MF"Drivers/STM32F4xx_HAL_Driver/Src/stm32f4xx_hal_rcc.d" -MT"Drivers/STM32F4xx_HAL_Driver/Src/stm32f4xx_hal_rcc.o" --specs=nano.specs -mfpu=fpv4-sp-d16 -mfloat-abi=hard -mthumb -o "Drivers/STM32F4xx_HAL_Driver/Src/stm32f4xx_hal_rcc.o"
arm-none-eabi-gcc "../Drivers/STM32F4xx_HAL_Driver/Src/stm32f4xx_hal_rcc_ex.c" -mcpu=cortex-m4 -std=gnu11 -g3 -DDEBUG -DUSE_HAL_DRIVER -DSTM32F407xx -DARM_MATH_CM4 -D__TARGET_FPU_VFP -c -I../Core/Inc -I../Drivers/STM32F4xx_HAL_Driver/Inc -I../Drivers/STM32F4xx_HAL_Driver/Inc/Legacy -I../Drivers/CMSIS/Device/ST/STM32F4xx/Include -I../Drivers/CMSIS/Include -I"D:/Work-Ele/A-KEIL/BDS5_OSC/Drivers/DSP" -I"D:/Work-Ele/A-KEIL/BDS5_OSC/Drivers/DSP/Include" -O0 -ffunction-sections -fdata-sections -Wall -fstack-usage -MMD -MP -MF"Drivers/STM32F4xx_HAL_Driver/Src/stm32f4xx_hal_rcc_ex.d" -MT"Drivers/STM32F4xx_HAL_Driver/Src/stm32f4xx_hal_rcc_ex.o" --specs=nano.specs -mfpu=fpv4-sp-d16 -mfloat-abi=hard -mthumb -o "Drivers/STM32F4xx_HAL_Driver/Src/stm32f4xx_hal_rcc_ex.o"
arm-none-eabi-gcc "../Drivers/STM32F4xx_HAL_Driver/Src/stm32f4xx_hal_spi.c" -mcpu=cortex-m4 -std=gnu11 -g3 -DDEBUG -DUSE_HAL_DRIVER -DSTM32F407xx -DARM_MATH_CM4 -D__TARGET_FPU_VFP -c -I../Core/Inc -I../Drivers/STM32F4xx_HAL_Driver/Inc -I../Drivers/STM32F4xx_HAL_Driver/Inc/Legacy -I../Drivers/CMSIS/Device/ST/STM32F4xx/Include -I../Drivers/CMSIS/Include -I"D:/Work-Ele/A-KEIL/BDS5_OSC/Drivers/DSP" -I"D:/Work-Ele/A-KEIL/BDS5_OSC/Drivers/DSP/Include" -O0 -ffunction-sections -fdata-sections -Wall -fstack-usage -MMD -MP -MF"Drivers/STM32F4xx_HAL_Driver/Src/stm32f4xx_hal_spi.d" -MT"Drivers/STM32F4xx_HAL_Driver/Src/stm32f4xx_hal_spi.o" --specs=nano.specs -mfpu=fpv4-sp-d16 -mfloat-abi=hard -mthumb -o "Drivers/STM32F4xx_HAL_Driver/Src/stm32f4xx_hal_spi.o"
arm-none-eabi-gcc "../Drivers/STM32F4xx_HAL_Driver/Src/stm32f4xx_hal_sram.c" -mcpu=cortex-m4 -std=gnu11 -g3 -DDEBUG -DUSE_HAL_DRIVER -DSTM32F407xx -DARM_MATH_CM4 -D__TARGET_FPU_VFP -c -I../Core/Inc -I../Drivers/STM32F4xx_HAL_Driver/Inc -I../Drivers/STM32F4xx_HAL_Driver/Inc/Legacy -I../Drivers/CMSIS/Device/ST/STM32F4xx/Include -I../Drivers/CMSIS/Include -I"D:/Work-Ele/A-KEIL/BDS5_OSC/Drivers/DSP" -I"D:/Work-Ele/A-KEIL/BDS5_OSC/Drivers/DSP/Include" -O0 -ffunction-sections -fdata-sections -Wall -fstack-usage -MMD -MP -MF"Drivers/STM32F4xx_HAL_Driver/Src/stm32f4xx_hal_sram.d" -MT"Drivers/STM32F4xx_HAL_Driver/Src/stm32f4xx_hal_sram.o" --specs=nano.specs -mfpu=fpv4-sp-d16 -mfloat-abi=hard -mthumb -o "Drivers/STM32F4xx_HAL_Driver/Src/stm32f4xx_hal_sram.o"
arm-none-eabi-gcc "../Drivers/STM32F4xx_HAL_Driver/Src/stm32f4xx_hal_tim.c" -mcpu=cortex-m4 -std=gnu11 -g3 -DDEBUG -DUSE_HAL_DRIVER -DSTM32F407xx -DARM_MATH_CM4 -D__TARGET_FPU_VFP -c -I../Core/Inc -I../Drivers/STM32F4xx_HAL_Driver/Inc -I../Drivers/STM32F4xx_HAL_Driver/Inc/Legacy -I../Drivers/CMSIS/Device/ST/STM32F4xx/Include -I../Drivers/CMSIS/Include -I"D:/Work-Ele/A-KEIL/BDS5_OSC/Drivers/DSP" -I"D:/Work-Ele/A-KEIL/BDS5_OSC/Drivers/DSP/Include" -O0 -ffunction-sections -fdata-sections -Wall -fstack-usage -MMD -MP -MF"Drivers/STM32F4xx_HAL_Driver/Src/stm32f4xx_hal_tim.d" -MT"Drivers/STM32F4xx_HAL_Driver/Src/stm32f4xx_hal_tim.o" --specs=nano.specs -mfpu=fpv4-sp-d16 -mfloat-abi=hard -mthumb -o "Drivers/STM32F4xx_HAL_Driver/Src/stm32f4xx_hal_tim.o"
arm-none-eabi-gcc "../Drivers/STM32F4xx_HAL_Driver/Src/stm32f4xx_hal_tim_ex.c" -mcpu=cortex-m4 -std=gnu11 -g3 -DDEBUG -DUSE_HAL_DRIVER -DSTM32F407xx -DARM_MATH_CM4 -D__TARGET_FPU_VFP -c -I../Core/Inc -I../Drivers/STM32F4xx_HAL_Driver/Inc -I../Drivers/STM32F4xx_HAL_Driver/Inc/Legacy -I../Drivers/CMSIS/Device/ST/STM32F4xx/Include -I../Drivers/CMSIS/Include -I"D:/Work-Ele/A-KEIL/BDS5_OSC/Drivers/DSP" -I"D:/Work-Ele/A-KEIL/BDS5_OSC/Drivers/DSP/Include" -O0 -ffunction-sections -fdata-sections -Wall -fstack-usage -MMD -MP -MF"Drivers/STM32F4xx_HAL_Driver/Src/stm32f4xx_hal_tim_ex.d" -MT"Drivers/STM32F4xx_HAL_Driver/Src/stm32f4xx_hal_tim_ex.o" --specs=nano.specs -mfpu=fpv4-sp-d16 -mfloat-abi=hard -mthumb -o "Drivers/STM32F4xx_HAL_Driver/Src/stm32f4xx_hal_tim_ex.o"
arm-none-eabi-gcc "../Drivers/STM32F4xx_HAL_Driver/Src/stm32f4xx_hal_uart.c" -mcpu=cortex-m4 -std=gnu11 -g3 -DDEBUG -DUSE_HAL_DRIVER -DSTM32F407xx -DARM_MATH_CM4 -D__TARGET_FPU_VFP -c -I../Core/Inc -I../Drivers/STM32F4xx_HAL_Driver/Inc -I../Drivers/STM32F4xx_HAL_Driver/Inc/Legacy -I../Drivers/CMSIS/Device/ST/STM32F4xx/Include -I../Drivers/CMSIS/Include -I"D:/Work-Ele/A-KEIL/BDS5_OSC/Drivers/DSP" -I"D:/Work-Ele/A-KEIL/BDS5_OSC/Drivers/DSP/Include" -O0 -ffunction-sections -fdata-sections -Wall -fstack-usage -MMD -MP -MF"Drivers/STM32F4xx_HAL_Driver/Src/stm32f4xx_hal_uart.d" -MT"Drivers/STM32F4xx_HAL_Driver/Src/stm32f4xx_hal_uart.o" --specs=nano.specs -mfpu=fpv4-sp-d16 -mfloat-abi=hard -mthumb -o "Drivers/STM32F4xx_HAL_Driver/Src/stm32f4xx_hal_uart.o"
arm-none-eabi-gcc "../Drivers/STM32F4xx_HAL_Driver/Src/stm32f4xx_ll_fsmc.c" -mcpu=cortex-m4 -std=gnu11 -g3 -DDEBUG -DUSE_HAL_DRIVER -DSTM32F407xx -DARM_MATH_CM4 -D__TARGET_FPU_VFP -c -I../Core/Inc -I../Drivers/STM32F4xx_HAL_Driver/Inc -I../Drivers/STM32F4xx_HAL_Driver/Inc/Legacy -I../Drivers/CMSIS/Device/ST/STM32F4xx/Include -I../Drivers/CMSIS/Include -I"D:/Work-Ele/A-KEIL/BDS5_OSC/Drivers/DSP" -I"D:/Work-Ele/A-KEIL/BDS5_OSC/Drivers/DSP/Include" -O0 -ffunction-sections -fdata-sections -Wall -fstack-usage -MMD -MP -MF"Drivers/STM32F4xx_HAL_Driver/Src/stm32f4xx_ll_fsmc.d" -MT"Drivers/STM32F4xx_HAL_Driver/Src/stm32f4xx_ll_fsmc.o" --specs=nano.specs -mfpu=fpv4-sp-d16 -mfloat-abi=hard -mthumb -o "Drivers/STM32F4xx_HAL_Driver/Src/stm32f4xx_ll_fsmc.o"
arm-none-eabi-gcc "../Core/Src/ADS8688.c" -mcpu=cortex-m4 -std=gnu11 -g3 -DDEBUG -DUSE_HAL_DRIVER -DSTM32F407xx -DARM_MATH_CM4 -D__TARGET_FPU_VFP -c -I../Core/Inc -I../Drivers/STM32F4xx_HAL_Driver/Inc -I../Drivers/STM32F4xx_HAL_Driver/Inc/Legacy -I../Drivers/CMSIS/Device/ST/STM32F4xx/Include -I../Drivers/CMSIS/Include -I"D:/Work-Ele/A-KEIL/BDS5_OSC/Drivers/DSP" -I"D:/Work-Ele/A-KEIL/BDS5_OSC/Drivers/DSP/Include" -O0 -ffunction-sections -fdata-sections -Wall -fstack-usage -MMD -MP -MF"Core/Src/ADS8688.d" -MT"Core/Src/ADS8688.o" --specs=nano.specs -mfpu=fpv4-sp-d16 -mfloat-abi=hard -mthumb -o "Core/Src/ADS8688.o"
arm-none-eabi-gcc "../Core/Src/fsmc.c" -mcpu=cortex-m4 -std=gnu11 -g3 -DDEBUG -DUSE_HAL_DRIVER -DSTM32F407xx -DARM_MATH_CM4 -D__TARGET_FPU_VFP -c -I../Core/Inc -I../Drivers/STM32F4xx_HAL_Driver/Inc -I../Drivers/STM32F4xx_HAL_Driver/Inc/Legacy -I../Drivers/CMSIS/Device/ST/STM32F4xx/Include -I../Drivers/CMSIS/Include -I"D:/Work-Ele/A-KEIL/BDS5_OSC/Drivers/DSP" -I"D:/Work-Ele/A-KEIL/BDS5_OSC/Drivers/DSP/Include" -O0 -ffunction-sections -fdata-sections -Wall -fstack-usage -MMD -MP -MF"Core/Src/fsmc.d" -MT"Core/Src/fsmc.o" --specs=nano.specs -mfpu=fpv4-sp-d16 -mfloat-abi=hard -mthumb -o "Core/Src/fsmc.o"
arm-none-eabi-gcc "../Core/Src/gpio.c" -mcpu=cortex-m4 -std=gnu11 -g3 -DDEBUG -DUSE_HAL_DRIVER -DSTM32F407xx -DARM_MATH_CM4 -D__TARGET_FPU_VFP -c -I../Core/Inc -I../Drivers/STM32F4xx_HAL_Driver/Inc -I../Drivers/STM32F4xx_HAL_Driver/Inc/Legacy -I../Drivers/CMSIS/Device/ST/STM32F4xx/Include -I../Drivers/CMSIS/Include -I"D:/Work-Ele/A-KEIL/BDS5_OSC/Drivers/DSP" -I"D:/Work-Ele/A-KEIL/BDS5_OSC/Drivers/DSP/Include" -O0 -ffunction-sections -fdata-sections -Wall -fstack-usage -MMD -MP -MF"Core/Src/gpio.d" -MT"Core/Src/gpio.o" --specs=nano.specs -mfpu=fpv4-sp-d16 -mfloat-abi=hard -mthumb -o "Core/Src/gpio.o"
arm-none-eabi-gcc "../Core/Src/lcd.c" -mcpu=cortex-m4 -std=gnu11 -g3 -DDEBUG -DUSE_HAL_DRIVER -DSTM32F407xx -DARM_MATH_CM4 -D__TARGET_FPU_VFP -c -I../Core/Inc -I../Drivers/STM32F4xx_HAL_Driver/Inc -I../Drivers/STM32F4xx_HAL_Driver/Inc/Legacy -I../Drivers/CMSIS/Device/ST/STM32F4xx/Include -I../Drivers/CMSIS/Include -I"D:/Work-Ele/A-KEIL/BDS5_OSC/Drivers/DSP" -I"D:/Work-Ele/A-KEIL/BDS5_OSC/Drivers/DSP/Include" -O0 -ffunction-sections -fdata-sections -Wall -fstack-usage -MMD -MP -MF"Core/Src/lcd.d" -MT"Core/Src/lcd.o" --specs=nano.specs -mfpu=fpv4-sp-d16 -mfloat-abi=hard -mthumb -o "Core/Src/lcd.o"
arm-none-eabi-gcc "../Core/Src/main.c" -mcpu=cortex-m4 -std=gnu11 -g3 -DDEBUG -DUSE_HAL_DRIVER -DSTM32F407xx -DARM_MATH_CM4 -D__TARGET_FPU_VFP -c -I../Core/Inc -I../Drivers/STM32F4xx_HAL_Driver/Inc -I../Drivers/STM32F4xx_HAL_Driver/Inc/Legacy -I../Drivers/CMSIS/Device/ST/STM32F4xx/Include -I../Drivers/CMSIS/Include -I"D:/Work-Ele/A-KEIL/BDS5_OSC/Drivers/DSP" -I"D:/Work-Ele/A-KEIL/BDS5_OSC/Drivers/DSP/Include" -O0 -ffunction-sections -fdata-sections -Wall -fstack-usage -MMD -MP -MF"Core/Src/main.d" -MT"Core/Src/main.o" --specs=nano.specs -mfpu=fpv4-sp-d16 -mfloat-abi=hard -mthumb -o "Core/Src/main.o"
arm-none-eabi-gcc "../Core/Src/spi.c" -mcpu=cortex-m4 -std=gnu11 -g3 -DDEBUG -DUSE_HAL_DRIVER -DSTM32F407xx -DARM_MATH_CM4 -D__TARGET_FPU_VFP -c -I../Core/Inc -I../Drivers/STM32F4xx_HAL_Driver/Inc -I../Drivers/STM32F4xx_HAL_Driver/Inc/Legacy -I../Drivers/CMSIS/Device/ST/STM32F4xx/Include -I../Drivers/CMSIS/Include -I"D:/Work-Ele/A-KEIL/BDS5_OSC/Drivers/DSP" -I"D:/Work-Ele/A-KEIL/BDS5_OSC/Drivers/DSP/Include" -O0 -ffunction-sections -fdata-sections -Wall -fstack-usage -MMD -MP -MF"Core/Src/spi.d" -MT"Core/Src/spi.o" --specs=nano.specs -mfpu=fpv4-sp-d16 -mfloat-abi=hard -mthumb -o "Core/Src/spi.o"
arm-none-eabi-gcc "../Core/Src/stm32f4xx_hal_msp.c" -mcpu=cortex-m4 -std=gnu11 -g3 -DDEBUG -DUSE_HAL_DRIVER -DSTM32F407xx -DARM_MATH_CM4 -D__TARGET_FPU_VFP -c -I../Core/Inc -I../Drivers/STM32F4xx_HAL_Driver/Inc -I../Drivers/STM32F4xx_HAL_Driver/Inc/Legacy -I../Drivers/CMSIS/Device/ST/STM32F4xx/Include -I../Drivers/CMSIS/Include -I"D:/Work-Ele/A-KEIL/BDS5_OSC/Drivers/DSP" -I"D:/Work-Ele/A-KEIL/BDS5_OSC/Drivers/DSP/Include" -O0 -ffunction-sections -fdata-sections -Wall -fstack-usage -MMD -MP -MF"Core/Src/stm32f4xx_hal_msp.d" -MT"Core/Src/stm32f4xx_hal_msp.o" --specs=nano.specs -mfpu=fpv4-sp-d16 -mfloat-abi=hard -mthumb -o "Core/Src/stm32f4xx_hal_msp.o"
arm-none-eabi-gcc "../Core/Src/stm32f4xx_it.c" -mcpu=cortex-m4 -std=gnu11 -g3 -DDEBUG -DUSE_HAL_DRIVER -DSTM32F407xx -DARM_MATH_CM4 -D__TARGET_FPU_VFP -c -I../Core/Inc -I../Drivers/STM32F4xx_HAL_Driver/Inc -I../Drivers/STM32F4xx_HAL_Driver/Inc/Legacy -I../Drivers/CMSIS/Device/ST/STM32F4xx/Include -I../Drivers/CMSIS/Include -I"D:/Work-Ele/A-KEIL/BDS5_OSC/Drivers/DSP" -I"D:/Work-Ele/A-KEIL/BDS5_OSC/Drivers/DSP/Include" -O0 -ffunction-sections -fdata-sections -Wall -fstack-usage -MMD -MP -MF"Core/Src/stm32f4xx_it.d" -MT"Core/Src/stm32f4xx_it.o" --specs=nano.specs -mfpu=fpv4-sp-d16 -mfloat-abi=hard -mthumb -o "Core/Src/stm32f4xx_it.o"
arm-none-eabi-gcc "../Core/Src/system_stm32f4xx.c" -mcpu=cortex-m4 -std=gnu11 -g3 -DDEBUG -DUSE_HAL_DRIVER -DSTM32F407xx -DARM_MATH_CM4 -D__TARGET_FPU_VFP -c -I../Core/Inc -I../Drivers/STM32F4xx_HAL_Driver/Inc -I../Drivers/STM32F4xx_HAL_Driver/Inc/Legacy -I../Drivers/CMSIS/Device/ST/STM32F4xx/Include -I../Drivers/CMSIS/Include -I"D:/Work-Ele/A-KEIL/BDS5_OSC/Drivers/DSP" -I"D:/Work-Ele/A-KEIL/BDS5_OSC/Drivers/DSP/Include" -O0 -ffunction-sections -fdata-sections -Wall -fstack-usage -MMD -MP -MF"Core/Src/system_stm32f4xx.d" -MT"Core/Src/system_stm32f4xx.o" --specs=nano.specs -mfpu=fpv4-sp-d16 -mfloat-abi=hard -mthumb -o "Core/Src/system_stm32f4xx.o"
../Core/Src/lcd.c: In function 'IIC_Start':
../Core/Src/lcd.c:39:2: warning: implicit declaration of function 'delay_us' [-Wimplicit-function-declaration]
arm-none-eabi-gcc "../Core/Src/tim.c" -mcpu=cortex-m4 -std=gnu11 -g3 -DDEBUG -DUSE_HAL_DRIVER -DSTM32F407xx -DARM_MATH_CM4 -D__TARGET_FPU_VFP -c -I../Core/Inc -I../Drivers/STM32F4xx_HAL_Driver/Inc -I../Drivers/STM32F4xx_HAL_Driver/Inc/Legacy -I../Drivers/CMSIS/Device/ST/STM32F4xx/Include -I../Drivers/CMSIS/Include -I"D:/Work-Ele/A-KEIL/BDS5_OSC/Drivers/DSP" -I"D:/Work-Ele/A-KEIL/BDS5_OSC/Drivers/DSP/Include" -O0 -ffunction-sections -fdata-sections -Wall -fstack-usage -MMD -MP -MF"Core/Src/tim.d" -MT"Core/Src/tim.o" --specs=nano.specs -mfpu=fpv4-sp-d16 -mfloat-abi=hard -mthumb -o "Core/Src/tim.o"
   39 |  delay_us(4);
      |  ^~~~~~~~
../Core/Src/lcd.c: At top level:
../Core/Src/lcd.c:272:2: warning: missing braces around initializer [-Wmissing-braces]
  272 |  {
      |  ^
......
  276 |   0,
      |   {
......
  280 |   0,
      |    }
  281 |   0,
      |   {
......
  284 | };
      | }
../Core/Src/lcd.c:533:31: warning: pointer targets in initialization of 'u8 * const' {aka 'unsigned char * const'} from 'char *' differ in signedness [-Wpointer-sign]
  533 | u8 *const TP_REMIND_MSG_TBL = "Please use the stylus click the cross on the screen.The cross will always move until the screen adjustment is completed.";
      |                               ^~~~~~~~~~~~~~~~~~~~~~~~~~~~~~~~~~~~~~~~~~~~~~~~~~~~~~~~~~~~~~~~~~~~~~~~~~~~~~~~~~~~~~~~~~~~~~~~~~~~~~~~~~~~~~~~~~~~~~~~~~
../Core/Src/lcd.c: In function 'TP_Adj_Info_Show':
../Core/Src/lcd.c:539:59: warning: pointer targets in passing argument 6 of 'LCD_ShowString' differ in signedness [-Wpointer-sign]
  539 |  LCD_ShowString(40, 160, lcddev.width, lcddev.height, 16, "x1:");
      |                                                           ^~~~~
      |                                                           |
      |                                                           char *
In file included from ../Core/Src/lcd.c:9:
../Core/Inc/lcd.h:212:96: note: expected 'uint8_t *' {aka 'unsigned char *'} but argument is of type 'char *'
  212 | void LCD_ShowString(uint16_t x,uint16_t y,uint16_t width,uint16_t height,uint8_t size,uint8_t *p);  //æ˜¾ç¤ºä¸?ä¸ªå­—ç¬¦ä¸²,12/16å­—ä½“
      |                                                                                       ~~~~~~~~~^
../Core/Src/lcd.c:540:64: warning: pointer targets in passing argument 6 of 'LCD_ShowString' differ in signedness [-Wpointer-sign]
  540 |  LCD_ShowString(40 + 80, 160, lcddev.width, lcddev.height, 16, "y1:");
      |                                                                ^~~~~
      |                                                                |
      |                                                                char *
In file included from ../Core/Src/lcd.c:9:
../Core/Inc/lcd.h:212:96: note: expected 'uint8_t *' {aka 'unsigned char *'} but argument is of type 'char *'
  212 | void LCD_ShowString(uint16_t x,uint16_t y,uint16_t width,uint16_t height,uint8_t size,uint8_t *p);  //æ˜¾ç¤ºä¸?ä¸ªå­—ç¬¦ä¸²,12/16å­—ä½“
      |                                                                                       ~~~~~~~~~^
../Core/Src/lcd.c:541:59: warning: pointer targets in passing argument 6 of 'LCD_ShowString' differ in signedness [-Wpointer-sign]
  541 |  LCD_ShowString(40, 180, lcddev.width, lcddev.height, 16, "x2:");
      |                                                           ^~~~~
      |                                                           |
      |                                                           char *
In file included from ../Core/Src/lcd.c:9:
../Core/Inc/lcd.h:212:96: note: expected 'uint8_t *' {aka 'unsigned char *'} but argument is of type 'char *'
  212 | void LCD_ShowString(uint16_t x,uint16_t y,uint16_t width,uint16_t height,uint8_t size,uint8_t *p);  //æ˜¾ç¤ºä¸?ä¸ªå­—ç¬¦ä¸²,12/16å­—ä½“
      |                                                                                       ~~~~~~~~~^
../Core/Src/lcd.c:542:64: warning: pointer targets in passing argument 6 of 'LCD_ShowString' differ in signedness [-Wpointer-sign]
  542 |  LCD_ShowString(40 + 80, 180, lcddev.width, lcddev.height, 16, "y2:");
      |                                                                ^~~~~
      |                                                                |
      |                                                                char *
In file included from ../Core/Src/lcd.c:9:
../Core/Inc/lcd.h:212:96: note: expected 'uint8_t *' {aka 'unsigned char *'} but argument is of type 'char *'
  212 | void LCD_ShowString(uint16_t x,uint16_t y,uint16_t width,uint16_t height,uint8_t size,uint8_t *p);  //æ˜¾ç¤ºä¸?ä¸ªå­—ç¬¦ä¸²,12/16å­—ä½“
      |                                                                                       ~~~~~~~~~^
../Core/Src/lcd.c:543:59: warning: pointer targets in passing argument 6 of 'LCD_ShowString' differ in signedness [-Wpointer-sign]
  543 |  LCD_ShowString(40, 200, lcddev.width, lcddev.height, 16, "x3:");
      |                                                           ^~~~~
      |                                                           |
      |                                                           char *
In file included from ../Core/Src/lcd.c:9:
../Core/Inc/lcd.h:212:96: note: expected 'uint8_t *' {aka 'unsigned char *'} but argument is of type 'char *'
  212 | void LCD_ShowString(uint16_t x,uint16_t y,uint16_t width,uint16_t height,uint8_t size,uint8_t *p);  //æ˜¾ç¤ºä¸?ä¸ªå­—ç¬¦ä¸²,12/16å­—ä½“
      |                                                                                       ~~~~~~~~~^
../Core/Src/lcd.c:544:64: warning: pointer targets in passing argument 6 of 'LCD_ShowString' differ in signedness [-Wpointer-sign]
  544 |  LCD_ShowString(40 + 80, 200, lcddev.width, lcddev.height, 16, "y3:");
      |                                                                ^~~~~
      |                                                                |
      |                                                                char *
In file included from ../Core/Src/lcd.c:9:
../Core/Inc/lcd.h:212:96: note: expected 'uint8_t *' {aka 'unsigned char *'} but argument is of type 'char *'
  212 | void LCD_ShowString(uint16_t x,uint16_t y,uint16_t width,uint16_t height,uint8_t size,uint8_t *p);  //æ˜¾ç¤ºä¸?ä¸ªå­—ç¬¦ä¸²,12/16å­—ä½“
      |                                                                                       ~~~~~~~~~^
../Core/Src/lcd.c:545:59: warning: pointer targets in passing argument 6 of 'LCD_ShowString' differ in signedness [-Wpointer-sign]
  545 |  LCD_ShowString(40, 220, lcddev.width, lcddev.height, 16, "x4:");
      |                                                           ^~~~~
      |                                                           |
      |                                                           char *
In file included from ../Core/Src/lcd.c:9:
../Core/Inc/lcd.h:212:96: note: expected 'uint8_t *' {aka 'unsigned char *'} but argument is of type 'char *'
  212 | void LCD_ShowString(uint16_t x,uint16_t y,uint16_t width,uint16_t height,uint8_t size,uint8_t *p);  //æ˜¾ç¤ºä¸?ä¸ªå­—ç¬¦ä¸²,12/16å­—ä½“
      |                                                                                       ~~~~~~~~~^
../Core/Src/lcd.c:546:64: warning: pointer targets in passing argument 6 of 'LCD_ShowString' differ in signedness [-Wpointer-sign]
[...]
../Core/Src/main.c: In function 'main':
../Core/Src/main.c:143:192: error: expected expression before ',' token
  143 |      printf("CHN_%d: %u    "BYTE_TO_BIN_PAT" "BYTE_TO_BIN_PAT"  %d.%d\n", i, (uint16_t)(ads_data[1]<<8 | ads_data[0]), BYTE_TO_BIN(ads_data[1]), BYTE_TO_BIN(ads_data[0]), (volt[i]/100000000)-, volt[i]%100000000);
      |                                                                                                                                                                                                ^
make: *** [Core/Src/subdir.mk:63: Core/Src/main.o] Error 1
"make -j8 all" terminated with exit code 2. Build might be incomplete.
01:18:38 **** Incremental Build of configuration Debug for project BDS5_OSC ****
make -j8 all 
arm-none-eabi-gcc "../Core/Src/main.c" -mcpu=cortex-m4 -std=gnu11 -g3 -DDEBUG -DUSE_HAL_DRIVER -DSTM32F407xx -DARM_MATH_CM4 -D__TARGET_FPU_VFP -c -I../Core/Inc -I../Drivers/STM32F4xx_HAL_Driver/Inc -I../Drivers/STM32F4xx_HAL_Driver/Inc/Legacy -I../Drivers/CMSIS/Device/ST/STM32F4xx/Include -I../Drivers/CMSIS/Include -I"D:/Work-Ele/A-KEIL/BDS5_OSC/Drivers/DSP" -I"D:/Work-Ele/A-KEIL/BDS5_OSC/Drivers/DSP/Include" -O0 -ffunction-sections -fdata-sections -Wall -fstack-usage -MMD -MP -MF"Core/Src/main.d" -MT"Core/Src/main.o" --specs=nano.specs -mfpu=fpv4-sp-d16 -mfloat-abi=hard -mthumb -o "Core/Src/main.o"
../Core/Src/main.c: In function 'main':
../Core/Src/main.c:143:13: warning: format '%d' expects argument of type 'int', but argument 20 has type 'double' [-Wformat=]
  143 |      printf("CHN_%d: %u    "BYTE_TO_BIN_PAT" "BYTE_TO_BIN_PAT"  %d.%d\n", i, (uint16_t)(ads_data[1]<<8 | ads_data[0]), BYTE_TO_BIN(ads_data[1]), BYTE_TO_BIN(ads_data[0]), (volt[i]/100000000)-5.12, volt[i]%100000000);
      |             ^~~~~~~~~~~~~~~~                                                                                                                                               ~~~~~~~~~~~~~~~~~~~~~~~~
      |                                                                                                                                                                                               |
      |                                                                                                                                                                                               double
../Core/Src/main.c:143:66: note: format string is defined here
  143 |      printf("CHN_%d: %u    "BYTE_TO_BIN_PAT" "BYTE_TO_BIN_PAT"  %d.%d\n", i, (uint16_t)(ads_data[1]<<8 | ads_data[0]), BYTE_TO_BIN(ads_data[1]), BYTE_TO_BIN(ads_data[0]), (volt[i]/100000000)-5.12, volt[i]%100000000);
      |                                                                 ~^
      |                                                                  |
      |                                                                  int
      |                                                                 %f
arm-none-eabi-gcc -o "BDS5_OSC.elf" @"objects.list"   -mcpu=cortex-m4 -T"D:\Work-Ele\A-KEIL\BDS5_OSC\STM32F407ZGTX_FLASH.ld" --specs=nosys.specs -Wl,-Map="BDS5_OSC.map" -Wl,--gc-sections -static "D:\Work-Ele\A-KEIL\BDS5_OSC\Drivers\DSP\libarm_cortexM4lf_math.a" --specs=nano.specs -mfpu=fpv4-sp-d16 -mfloat-abi=hard -mthumb -u _printf_float -u _scanf_float -Wl,--start-group -lc -lm -Wl,--end-group
£¤???????????£¤??????????? BDS5_OSC.elf
 
arm-none-eabi-objdump -h -S  BDS5_OSC.elf  > "BDS5_OSC.list"
arm-none-eabi-objcopy  -O binary  BDS5_OSC.elf  "BDS5_OSC.bin"
arm-none-eabi-size   BDS5_OSC.elf 
   text	   data	    bss	    dec	    hex	filename
  38928	    492	   2084	  41504	   a220	BDS5_OSC.elf
£¤???????????£¤????? default.size.stdout
 
£¤???????????£¤????? BDS5_OSC.bin
 
£¤???????????£¤????? BDS5_OSC.list
 
01:20:01 **** Incremental Build of configuration Debug for project BDS5_OSC ****
make -j8 all 
arm-none-eabi-gcc "../Core/Src/main.c" -mcpu=cortex-m4 -std=gnu11 -g3 -DDEBUG -DUSE_HAL_DRIVER -DSTM32F407xx -DARM_MATH_CM4 -D__TARGET_FPU_VFP -c -I../Core/Inc -I../Drivers/STM32F4xx_HAL_Driver/Inc -I../Drivers/STM32F4xx_HAL_Driver/Inc/Legacy -I../Drivers/CMSIS/Device/ST/STM32F4xx/Include -I../Drivers/CMSIS/Include -I"D:/Work-Ele/A-KEIL/BDS5_OSC/Drivers/DSP" -I"D:/Work-Ele/A-KEIL/BDS5_OSC/Drivers/DSP/Include" -O0 -ffunction-sections -fdata-sections -Wall -fstack-usage -MMD -MP -MF"Core/Src/main.d" -MT"Core/Src/main.o" --specs=nano.specs -mfpu=fpv4-sp-d16 -mfloat-abi=hard -mthumb -o "Core/Src/main.o"
arm-none-eabi-gcc -o "BDS5_OSC.elf" @"objects.list"   -mcpu=cortex-m4 -T"D:\Work-Ele\A-KEIL\BDS5_OSC\STM32F407ZGTX_FLASH.ld" --specs=nosys.specs -Wl,-Map="BDS5_OSC.map" -Wl,--gc-sections -static "D:\Work-Ele\A-KEIL\BDS5_OSC\Drivers\DSP\libarm_cortexM4lf_math.a" --specs=nano.specs -mfpu=fpv4-sp-d16 -mfloat-abi=hard -mthumb -u _printf_float -u _scanf_float -Wl,--start-group -lc -lm -Wl,--end-group
£¤???????????£¤??????????? BDS5_OSC.elf
 
arm-none-eabi-objdump -h -S  BDS5_OSC.elf  > "BDS5_OSC.list"
arm-none-eabi-objcopy  -O binary  BDS5_OSC.elf  "BDS5_OSC.bin"
arm-none-eabi-size   BDS5_OSC.elf 
   text	   data	    bss	    dec	    hex	filename
  38880	    492	   2084	  41456	   a1f0	BDS5_OSC.elf
£¤???????????£¤????? default.size.stdout
 
£¤???????????£¤????? BDS5_OSC.bin
 
£¤???????????£¤????? BDS5_OSC.list
 
01:21:03 **** Incremental Build of configuration Debug for project BDS5_OSC ****
make -j8 all 
arm-none-eabi-size   BDS5_OSC.elf 
   text	   data	    bss	    dec	    hex	filename
  38880	    492	   2084	  41456	   a1f0	BDS5_OSC.elf
£¤???????????£¤????? default.size.stdout
 
01:26:08 **** Incremental Build of configuration Debug for project BDS5_OSC ****
make -j8 all 
arm-none-eabi-size   BDS5_OSC.elf 
   text	   data	    bss	    dec	    hex	filename
  38880	    492	   2084	  41456	   a1f0	BDS5_OSC.elf
£¤???????????£¤????? default.size.stdout
 
01:32:40 **** Incremental Build of configuration Debug for project BDS5_OSC ****
make -j8 all 
arm-none-eabi-gcc "../Core/Src/main.c" -mcpu=cortex-m4 -std=gnu11 -g3 -DDEBUG -DUSE_HAL_DRIVER -DSTM32F407xx -DARM_MATH_CM4 -D__TARGET_FPU_VFP -c -I../Core/Inc -I../Drivers/STM32F4xx_HAL_Driver/Inc -I../Drivers/STM32F4xx_HAL_Driver/Inc/Legacy -I../Drivers/CMSIS/Device/ST/STM32F4xx/Include -I../Drivers/CMSIS/Include -I"D:/Work-Ele/A-KEIL/BDS5_OSC/Drivers/DSP" -I"D:/Work-Ele/A-KEIL/BDS5_OSC/Drivers/DSP/Include" -O0 -ffunction-sections -fdata-sections -Wall -fstack-usage -MMD -MP -MF"Core/Src/main.d" -MT"Core/Src/main.o" --specs=nano.specs -mfpu=fpv4-sp-d16 -mfloat-abi=hard -mthumb -o "Core/Src/main.o"
arm-none-eabi-gcc -o "BDS5_OSC.elf" @"objects.list"   -mcpu=cortex-m4 -T"D:\Work-Ele\A-KEIL\BDS5_OSC\STM32F407ZGTX_FLASH.ld" --specs=nosys.specs -Wl,-Map="BDS5_OSC.map" -Wl,--gc-sections -static "D:\Work-Ele\A-KEIL\BDS5_OSC\Drivers\DSP\libarm_cortexM4lf_math.a" --specs=nano.specs -mfpu=fpv4-sp-d16 -mfloat-abi=hard -mthumb -u _printf_float -u _scanf_float -Wl,--start-group -lc -lm -Wl,--end-group
£¤???????????£¤??????????? BDS5_OSC.elf
 
arm-none-eabi-objdump -h -S  BDS5_OSC.elf  > "BDS5_OSC.list"
arm-none-eabi-objcopy  -O binary  BDS5_OSC.elf  "BDS5_OSC.bin"
arm-none-eabi-size   BDS5_OSC.elf 
   text	   data	    bss	    dec	    hex	filename
  38856	    492	   2052	  41400	   a1b8	BDS5_OSC.elf
£¤???????????£¤????? default.size.stdout
 
£¤???????????£¤????? BDS5_OSC.bin
 
£¤???????????£¤????? BDS5_OSC.list
 
01:33:04 **** Incremental Build of configuration Debug for project BDS5_OSC ****
make -j8 all 
arm-none-eabi-gcc "../Core/Src/main.c" -mcpu=cortex-m4 -std=gnu11 -g3 -DDEBUG -DUSE_HAL_DRIVER -DSTM32F407xx -DARM_MATH_CM4 -D__TARGET_FPU_VFP -c -I../Core/Inc -I../Drivers/STM32F4xx_HAL_Driver/Inc -I../Drivers/STM32F4xx_HAL_Driver/Inc/Legacy -I../Drivers/CMSIS/Device/ST/STM32F4xx/Include -I../Drivers/CMSIS/Include -I"D:/Work-Ele/A-KEIL/BDS5_OSC/Drivers/DSP" -I"D:/Work-Ele/A-KEIL/BDS5_OSC/Drivers/DSP/Include" -O0 -ffunction-sections -fdata-sections -Wall -fstack-usage -MMD -MP -MF"Core/Src/main.d" -MT"Core/Src/main.o" --specs=nano.specs -mfpu=fpv4-sp-d16 -mfloat-abi=hard -mthumb -o "Core/Src/main.o"
arm-none-eabi-gcc -o "BDS5_OSC.elf" @"objects.list"   -mcpu=cortex-m4 -T"D:\Work-Ele\A-KEIL\BDS5_OSC\STM32F407ZGTX_FLASH.ld" --specs=nosys.specs -Wl,-Map="BDS5_OSC.map" -Wl,--gc-sections -static "D:\Work-Ele\A-KEIL\BDS5_OSC\Drivers\DSP\libarm_cortexM4lf_math.a" --specs=nano.specs -mfpu=fpv4-sp-d16 -mfloat-abi=hard -mthumb -u _printf_float -u _scanf_float -Wl,--start-group -lc -lm -Wl,--end-group
£¤???????????£¤??????????? BDS5_OSC.elf
 
arm-none-eabi-objdump -h -S  BDS5_OSC.elf  > "BDS5_OSC.list"
arm-none-eabi-objcopy  -O binary  BDS5_OSC.elf  "BDS5_OSC.bin"
arm-none-eabi-size   BDS5_OSC.elf 
   text	   data	    bss	    dec	    hex	filename
  38840	    492	   2052	  41384	   a1a8	BDS5_OSC.elf
£¤???????????£¤????? default.size.stdout
 
£¤???????????£¤????? BDS5_OSC.bin
 
£¤???????????£¤????? BDS5_OSC.list
 
01:35:44 **** Incremental Build of configuration Debug for project BDS5_OSC ****
make -j8 all 
arm-none-eabi-gcc "../Core/Src/main.c" -mcpu=cortex-m4 -std=gnu11 -g3 -DDEBUG -DUSE_HAL_DRIVER -DSTM32F407xx -DARM_MATH_CM4 -D__TARGET_FPU_VFP -c -I../Core/Inc -I../Drivers/STM32F4xx_HAL_Driver/Inc -I../Drivers/STM32F4xx_HAL_Driver/Inc/Legacy -I../Drivers/CMSIS/Device/ST/STM32F4xx/Include -I../Drivers/CMSIS/Include -I"D:/Work-Ele/A-KEIL/BDS5_OSC/Drivers/DSP" -I"D:/Work-Ele/A-KEIL/BDS5_OSC/Drivers/DSP/Include" -O0 -ffunction-sections -fdata-sections -Wall -fstack-usage -MMD -MP -MF"Core/Src/main.d" -MT"Core/Src/main.o" --specs=nano.specs -mfpu=fpv4-sp-d16 -mfloat-abi=hard -mthumb -o "Core/Src/main.o"
arm-none-eabi-gcc -o "BDS5_OSC.elf" @"objects.list"   -mcpu=cortex-m4 -T"D:\Work-Ele\A-KEIL\BDS5_OSC\STM32F407ZGTX_FLASH.ld" --specs=nosys.specs -Wl,-Map="BDS5_OSC.map" -Wl,--gc-sections -static "D:\Work-Ele\A-KEIL\BDS5_OSC\Drivers\DSP\libarm_cortexM4lf_math.a" --specs=nano.specs -mfpu=fpv4-sp-d16 -mfloat-abi=hard -mthumb -u _printf_float -u _scanf_float -Wl,--start-group -lc -lm -Wl,--end-group
£¤???????????£¤??????????? BDS5_OSC.elf
 
arm-none-eabi-objdump -h -S  BDS5_OSC.elf  > "BDS5_OSC.list"
arm-none-eabi-objcopy  -O binary  BDS5_OSC.elf  "BDS5_OSC.bin"
arm-none-eabi-size   BDS5_OSC.elf 
   text	   data	    bss	    dec	    hex	filename
  38840	    492	   2052	  41384	   a1a8	BDS5_OSC.elf
£¤???????????£¤????? default.size.stdout
 
£¤???????????£¤????? BDS5_OSC.bin
 
£¤???????????£¤????? BDS5_OSC.list
 
01:36:15 **** Incremental Build of configuration Debug for project BDS5_OSC ****
make -j8 all 
arm-none-eabi-gcc "../Core/Src/main.c" -mcpu=cortex-m4 -std=gnu11 -g3 -DDEBUG -DUSE_HAL_DRIVER -DSTM32F407xx -DARM_MATH_CM4 -D__TARGET_FPU_VFP -c -I../Core/Inc -I../Drivers/STM32F4xx_HAL_Driver/Inc -I../Drivers/STM32F4xx_HAL_Driver/Inc/Legacy -I../Drivers/CMSIS/Device/ST/STM32F4xx/Include -I../Drivers/CMSIS/Include -I"D:/Work-Ele/A-KEIL/BDS5_OSC/Drivers/DSP" -I"D:/Work-Ele/A-KEIL/BDS5_OSC/Drivers/DSP/Include" -O0 -ffunction-sections -fdata-sections -Wall -fstack-usage -MMD -MP -MF"Core/Src/main.d" -MT"Core/Src/main.o" --specs=nano.specs -mfpu=fpv4-sp-d16 -mfloat-abi=hard -mthumb -o "Core/Src/main.o"
arm-none-eabi-gcc -o "BDS5_OSC.elf" @"objects.list"   -mcpu=cortex-m4 -T"D:\Work-Ele\A-KEIL\BDS5_OSC\STM32F407ZGTX_FLASH.ld" --specs=nosys.specs -Wl,-Map="BDS5_OSC.map" -Wl,--gc-sections -static "D:\Work-Ele\A-KEIL\BDS5_OSC\Drivers\DSP\libarm_cortexM4lf_math.a" --specs=nano.specs -mfpu=fpv4-sp-d16 -mfloat-abi=hard -mthumb -u _printf_float -u _scanf_float -Wl,--start-group -lc -lm -Wl,--end-group
£¤???????????£¤??????????? BDS5_OSC.elf
 
arm-none-eabi-objdump -h -S  BDS5_OSC.elf  > "BDS5_OSC.list"
arm-none-eabi-objcopy  -O binary  BDS5_OSC.elf  "BDS5_OSC.bin"
arm-none-eabi-size   BDS5_OSC.elf 
   text	   data	    bss	    dec	    hex	filename
  38840	    492	   2052	  41384	   a1a8	BDS5_OSC.elf
£¤???????????£¤????? default.size.stdout
 
£¤???????????£¤????? BDS5_OSC.bin
 
£¤???????????£¤????? BDS5_OSC.list
 
03:07:26 **** ¹¹½¨ of configuration Debug for project BDS5_OSC ****
make -j8 all 
arm-none-eabi-gcc "../Core/Src/main.c" -mcpu=cortex-m4 -std=gnu11 -g3 -DDEBUG -DUSE_HAL_DRIVER -DSTM32F407xx -DARM_MATH_CM4 -D__TARGET_FPU_VFP -c -I../Core/Inc -I../Drivers/STM32F4xx_HAL_Driver/Inc -I../Drivers/STM32F4xx_HAL_Driver/Inc/Legacy -I../Drivers/CMSIS/Device/ST/STM32F4xx/Include -I../Drivers/CMSIS/Include -I"D:/Work-Ele/A-KEIL/BDS5_OSC/Drivers/DSP" -I"D:/Work-Ele/A-KEIL/BDS5_OSC/Drivers/DSP/Include" -O0 -ffunction-sections -fdata-sections -Wall -fstack-usage -MMD -MP -MF"Core/Src/main.d" -MT"Core/Src/main.o" --specs=nano.specs -mfpu=fpv4-sp-d16 -mfloat-abi=hard -mthumb -o "Core/Src/main.o"
arm-none-eabi-gcc -o "BDS5_OSC.elf" @"objects.list"   -mcpu=cortex-m4 -T"D:\Work-Ele\A-KEIL\BDS5_OSC\STM32F407ZGTX_FLASH.ld" --specs=nosys.specs -Wl,-Map="BDS5_OSC.map" -Wl,--gc-sections -static "D:\Work-Ele\A-KEIL\BDS5_OSC\Drivers\DSP\libarm_cortexM4lf_math.a" --specs=nano.specs -mfpu=fpv4-sp-d16 -mfloat-abi=hard -mthumb -u _printf_float -u _scanf_float -Wl,--start-group -lc -lm -Wl,--end-group
£¤???????????£¤??????????? BDS5_OSC.elf
 
arm-none-eabi-objdump -h -S  BDS5_OSC.elf  > "BDS5_OSC.list"
arm-none-eabi-objcopy  -O binary  BDS5_OSC.elf  "BDS5_OSC.bin"
arm-none-eabi-size   BDS5_OSC.elf 
   text	   data	    bss	    dec	    hex	filename
  38840	    492	   2052	  41384	   a1a8	BDS5_OSC.elf
£¤???????????£¤????? default.size.stdout
 
£¤???????????£¤????? BDS5_OSC.bin
 
£¤???????????£¤????? BDS5_OSC.list
 
03:22:05 **** Incremental Build of configuration Debug for project BDS5_OSC ****
make -j8 all 
arm-none-eabi-gcc "../Core/Src/main.c" -mcpu=cortex-m4 -std=gnu11 -g3 -DDEBUG -DUSE_HAL_DRIVER -DSTM32F407xx -DARM_MATH_CM4 -D__TARGET_FPU_VFP -c -I../Core/Inc -I../Drivers/STM32F4xx_HAL_Driver/Inc -I../Drivers/STM32F4xx_HAL_Driver/Inc/Legacy -I../Drivers/CMSIS/Device/ST/STM32F4xx/Include -I../Drivers/CMSIS/Include -I"D:/Work-Ele/A-KEIL/BDS5_OSC/Drivers/DSP" -I"D:/Work-Ele/A-KEIL/BDS5_OSC/Drivers/DSP/Include" -O0 -ffunction-sections -fdata-sections -Wall -fstack-usage -MMD -MP -MF"Core/Src/main.d" -MT"Core/Src/main.o" --specs=nano.specs -mfpu=fpv4-sp-d16 -mfloat-abi=hard -mthumb -o "Core/Src/main.o"
arm-none-eabi-gcc -o "BDS5_OSC.elf" @"objects.list"   -mcpu=cortex-m4 -T"D:\Work-Ele\A-KEIL\BDS5_OSC\STM32F407ZGTX_FLASH.ld" --specs=nosys.specs -Wl,-Map="BDS5_OSC.map" -Wl,--gc-sections -static "D:\Work-Ele\A-KEIL\BDS5_OSC\Drivers\DSP\libarm_cortexM4lf_math.a" --specs=nano.specs -mfpu=fpv4-sp-d16 -mfloat-abi=hard -mthumb -u _printf_float -u _scanf_float -Wl,--start-group -lc -lm -Wl,--end-group
£¤???????????£¤??????????? BDS5_OSC.elf
 
arm-none-eabi-objdump -h -S  BDS5_OSC.elf  > "BDS5_OSC.list"
arm-none-eabi-objcopy  -O binary  BDS5_OSC.elf  "BDS5_OSC.bin"
arm-none-eabi-size   BDS5_OSC.elf 
   text	   data	    bss	    dec	    hex	filename
  38840	    492	   2052	  41384	   a1a8	BDS5_OSC.elf
£¤???????????£¤????? default.size.stdout
 
£¤???????????£¤????? BDS5_OSC.bin
 
£¤???????????£¤????? BDS5_OSC.list
 
03:27:56 **** Incremental Build of configuration Debug for project BDS5_OSC ****
make -j8 all 
arm-none-eabi-gcc "../Core/Src/main.c" -mcpu=cortex-m4 -std=gnu11 -g3 -DDEBUG -DUSE_HAL_DRIVER -DSTM32F407xx -DARM_MATH_CM4 -D__TARGET_FPU_VFP -c -I../Core/Inc -I../Drivers/STM32F4xx_HAL_Driver/Inc -I../Drivers/STM32F4xx_HAL_Driver/Inc/Legacy -I../Drivers/CMSIS/Device/ST/STM32F4xx/Include -I../Drivers/CMSIS/Include -I"D:/Work-Ele/A-KEIL/BDS5_OSC/Drivers/DSP" -I"D:/Work-Ele/A-KEIL/BDS5_OSC/Drivers/DSP/Include" -O0 -ffunction-sections -fdata-sections -Wall -fstack-usage -MMD -MP -MF"Core/Src/main.d" -MT"Core/Src/main.o" --specs=nano.specs -mfpu=fpv4-sp-d16 -mfloat-abi=hard -mthumb -o "Core/Src/main.o"
../Core/Src/main.c: In function 'main':
../Core/Src/main.c:141:9: warning: suggest parentheses around assignment used as truth value [-Wparentheses]
  141 |      if(i=0){
      |         ^
arm-none-eabi-gcc -o "BDS5_OSC.elf" @"objects.list"   -mcpu=cortex-m4 -T"D:\Work-Ele\A-KEIL\BDS5_OSC\STM32F407ZGTX_FLASH.ld" --specs=nosys.specs -Wl,-Map="BDS5_OSC.map" -Wl,--gc-sections -static "D:\Work-Ele\A-KEIL\BDS5_OSC\Drivers\DSP\libarm_cortexM4lf_math.a" --specs=nano.specs -mfpu=fpv4-sp-d16 -mfloat-abi=hard -mthumb -u _printf_float -u _scanf_float -Wl,--start-group -lc -lm -Wl,--end-group
£¤???????????£¤??????????? BDS5_OSC.elf
 
arm-none-eabi-objdump -h -S  BDS5_OSC.elf  > "BDS5_OSC.list"
arm-none-eabi-objcopy  -O binary  BDS5_OSC.elf  "BDS5_OSC.bin"
arm-none-eabi-size   BDS5_OSC.elf 
   text	   data	    bss	    dec	    hex	filename
  38944	    492	   2052	  41488	   a210	BDS5_OSC.elf
£¤???????????£¤????? default.size.stdout
 
£¤???????????£¤????? BDS5_OSC.bin
 
£¤???????????£¤????? BDS5_OSC.list
 
03:28:38 **** Incremental Build of configuration Debug for project BDS5_OSC ****
make -j8 all 
arm-none-eabi-gcc "../Core/Src/main.c" -mcpu=cortex-m4 -std=gnu11 -g3 -DDEBUG -DUSE_HAL_DRIVER -DSTM32F407xx -DARM_MATH_CM4 -D__TARGET_FPU_VFP -c -I../Core/Inc -I../Drivers/STM32F4xx_HAL_Driver/Inc -I../Drivers/STM32F4xx_HAL_Driver/Inc/Legacy -I../Drivers/CMSIS/Device/ST/STM32F4xx/Include -I../Drivers/CMSIS/Include -I"D:/Work-Ele/A-KEIL/BDS5_OSC/Drivers/DSP" -I"D:/Work-Ele/A-KEIL/BDS5_OSC/Drivers/DSP/Include" -O0 -ffunction-sections -fdata-sections -Wall -fstack-usage -MMD -MP -MF"Core/Src/main.d" -MT"Core/Src/main.o" --specs=nano.specs -mfpu=fpv4-sp-d16 -mfloat-abi=hard -mthumb -o "Core/Src/main.o"
arm-none-eabi-gcc -o "BDS5_OSC.elf" @"objects.list"   -mcpu=cortex-m4 -T"D:\Work-Ele\A-KEIL\BDS5_OSC\STM32F407ZGTX_FLASH.ld" --specs=nosys.specs -Wl,-Map="BDS5_OSC.map" -Wl,--gc-sections -static "D:\Work-Ele\A-KEIL\BDS5_OSC\Drivers\DSP\libarm_cortexM4lf_math.a" --specs=nano.specs -mfpu=fpv4-sp-d16 -mfloat-abi=hard -mthumb -u _printf_float -u _scanf_float -Wl,--start-group -lc -lm -Wl,--end-group
£¤???????????£¤??????????? BDS5_OSC.elf
 
arm-none-eabi-objdump -h -S  BDS5_OSC.elf  > "BDS5_OSC.list"
arm-none-eabi-objcopy  -O binary  BDS5_OSC.elf  "BDS5_OSC.bin"
arm-none-eabi-size   BDS5_OSC.elf 
   text	   data	    bss	    dec	    hex	filename
  38944	    492	   2052	  41488	   a210	BDS5_OSC.elf
£¤???????????£¤????? default.size.stdout
 
£¤???????????£¤????? BDS5_OSC.bin
 
£¤???????????£¤????? BDS5_OSC.list
 
03:30:12 **** Incremental Build of configuration Debug for project BDS5_OSC ****
make -j8 all 
arm-none-eabi-gcc "../Core/Src/main.c" -mcpu=cortex-m4 -std=gnu11 -g3 -DDEBUG -DUSE_HAL_DRIVER -DSTM32F407xx -DARM_MATH_CM4 -D__TARGET_FPU_VFP -c -I../Core/Inc -I../Drivers/STM32F4xx_HAL_Driver/Inc -I../Drivers/STM32F4xx_HAL_Driver/Inc/Legacy -I../Drivers/CMSIS/Device/ST/STM32F4xx/Include -I../Drivers/CMSIS/Include -I"D:/Work-Ele/A-KEIL/BDS5_OSC/Drivers/DSP" -I"D:/Work-Ele/A-KEIL/BDS5_OSC/Drivers/DSP/Include" -O0 -ffunction-sections -fdata-sections -Wall -fstack-usage -MMD -MP -MF"Core/Src/main.d" -MT"Core/Src/main.o" --specs=nano.specs -mfpu=fpv4-sp-d16 -mfloat-abi=hard -mthumb -o "Core/Src/main.o"
arm-none-eabi-gcc -o "BDS5_OSC.elf" @"objects.list"   -mcpu=cortex-m4 -T"D:\Work-Ele\A-KEIL\BDS5_OSC\STM32F407ZGTX_FLASH.ld" --specs=nosys.specs -Wl,-Map="BDS5_OSC.map" -Wl,--gc-sections -static "D:\Work-Ele\A-KEIL\BDS5_OSC\Drivers\DSP\libarm_cortexM4lf_math.a" --specs=nano.specs -mfpu=fpv4-sp-d16 -mfloat-abi=hard -mthumb -u _printf_float -u _scanf_float -Wl,--start-group -lc -lm -Wl,--end-group
£¤???????????£¤??????????? BDS5_OSC.elf
 
arm-none-eabi-objdump -h -S  BDS5_OSC.elf  > "BDS5_OSC.list"
arm-none-eabi-objcopy  -O binary  BDS5_OSC.elf  "BDS5_OSC.bin"
arm-none-eabi-size   BDS5_OSC.elf 
   text	   data	    bss	    dec	    hex	filename
  38944	    492	   2052	  41488	   a210	BDS5_OSC.elf
£¤???????????£¤????? default.size.stdout
 
£¤???????????£¤????? BDS5_OSC.bin
 
£¤???????????£¤????? BDS5_OSC.list
 
04:14:34 **** Incremental Build of configuration Debug for project BDS5_OSC ****
make -j8 all 
arm-none-eabi-size   BDS5_OSC.elf 
   text	   data	    bss	    dec	    hex	filename
  38944	    492	   2052	  41488	   a210	BDS5_OSC.elf
£¤???????????£¤????? default.size.stdout
 
