21:59:02 **** Incremental Build of configuration Debug for project BDS8_TP ****
make -j8 all 
arm-none-eabi-size   BDS8_TP.elf 
   text	   data	    bss	    dec	    hex	filename
  60220	    492	   2672	  63384	   f798	BDS8_TP.elf
гд???????????гд????? default.size.stdout
 
21:59:07 **** Incremental Build of configuration Debug for project BDS8_TP ****
make -j8 all 
arm-none-eabi-size   BDS8_TP.elf 
   text	   data	    bss	    dec	    hex	filename
  60220	    492	   2672	  63384	   f798	BDS8_TP.elf
гд???????????гд????? default.size.stdout
 
21:59:44 **** Incremental Build of configuration Debug for project BDS8_TP ****
make -j8 all 
arm-none-eabi-size   BDS8_TP.elf 
   text	   data	    bss	    dec	    hex	filename
  60220	    492	   2672	  63384	   f798	BDS8_TP.elf
гд???????????гд????? default.size.stdout
 
22:12:49 **** Incremental Build of configuration Debug for project BDS8_TP ****
make -j8 all 
arm-none-eabi-size   BDS8_TP.elf 
   text	   data	    bss	    dec	    hex	filename
  60220	    492	   2672	  63384	   f798	BDS8_TP.elf
гд???????????гд????? default.size.stdout
 
