19:35:57 **** Incremental Build of configuration Debug for project BDS5_OSC ****
make -j8 all 
arm-none-eabi-gcc "../Core/Src/stm32f4xx_it.c" -mcpu=cortex-m4 -std=gnu11 -g3 -DDEBUG -DUSE_HAL_DRIVER -DSTM32F407xx -DARM_MATH_CM4 -D__TARGET_FPU_VFP -c -I../Core/Inc -I../Drivers/STM32F4xx_HAL_Driver/Inc -I../Drivers/STM32F4xx_HAL_Driver/Inc/Legacy -I../Drivers/CMSIS/Device/ST/STM32F4xx/Include -I../Drivers/CMSIS/Include -I../Drivers/DSP -I../Drivers/DSP/Include -I../Drivers/ADS8688/Inc -I../Drivers/TFT_Driver/Inc -I../Drivers/LCDandTOUCH/Inc -O0 -ffunction-sections -fdata-sections -Wall -fstack-usage -MMD -MP -MF"Core/Src/stm32f4xx_it.d" -MT"Core/Src/stm32f4xx_it.o" --specs=nano.specs -mfpu=fpv4-sp-d16 -mfloat-abi=hard -mthumb -o "Core/Src/stm32f4xx_it.o"
../Core/Src/stm32f4xx_it.c: In function 'TIM2_IRQHandler':
../Core/Src/stm32f4xx_it.c:347:12: warning: pointer targets in passing argument 1 of 'strcat' differ in signedness [-Wpointer-sign]
  347 |     strcat(CH0_num,CH1_num);
      |            ^~~~~~~
      |            |
      |            uint8_t * {aka unsigned char *}
In file included from ../Core/Src/stm32f4xx_it.c:30:
d:\app\st\stm32cubeide_1.6.1\stm32cubeide\plugins\com.st.stm32cube.ide.mcu.externaltools.gnu-tools-for-stm32.9-2020-q2-update.win32_1.5.0.202011040924\tools\arm-none-eabi\include\string.h:34:8: note: expected 'char * restrict' but argument is of type 'uint8_t *' {aka 'unsigned char *'}
   34 | char  *strcat (char *__restrict, const char *__restrict);
      |        ^~~~~~
../Core/Src/stm32f4xx_it.c:347:20: warning: pointer targets in passing argument 2 of 'strcat' differ in signedness [-Wpointer-sign]
  347 |     strcat(CH0_num,CH1_num);
      |                    ^~~~~~~
      |                    |
      |                    uint8_t * {aka unsigned char *}
In file included from ../Core/Src/stm32f4xx_it.c:30:
d:\app\st\stm32cubeide_1.6.1\stm32cubeide\plugins\com.st.stm32cube.ide.mcu.externaltools.gnu-tools-for-stm32.9-2020-q2-update.win32_1.5.0.202011040924\tools\arm-none-eabi\include\string.h:34:8: note: expected 'const char * restrict' but argument is of type 'uint8_t *' {aka 'unsigned char *'}
   34 | char  *strcat (char *__restrict, const char *__restrict);
      |        ^~~~~~
arm-none-eabi-gcc -o "BDS5_OSC.elf" @"objects.list"   -mcpu=cortex-m4 -T"D:\Work-Ele\A-KEIL\BDS5_OSC\STM32F407ZGTX_FLASH.ld" --specs=nosys.specs -Wl,-Map="BDS5_OSC.map" -Wl,--gc-sections -static "D:\Work-Ele\A-KEIL\BDS5_OSC\Drivers\DSP\libarm_cortexM4lf_math.a" --specs=nano.specs -mfpu=fpv4-sp-d16 -mfloat-abi=hard -mthumb -u _printf_float -u _scanf_float -Wl,--start-group -lc -lm -Wl,--end-group
гд???????????гд??????????? BDS5_OSC.elf
 
arm-none-eabi-objdump -h -S  BDS5_OSC.elf  > "BDS5_OSC.list"
arm-none-eabi-objcopy  -O binary  BDS5_OSC.elf  "BDS5_OSC.bin"
arm-none-eabi-size   BDS5_OSC.elf 
   text	   data	    bss	    dec	    hex	filename
  86820	   1796	   3932	  92548	  16984	BDS5_OSC.elf
гд???????????гд????? default.size.stdout
 
гд???????????гд????? BDS5_OSC.bin
 
гд???????????гд????? BDS5_OSC.list
 
19:36:49 **** Incremental Build of configuration Debug for project BDS5_OSC ****
make -j8 all 
arm-none-eabi-size   BDS5_OSC.elf 
   text	   data	    bss	    dec	    hex	filename
  86820	   1796	   3932	  92548	  16984	BDS5_OSC.elf
гд???????????гд????? default.size.stdout
 
19:39:26 **** Incremental Build of configuration Debug for project BDS5_OSC ****
make -j8 all 
arm-none-eabi-gcc "../Core/Src/main.c" -mcpu=cortex-m4 -std=gnu11 -g3 -DDEBUG -DUSE_HAL_DRIVER -DSTM32F407xx -DARM_MATH_CM4 -D__TARGET_FPU_VFP -c -I../Core/Inc -I../Drivers/STM32F4xx_HAL_Driver/Inc -I../Drivers/STM32F4xx_HAL_Driver/Inc/Legacy -I../Drivers/CMSIS/Device/ST/STM32F4xx/Include -I../Drivers/CMSIS/Include -I../Drivers/DSP -I../Drivers/DSP/Include -I../Drivers/ADS8688/Inc -I../Drivers/TFT_Driver/Inc -I../Drivers/LCDandTOUCH/Inc -O0 -ffunction-sections -fdata-sections -Wall -fstack-usage -MMD -MP -MF"Core/Src/main.d" -MT"Core/Src/main.o" --specs=nano.specs -mfpu=fpv4-sp-d16 -mfloat-abi=hard -mthumb -o "Core/Src/main.o"
arm-none-eabi-gcc -o "BDS5_OSC.elf" @"objects.list"   -mcpu=cortex-m4 -T"D:\Work-Ele\A-KEIL\BDS5_OSC\STM32F407ZGTX_FLASH.ld" --specs=nosys.specs -Wl,-Map="BDS5_OSC.map" -Wl,--gc-sections -static "D:\Work-Ele\A-KEIL\BDS5_OSC\Drivers\DSP\libarm_cortexM4lf_math.a" --specs=nano.specs -mfpu=fpv4-sp-d16 -mfloat-abi=hard -mthumb -u _printf_float -u _scanf_float -Wl,--start-group -lc -lm -Wl,--end-group
гд???????????гд??????????? BDS5_OSC.elf
 
arm-none-eabi-objdump -h -S  BDS5_OSC.elf  > "BDS5_OSC.list"
arm-none-eabi-objcopy  -O binary  BDS5_OSC.elf  "BDS5_OSC.bin"
arm-none-eabi-size   BDS5_OSC.elf 
   text	   data	    bss	    dec	    hex	filename
  86820	   1796	   3932	  92548	  16984	BDS5_OSC.elf
гд???????????гд????? default.size.stdout
 
гд???????????гд????? BDS5_OSC.bin
 
гд???????????гд????? BDS5_OSC.list
 
19:51:08 **** Incremental Build of configuration Debug for project BDS5_OSC ****
make -j8 all 
arm-none-eabi-gcc "../Core/Src/main.c" -mcpu=cortex-m4 -std=gnu11 -g3 -DDEBUG -DUSE_HAL_DRIVER -DSTM32F407xx -DARM_MATH_CM4 -D__TARGET_FPU_VFP -c -I../Core/Inc -I../Drivers/STM32F4xx_HAL_Driver/Inc -I../Drivers/STM32F4xx_HAL_Driver/Inc/Legacy -I../Drivers/CMSIS/Device/ST/STM32F4xx/Include -I../Drivers/CMSIS/Include -I../Drivers/DSP -I../Drivers/DSP/Include -I../Drivers/ADS8688/Inc -I../Drivers/TFT_Driver/Inc -I../Drivers/LCDandTOUCH/Inc -O0 -ffunction-sections -fdata-sections -Wall -fstack-usage -MMD -MP -MF"Core/Src/main.d" -MT"Core/Src/main.o" --specs=nano.specs -mfpu=fpv4-sp-d16 -mfloat-abi=hard -mthumb -o "Core/Src/main.o"
arm-none-eabi-gcc "../Core/Src/stm32f4xx_it.c" -mcpu=cortex-m4 -std=gnu11 -g3 -DDEBUG -DUSE_HAL_DRIVER -DSTM32F407xx -DARM_MATH_CM4 -D__TARGET_FPU_VFP -c -I../Core/Inc -I../Drivers/STM32F4xx_HAL_Driver/Inc -I../Drivers/STM32F4xx_HAL_Driver/Inc/Legacy -I../Drivers/CMSIS/Device/ST/STM32F4xx/Include -I../Drivers/CMSIS/Include -I../Drivers/DSP -I../Drivers/DSP/Include -I../Drivers/ADS8688/Inc -I../Drivers/TFT_Driver/Inc -I../Drivers/LCDandTOUCH/Inc -O0 -ffunction-sections -fdata-sections -Wall -fstack-usage -MMD -MP -MF"Core/Src/stm32f4xx_it.d" -MT"Core/Src/stm32f4xx_it.o" --specs=nano.specs -mfpu=fpv4-sp-d16 -mfloat-abi=hard -mthumb -o "Core/Src/stm32f4xx_it.o"
../Core/Src/stm32f4xx_it.c: In function 'TIM2_IRQHandler':
../Core/Src/stm32f4xx_it.c:347:19: warning: passing argument 1 of 'memcpy' makes pointer from integer without a cast [-Wint-conversion]
  347 |     memcpy(CH0_num[415],CH1_num[0],414*sizeof(uint8_t));
      |            ~~~~~~~^~~~~
      |                   |
      |                   uint8_t {aka unsigned char}
In file included from ../Core/Src/stm32f4xx_it.c:30:
d:\app\st\stm32cubeide_1.6.1\stm32cubeide\plugins\com.st.stm32cube.ide.mcu.externaltools.gnu-tools-for-stm32.9-2020-q2-update.win32_1.5.0.202011040924\tools\arm-none-eabi\include\string.h:31:9: note: expected 'void * restrict' but argument is of type 'uint8_t' {aka 'unsigned char'}
   31 | void *  memcpy (void *__restrict, const void *__restrict, size_t);
      |         ^~~~~~
../Core/Src/stm32f4xx_it.c:347:32: warning: passing argument 2 of 'memcpy' makes pointer from integer without a cast [-Wint-conversion]
  347 |     memcpy(CH0_num[415],CH1_num[0],414*sizeof(uint8_t));
      |                         ~~~~~~~^~~
      |                                |
      |                                uint8_t {aka unsigned char}
In file included from ../Core/Src/stm32f4xx_it.c:30:
d:\app\st\stm32cubeide_1.6.1\stm32cubeide\plugins\com.st.stm32cube.ide.mcu.externaltools.gnu-tools-for-stm32.9-2020-q2-update.win32_1.5.0.202011040924\tools\arm-none-eabi\include\string.h:31:9: note: expected 'const void * restrict' but argument is of type 'uint8_t' {aka 'unsigned char'}
   31 | void *  memcpy (void *__restrict, const void *__restrict, size_t);
      |         ^~~~~~
arm-none-eabi-gcc -o "BDS5_OSC.elf" @"objects.list"   -mcpu=cortex-m4 -T"D:\Work-Ele\A-KEIL\BDS5_OSC\STM32F407ZGTX_FLASH.ld" --specs=nosys.specs -Wl,-Map="BDS5_OSC.map" -Wl,--gc-sections -static "D:\Work-Ele\A-KEIL\BDS5_OSC\Drivers\DSP\libarm_cortexM4lf_math.a" --specs=nano.specs -mfpu=fpv4-sp-d16 -mfloat-abi=hard -mthumb -u _printf_float -u _scanf_float -Wl,--start-group -lc -lm -Wl,--end-group
гд???????????гд??????????? BDS5_OSC.elf
 
arm-none-eabi-objdump -h -S  BDS5_OSC.elf  > "BDS5_OSC.list"
arm-none-eabi-objcopy  -O binary  BDS5_OSC.elf  "BDS5_OSC.bin"
arm-none-eabi-size   BDS5_OSC.elf 
   text	   data	    bss	    dec	    hex	filename
  86804	   1796	   3932	  92532	  16974	BDS5_OSC.elf
гд???????????гд????? default.size.stdout
 
гд???????????гд????? BDS5_OSC.bin
 
гд???????????гд????? BDS5_OSC.list
 
19:51:29 **** Incremental Build of configuration Debug for project BDS5_OSC ****
make -j8 all 
arm-none-eabi-size   BDS5_OSC.elf 
   text	   data	    bss	    dec	    hex	filename
  86804	   1796	   3932	  92532	  16974	BDS5_OSC.elf
гд???????????гд????? default.size.stdout
 
19:51:57 **** Incremental Build of configuration Debug for project BDS5_OSC ****
make -j8 all 
arm-none-eabi-size   BDS5_OSC.elf 
   text	   data	    bss	    dec	    hex	filename
  86804	   1796	   3932	  92532	  16974	BDS5_OSC.elf
гд???????????гд????? default.size.stdout
 
19:56:11 **** Incremental Build of configuration Debug for project BDS5_OSC ****
make -j8 all 
arm-none-eabi-gcc "../Core/Src/stm32f4xx_it.c" -mcpu=cortex-m4 -std=gnu11 -g3 -DDEBUG -DUSE_HAL_DRIVER -DSTM32F407xx -DARM_MATH_CM4 -D__TARGET_FPU_VFP -c -I../Core/Inc -I../Drivers/STM32F4xx_HAL_Driver/Inc -I../Drivers/STM32F4xx_HAL_Driver/Inc/Legacy -I../Drivers/CMSIS/Device/ST/STM32F4xx/Include -I../Drivers/CMSIS/Include -I../Drivers/DSP -I../Drivers/DSP/Include -I../Drivers/ADS8688/Inc -I../Drivers/TFT_Driver/Inc -I../Drivers/LCDandTOUCH/Inc -O0 -ffunction-sections -fdata-sections -Wall -fstack-usage -MMD -MP -MF"Core/Src/stm32f4xx_it.d" -MT"Core/Src/stm32f4xx_it.o" --specs=nano.specs -mfpu=fpv4-sp-d16 -mfloat-abi=hard -mthumb -o "Core/Src/stm32f4xx_it.o"
../Core/Src/stm32f4xx_it.c: In function 'TIM2_IRQHandler':
../Core/Src/stm32f4xx_it.c:347:19: warning: passing argument 1 of 'memcpy' makes pointer from integer without a cast [-Wint-conversion]
  347 |     memcpy(CH0_num[415],CH1_num[0],sizeof(CH1_num));
      |            ~~~~~~~^~~~~
      |                   |
      |                   uint8_t {aka unsigned char}
In file included from ../Core/Src/stm32f4xx_it.c:30:
d:\app\st\stm32cubeide_1.6.1\stm32cubeide\plugins\com.st.stm32cube.ide.mcu.externaltools.gnu-tools-for-stm32.9-2020-q2-update.win32_1.5.0.202011040924\tools\arm-none-eabi\include\string.h:31:9: note: expected 'void * restrict' but argument is of type 'uint8_t' {aka 'unsigned char'}
   31 | void *  memcpy (void *__restrict, const void *__restrict, size_t);
      |         ^~~~~~
../Core/Src/stm32f4xx_it.c:347:32: warning: passing argument 2 of 'memcpy' makes pointer from integer without a cast [-Wint-conversion]
  347 |     memcpy(CH0_num[415],CH1_num[0],sizeof(CH1_num));
      |                         ~~~~~~~^~~
      |                                |
      |                                uint8_t {aka unsigned char}
In file included from ../Core/Src/stm32f4xx_it.c:30:
d:\app\st\stm32cubeide_1.6.1\stm32cubeide\plugins\com.st.stm32cube.ide.mcu.externaltools.gnu-tools-for-stm32.9-2020-q2-update.win32_1.5.0.202011040924\tools\arm-none-eabi\include\string.h:31:9: note: expected 'const void * restrict' but argument is of type 'uint8_t' {aka 'unsigned char'}
   31 | void *  memcpy (void *__restrict, const void *__restrict, size_t);
      |         ^~~~~~
arm-none-eabi-gcc -o "BDS5_OSC.elf" @"objects.list"   -mcpu=cortex-m4 -T"D:\Work-Ele\A-KEIL\BDS5_OSC\STM32F407ZGTX_FLASH.ld" --specs=nosys.specs -Wl,-Map="BDS5_OSC.map" -Wl,--gc-sections -static "D:\Work-Ele\A-KEIL\BDS5_OSC\Drivers\DSP\libarm_cortexM4lf_math.a" --specs=nano.specs -mfpu=fpv4-sp-d16 -mfloat-abi=hard -mthumb -u _printf_float -u _scanf_float -Wl,--start-group -lc -lm -Wl,--end-group
гд???????????гд??????????? BDS5_OSC.elf
 
arm-none-eabi-objdump -h -S  BDS5_OSC.elf  > "BDS5_OSC.list"
arm-none-eabi-objcopy  -O binary  BDS5_OSC.elf  "BDS5_OSC.bin"
arm-none-eabi-size   BDS5_OSC.elf 
   text	   data	    bss	    dec	    hex	filename
  86804	   1796	   3932	  92532	  16974	BDS5_OSC.elf
гд???????????гд????? default.size.stdout
 
гд???????????гд????? BDS5_OSC.bin
 
гд???????????гд????? BDS5_OSC.list
 
19:58:50 **** Incremental Build of configuration Debug for project BDS5_OSC ****
make -j8 all 
arm-none-eabi-gcc "../Core/Src/stm32f4xx_it.c" -mcpu=cortex-m4 -std=gnu11 -g3 -DDEBUG -DUSE_HAL_DRIVER -DSTM32F407xx -DARM_MATH_CM4 -D__TARGET_FPU_VFP -c -I../Core/Inc -I../Drivers/STM32F4xx_HAL_Driver/Inc -I../Drivers/STM32F4xx_HAL_Driver/Inc/Legacy -I../Drivers/CMSIS/Device/ST/STM32F4xx/Include -I../Drivers/CMSIS/Include -I../Drivers/DSP -I../Drivers/DSP/Include -I../Drivers/ADS8688/Inc -I../Drivers/TFT_Driver/Inc -I../Drivers/LCDandTOUCH/Inc -O0 -ffunction-sections -fdata-sections -Wall -fstack-usage -MMD -MP -MF"Core/Src/stm32f4xx_it.d" -MT"Core/Src/stm32f4xx_it.o" --specs=nano.specs -mfpu=fpv4-sp-d16 -mfloat-abi=hard -mthumb -o "Core/Src/stm32f4xx_it.o"
arm-none-eabi-gcc -o "BDS5_OSC.elf" @"objects.list"   -mcpu=cortex-m4 -T"D:\Work-Ele\A-KEIL\BDS5_OSC\STM32F407ZGTX_FLASH.ld" --specs=nosys.specs -Wl,-Map="BDS5_OSC.map" -Wl,--gc-sections -static "D:\Work-Ele\A-KEIL\BDS5_OSC\Drivers\DSP\libarm_cortexM4lf_math.a" --specs=nano.specs -mfpu=fpv4-sp-d16 -mfloat-abi=hard -mthumb -u _printf_float -u _scanf_float -Wl,--start-group -lc -lm -Wl,--end-group
гд???????????гд??????????? BDS5_OSC.elf
 
arm-none-eabi-objdump -h -S  BDS5_OSC.elf  > "BDS5_OSC.list"
arm-none-eabi-objcopy  -O binary  BDS5_OSC.elf  "BDS5_OSC.bin"
arm-none-eabi-size   BDS5_OSC.elf 
   text	   data	    bss	    dec	    hex	filename
  86804	   1796	   3932	  92532	  16974	BDS5_OSC.elf
гд???????????гд????? default.size.stdout
 
гд???????????гд????? BDS5_OSC.bin
 
гд???????????гд????? BDS5_OSC.list
 
20:06:18 **** Incremental Build of configuration Debug for project BDS5_OSC ****
make -j8 all 
arm-none-eabi-size   BDS5_OSC.elf 
   text	   data	    bss	    dec	    hex	filename
  86804	   1796	   3932	  92532	  16974	BDS5_OSC.elf
гд???????????гд????? default.size.stdout
 
